../Drivers/STM32H7xx_HAL_Driver/Src/stm32h7xx_hal_dma.c:216:19:HAL_DMA_Init	32	static
../Drivers/STM32H7xx_HAL_Driver/Src/stm32h7xx_hal_dma.c:465:19:HAL_DMA_DeInit	24	static
../Drivers/STM32H7xx_HAL_Driver/Src/stm32h7xx_hal_dma.c:622:19:HAL_DMA_Start	32	static
../Drivers/STM32H7xx_HAL_Driver/Src/stm32h7xx_hal_dma.c:678:19:HAL_DMA_Start_IT	32	static
../Drivers/STM32H7xx_HAL_Driver/Src/stm32h7xx_hal_dma.c:778:19:HAL_DMA_Abort	32	static
../Drivers/STM32H7xx_HAL_Driver/Src/stm32h7xx_hal_dma.c:894:19:HAL_DMA_Abort_IT	24	static
../Drivers/STM32H7xx_HAL_Driver/Src/stm32h7xx_hal_dma.c:978:19:HAL_DMA_PollForTransfer	48	static
../Drivers/STM32H7xx_HAL_Driver/Src/stm32h7xx_hal_dma.c:1205:6:HAL_DMA_IRQHandler	48	static
../Drivers/STM32H7xx_HAL_Driver/Src/stm32h7xx_hal_dma.c:1575:19:HAL_DMA_RegisterCallback	32	static
../Drivers/STM32H7xx_HAL_Driver/Src/stm32h7xx_hal_dma.c:1642:19:HAL_DMA_UnRegisterCallback	24	static
../Drivers/STM32H7xx_HAL_Driver/Src/stm32h7xx_hal_dma.c:1733:22:HAL_DMA_GetState	16	static
../Drivers/STM32H7xx_HAL_Driver/Src/stm32h7xx_hal_dma.c:1744:10:HAL_DMA_GetError	16	static
../Drivers/STM32H7xx_HAL_Driver/Src/stm32h7xx_hal_dma.c:1770:13:DMA_SetConfig	32	static
../Drivers/STM32H7xx_HAL_Driver/Src/stm32h7xx_hal_dma.c:1857:17:DMA_CalcBaseAndBitshift	24	static
../Drivers/STM32H7xx_HAL_Driver/Src/stm32h7xx_hal_dma.c:1893:26:DMA_CheckFifoParam	24	static
../Drivers/STM32H7xx_HAL_Driver/Src/stm32h7xx_hal_dma.c:1987:13:DMA_CalcDMAMUXChannelBaseAndMask	24	static
../Drivers/STM32H7xx_HAL_Driver/Src/stm32h7xx_hal_dma.c:2022:13:DMA_CalcDMAMUXRequestGenBaseAndMask	24	static
