main.c:96:5:main	8	static
main.c:182:6:SystemClock_Config	120	static
main.c:239:13:MX_FDCAN1_Init	8	static
main.c:292:13:MX_FDCAN3_Init	8	static
main.c:345:13:MX_OCTOSPI1_Init	48	static
main.c:408:13:MX_RTC_Init	8	static
main.c:443:13:MX_SDMMC1_SD_Init	4	static
main.c:471:13:MX_TIM2_Init	40	static
main.c:516:13:MX_USART1_UART_Init	8	static
main.c:564:13:MX_GPIO_Init	56	static
main.c:620:6:StartDefaultTask	16	static
main.c:642:6:HAL_TIM_PeriodElapsedCallback	16	static
main.c:659:6:Error_Handler	8	static,ignoring_inline_asm
