Archive member included to satisfy reference by file (symbol)

c:/st/stm32cubeide_1.6.1/stm32cubeide/plugins/com.st.stm32cube.ide.mcu.externaltools.gnu-tools-for-stm32.9-2020-q2-update.win32_1.5.0.202011040924/tools/bin/../lib/gcc/arm-none-eabi/9.3.1/../../../../arm-none-eabi/lib/thumb/v7e-m+dp/hard\libc_nano.a(lib_a-errno.o)
                              Src/syscalls.o (__errno)
c:/st/stm32cubeide_1.6.1/stm32cubeide/plugins/com.st.stm32cube.ide.mcu.externaltools.gnu-tools-for-stm32.9-2020-q2-update.win32_1.5.0.202011040924/tools/bin/../lib/gcc/arm-none-eabi/9.3.1/../../../../arm-none-eabi/lib/thumb/v7e-m+dp/hard\libc_nano.a(lib_a-exit.o)
                              c:/st/stm32cubeide_1.6.1/stm32cubeide/plugins/com.st.stm32cube.ide.mcu.externaltools.gnu-tools-for-stm32.9-2020-q2-update.win32_1.5.0.202011040924/tools/bin/../lib/gcc/arm-none-eabi/9.3.1/../../../../arm-none-eabi/lib/thumb/v7e-m+dp/hard/crt0.o (exit)
c:/st/stm32cubeide_1.6.1/stm32cubeide/plugins/com.st.stm32cube.ide.mcu.externaltools.gnu-tools-for-stm32.9-2020-q2-update.win32_1.5.0.202011040924/tools/bin/../lib/gcc/arm-none-eabi/9.3.1/../../../../arm-none-eabi/lib/thumb/v7e-m+dp/hard\libc_nano.a(lib_a-impure.o)
                              c:/st/stm32cubeide_1.6.1/stm32cubeide/plugins/com.st.stm32cube.ide.mcu.externaltools.gnu-tools-for-stm32.9-2020-q2-update.win32_1.5.0.202011040924/tools/bin/../lib/gcc/arm-none-eabi/9.3.1/../../../../arm-none-eabi/lib/thumb/v7e-m+dp/hard\libc_nano.a(lib_a-exit.o) (_global_impure_ptr)
c:/st/stm32cubeide_1.6.1/stm32cubeide/plugins/com.st.stm32cube.ide.mcu.externaltools.gnu-tools-for-stm32.9-2020-q2-update.win32_1.5.0.202011040924/tools/bin/../lib/gcc/arm-none-eabi/9.3.1/../../../../arm-none-eabi/lib/thumb/v7e-m+dp/hard\libc_nano.a(lib_a-init.o)
                              c:/st/stm32cubeide_1.6.1/stm32cubeide/plugins/com.st.stm32cube.ide.mcu.externaltools.gnu-tools-for-stm32.9-2020-q2-update.win32_1.5.0.202011040924/tools/bin/../lib/gcc/arm-none-eabi/9.3.1/../../../../arm-none-eabi/lib/thumb/v7e-m+dp/hard/crt0.o (__libc_init_array)
c:/st/stm32cubeide_1.6.1/stm32cubeide/plugins/com.st.stm32cube.ide.mcu.externaltools.gnu-tools-for-stm32.9-2020-q2-update.win32_1.5.0.202011040924/tools/bin/../lib/gcc/arm-none-eabi/9.3.1/../../../../arm-none-eabi/lib/thumb/v7e-m+dp/hard\libc_nano.a(lib_a-malloc.o)
                              Middlewares/ST/STM32_USB_Device_Library/Class/CDC/Src/usbd_cdc.o (malloc)
c:/st/stm32cubeide_1.6.1/stm32cubeide/plugins/com.st.stm32cube.ide.mcu.externaltools.gnu-tools-for-stm32.9-2020-q2-update.win32_1.5.0.202011040924/tools/bin/../lib/gcc/arm-none-eabi/9.3.1/../../../../arm-none-eabi/lib/thumb/v7e-m+dp/hard\libc_nano.a(lib_a-memcpy-stub.o)
                              Drivers/STM32H7xx_HAL_Driver/Src/stm32h7xx_hal_fdcan.o (memcpy)
c:/st/stm32cubeide_1.6.1/stm32cubeide/plugins/com.st.stm32cube.ide.mcu.externaltools.gnu-tools-for-stm32.9-2020-q2-update.win32_1.5.0.202011040924/tools/bin/../lib/gcc/arm-none-eabi/9.3.1/../../../../arm-none-eabi/lib/thumb/v7e-m+dp/hard\libc_nano.a(lib_a-memset.o)
                              c:/st/stm32cubeide_1.6.1/stm32cubeide/plugins/com.st.stm32cube.ide.mcu.externaltools.gnu-tools-for-stm32.9-2020-q2-update.win32_1.5.0.202011040924/tools/bin/../lib/gcc/arm-none-eabi/9.3.1/../../../../arm-none-eabi/lib/thumb/v7e-m+dp/hard/crt0.o (memset)
c:/st/stm32cubeide_1.6.1/stm32cubeide/plugins/com.st.stm32cube.ide.mcu.externaltools.gnu-tools-for-stm32.9-2020-q2-update.win32_1.5.0.202011040924/tools/bin/../lib/gcc/arm-none-eabi/9.3.1/../../../../arm-none-eabi/lib/thumb/v7e-m+dp/hard\libc_nano.a(lib_a-nano-freer.o)
                              c:/st/stm32cubeide_1.6.1/stm32cubeide/plugins/com.st.stm32cube.ide.mcu.externaltools.gnu-tools-for-stm32.9-2020-q2-update.win32_1.5.0.202011040924/tools/bin/../lib/gcc/arm-none-eabi/9.3.1/../../../../arm-none-eabi/lib/thumb/v7e-m+dp/hard\libc_nano.a(lib_a-malloc.o) (_free_r)
c:/st/stm32cubeide_1.6.1/stm32cubeide/plugins/com.st.stm32cube.ide.mcu.externaltools.gnu-tools-for-stm32.9-2020-q2-update.win32_1.5.0.202011040924/tools/bin/../lib/gcc/arm-none-eabi/9.3.1/../../../../arm-none-eabi/lib/thumb/v7e-m+dp/hard\libc_nano.a(lib_a-nano-mallocr.o)
                              c:/st/stm32cubeide_1.6.1/stm32cubeide/plugins/com.st.stm32cube.ide.mcu.externaltools.gnu-tools-for-stm32.9-2020-q2-update.win32_1.5.0.202011040924/tools/bin/../lib/gcc/arm-none-eabi/9.3.1/../../../../arm-none-eabi/lib/thumb/v7e-m+dp/hard\libc_nano.a(lib_a-malloc.o) (_malloc_r)
c:/st/stm32cubeide_1.6.1/stm32cubeide/plugins/com.st.stm32cube.ide.mcu.externaltools.gnu-tools-for-stm32.9-2020-q2-update.win32_1.5.0.202011040924/tools/bin/../lib/gcc/arm-none-eabi/9.3.1/../../../../arm-none-eabi/lib/thumb/v7e-m+dp/hard\libc_nano.a(lib_a-printf.o)
                              Middlewares/ST/STM32_USB_Device_Library/Core/Src/usbd_core.o (printf)
[...]
Memory Configuration

Name             Origin             Length             Attributes
DTCMRAM          0x0000000020000000 0x0000000000020000 xrw
RAM_D1           0x0000000024000000 0x0000000000080000 xrw
RAM_D2           0x0000000030000000 0x0000000000048000 xrw
RAM_D3           0x0000000038000000 0x0000000000010000 xrw
ITCMRAM          0x0000000000000000 0x0000000000010000 xrw
FLASH            0x0000000008000000 0x0000000000020000 xr
*default*        0x0000000000000000 0xffffffffffffffff

Linker script and memory map

LOAD c:/st/stm32cubeide_1.6.1/stm32cubeide/plugins/com.st.stm32cube.ide.mcu.externaltools.gnu-tools-for-stm32.9-2020-q2-update.win32_1.5.0.202011040924/tools/bin/../lib/gcc/arm-none-eabi/9.3.1/thumb/v7e-m+dp/hard/crti.o
LOAD c:/st/stm32cubeide_1.6.1/stm32cubeide/plugins/com.st.stm32cube.ide.mcu.externaltools.gnu-tools-for-stm32.9-2020-q2-update.win32_1.5.0.202011040924/tools/bin/../lib/gcc/arm-none-eabi/9.3.1/thumb/v7e-m+dp/hard/crtbegin.o
LOAD c:/st/stm32cubeide_1.6.1/stm32cubeide/plugins/com.st.stm32cube.ide.mcu.externaltools.gnu-tools-for-stm32.9-2020-q2-update.win32_1.5.0.202011040924/tools/bin/../lib/gcc/arm-none-eabi/9.3.1/../../../../arm-none-eabi/lib/thumb/v7e-m+dp/hard/crt0.o
LOAD Drivers/STM32H7xx_HAL_Driver/Src/Timer.o
LOAD Drivers/STM32H7xx_HAL_Driver/Src/stm32h7xx_hal.o
LOAD Drivers/STM32H7xx_HAL_Driver/Src/stm32h7xx_hal_cortex.o
LOAD Drivers/STM32H7xx_HAL_Driver/Src/stm32h7xx_hal_dma.o
LOAD Drivers/STM32H7xx_HAL_Driver/Src/stm32h7xx_hal_dma_ex.o
LOAD Drivers/STM32H7xx_HAL_Driver/Src/stm32h7xx_hal_exti.o
LOAD Drivers/STM32H7xx_HAL_Driver/Src/stm32h7xx_hal_fdcan.o
LOAD Drivers/STM32H7xx_HAL_Driver/Src/stm32h7xx_hal_flash.o
LOAD Drivers/STM32H7xx_HAL_Driver/Src/stm32h7xx_hal_flash_ex.o
LOAD Drivers/STM32H7xx_HAL_Driver/Src/stm32h7xx_hal_gpio.o
LOAD Drivers/STM32H7xx_HAL_Driver/Src/stm32h7xx_hal_hsem.o
LOAD Drivers/STM32H7xx_HAL_Driver/Src/stm32h7xx_hal_i2c.o
LOAD Drivers/STM32H7xx_HAL_Driver/Src/stm32h7xx_hal_i2c_ex.o
LOAD Drivers/STM32H7xx_HAL_Driver/Src/stm32h7xx_hal_mdma.o
LOAD Drivers/STM32H7xx_HAL_Driver/Src/stm32h7xx_hal_pcd.o
LOAD Drivers/STM32H7xx_HAL_Driver/Src/stm32h7xx_hal_pcd_ex.o
LOAD Drivers/STM32H7xx_HAL_Driver/Src/stm32h7xx_hal_pwr.o
LOAD Drivers/STM32H7xx_HAL_Driver/Src/stm32h7xx_hal_pwr_ex.o
LOAD Drivers/STM32H7xx_HAL_Driver/Src/stm32h7xx_hal_rcc.o
LOAD Drivers/STM32H7xx_HAL_Driver/Src/stm32h7xx_hal_rcc_ex.o
LOAD Drivers/STM32H7xx_HAL_Driver/Src/stm32h7xx_hal_rtc.o
LOAD Drivers/STM32H7xx_HAL_Driver/Src/stm32h7xx_hal_rtc_ex.o
LOAD Drivers/STM32H7xx_HAL_Driver/Src/stm32h7xx_hal_spi.o
LOAD Drivers/STM32H7xx_HAL_Driver/Src/stm32h7xx_hal_spi_ex.o
LOAD Drivers/STM32H7xx_HAL_Driver/Src/stm32h7xx_hal_tim.o
LOAD Drivers/STM32H7xx_HAL_Driver/Src/stm32h7xx_hal_tim_ex.o
LOAD Drivers/STM32H7xx_HAL_Driver/Src/stm32h7xx_hal_uart.o
LOAD Drivers/STM32H7xx_HAL_Driver/Src/stm32h7xx_hal_uart_ex.o
LOAD Drivers/STM32H7xx_HAL_Driver/Src/stm32h7xx_ll_usb.o
LOAD Middlewares/ST/STM32_USB_Device_Library/Class/CDC/Src/usbd_cdc.o
LOAD Middlewares/ST/STM32_USB_Device_Library/Core/Src/usbd_core.o
LOAD Middlewares/ST/STM32_USB_Device_Library/Core/Src/usbd_ctlreq.o
LOAD Middlewares/ST/STM32_USB_Device_Library/Core/Src/usbd_ioreq.o
LOAD Src/GPIO.o
LOAD Src/main.o
LOAD Src/stm32h7xx_hal_msp.o
LOAD Src/stm32h7xx_hal_timebase_tim.o
LOAD Src/stm32h7xx_it.o
LOAD Src/syscalls.o
LOAD Src/system_stm32h7xx.o
LOAD Src/usb_device.o
LOAD Src/usbd_cdc_if.o
LOAD Src/usbd_conf.o
LOAD Src/usbd_desc.o
LOAD startup/startup_stm32h750xx.o
START GROUP
LOAD c:/st/stm32cubeide_1.6.1/stm32cubeide/plugins/com.st.stm32cube.ide.mcu.externaltools.gnu-tools-for-stm32.9-2020-q2-update.win32_1.5.0.202011040924/tools/bin/../lib/gcc/arm-none-eabi/9.3.1/../../../../arm-none-eabi/lib/thumb/v7e-m+dp/hard\libstdc++_nano.a
LOAD c:/st/stm32cubeide_1.6.1/stm32cubeide/plugins/com.st.stm32cube.ide.mcu.externaltools.gnu-tools-for-stm32.9-2020-q2-update.win32_1.5.0.202011040924/tools/bin/../lib/gcc/arm-none-eabi/9.3.1/../../../../arm-none-eabi/lib/thumb/v7e-m+dp/hard\libsupc++_nano.a
END GROUP
LOAD c:/st/stm32cubeide_1.6.1/stm32cubeide/plugins/com.st.stm32cube.ide.mcu.externaltools.gnu-tools-for-stm32.9-2020-q2-update.win32_1.5.0.202011040924/tools/bin/../lib/gcc/arm-none-eabi/9.3.1/../../../../arm-none-eabi/lib/thumb/v7e-m+dp/hard\libstdc++_nano.a
LOAD c:/st/stm32cubeide_1.6.1/stm32cubeide/plugins/com.st.stm32cube.ide.mcu.externaltools.gnu-tools-for-stm32.9-2020-q2-update.win32_1.5.0.202011040924/tools/bin/../lib/gcc/arm-none-eabi/9.3.1/../../../../arm-none-eabi/lib/thumb/v7e-m+dp/hard\libm.a
LOAD c:/st/stm32cubeide_1.6.1/stm32cubeide/plugins/com.st.stm32cube.ide.mcu.externaltools.gnu-tools-for-stm32.9-2020-q2-update.win32_1.5.0.202011040924/tools/bin/../lib/gcc/arm-none-eabi/9.3.1/../../../../arm-none-eabi/lib/thumb/v7e-m+dp/hard\libc_nano.a
START GROUP
LOAD c:/st/stm32cubeide_1.6.1/stm32cubeide/plugins/com.st.stm32cube.ide.mcu.externaltools.gnu-tools-for-stm32.9-2020-q2-update.win32_1.5.0.202011040924/tools/bin/../lib/gcc/arm-none-eabi/9.3.1/thumb/v7e-m+dp/hard\libgcc.a
LOAD c:/st/stm32cubeide_1.6.1/stm32cubeide/plugins/com.st.stm32cube.ide.mcu.externaltools.gnu-tools-for-stm32.9-2020-q2-update.win32_1.5.0.202011040924/tools/bin/../lib/gcc/arm-none-eabi/9.3.1/../../../../arm-none-eabi/lib/thumb/v7e-m+dp/hard\libc_nano.a
END GROUP
START GROUP
LOAD c:/st/stm32cubeide_1.6.1/stm32cubeide/plugins/com.st.stm32cube.ide.mcu.externaltools.gnu-tools-for-stm32.9-2020-q2-update.win32_1.5.0.202011040924/tools/bin/../lib/gcc/arm-none-eabi/9.3.1/thumb/v7e-m+dp/hard\libgcc.a
LOAD c:/st/stm32cubeide_1.6.1/stm32cubeide/plugins/com.st.stm32cube.ide.mcu.externaltools.gnu-tools-for-stm32.9-2020-q2-update.win32_1.5.0.202011040924/tools/bin/../lib/gcc/arm-none-eabi/9.3.1/../../../../arm-none-eabi/lib/thumb/v7e-m+dp/hard\libc_nano.a
LOAD c:/st/stm32cubeide_1.6.1/stm32cubeide/plugins/com.st.stm32cube.ide.mcu.externaltools.gnu-tools-for-stm32.9-2020-q2-update.win32_1.5.0.202011040924/tools/bin/../lib/gcc/arm-none-eabi/9.3.1/../../../../arm-none-eabi/lib/thumb/v7e-m+dp/hard\libnosys.a
END GROUP
START GROUP
LOAD c:/st/stm32cubeide_1.6.1/stm32cubeide/plugins/com.st.stm32cube.ide.mcu.externaltools.gnu-tools-for-stm32.9-2020-q2-update.win32_1.5.0.202011040924/tools/bin/../lib/gcc/arm-none-eabi/9.3.1/thumb/v7e-m+dp/hard\libgcc.a
LOAD c:/st/stm32cubeide_1.6.1/stm32cubeide/plugins/com.st.stm32cube.ide.mcu.externaltools.gnu-tools-for-stm32.9-2020-q2-update.win32_1.5.0.202011040924/tools/bin/../lib/gcc/arm-none-eabi/9.3.1/../../../../arm-none-eabi/lib/thumb/v7e-m+dp/hard\libc_nano.a
LOAD c:/st/stm32cubeide_1.6.1/stm32cubeide/plugins/com.st.stm32cube.ide.mcu.externaltools.gnu-tools-for-stm32.9-2020-q2-update.win32_1.5.0.202011040924/tools/bin/../lib/gcc/arm-none-eabi/9.3.1/../../../../arm-none-eabi/lib/thumb/v7e-m+dp/hard\libnosys.a
END GROUP
LOAD c:/st/stm32cubeide_1.6.1/stm32cubeide/plugins/com.st.stm32cube.ide.mcu.externaltools.gnu-tools-for-stm32.9-2020-q2-update.win32_1.5.0.202011040924/tools/bin/../lib/gcc/arm-none-eabi/9.3.1/thumb/v7e-m+dp/hard/crtend.o
LOAD c:/st/stm32cubeide_1.6.1/stm32cubeide/plugins/com.st.stm32cube.ide.mcu.externaltools.gnu-tools-for-stm32.9-2020-q2-update.win32_1.5.0.202011040924/tools/bin/../lib/gcc/arm-none-eabi/9.3.1/thumb/v7e-m+dp/hard/crtn.o
                0x0000000020020000                _estack = 0x20020000
                0x0000000000002000                _Min_Heap_Size = 0x2000
                0x0000000000000400                _Min_Stack_Size = 0x400

.isr_vector     0x0000000008000000      0x298
                0x0000000008000000                . = ALIGN (0x4)
 *(.isr_vector)
 .isr_vector    0x0000000008000000      0x298 startup/startup_stm32h750xx.o
                0x0000000008000000                g_pfnVectors
                0x0000000008000298                . = ALIGN (0x4)

.text           0x00000000080002a0     0x926c
                0x00000000080002a0                . = ALIGN (0x4)
 *(.text)
 .text          0x00000000080002a0       0x40 c:/st/stm32cubeide_1.6.1/stm32cubeide/plugins/com.st.stm32cube.ide.mcu.externaltools.gnu-tools-for-stm32.9-2020-q2-update.win32_1.5.0.202011040924/tools/bin/../lib/gcc/arm-none-eabi/9.3.1/thumb/v7e-m+dp/hard/crtbegin.o
 .text          0x00000000080002e0       0xa0 c:/st/stm32cubeide_1.6.1/stm32cubeide/plugins/com.st.stm32cube.ide.mcu.externaltools.gnu-tools-for-stm32.9-2020-q2-update.win32_1.5.0.202011040924/tools/bin/../lib/gcc/arm-none-eabi/9.3.1/../../../../arm-none-eabi/lib/thumb/v7e-m+dp/hard\libc_nano.a(lib_a-memchr.o)
                0x00000000080002e0                memchr
 .text          0x0000000008000380       0x30 c:/st/stm32cubeide_1.6.1/stm32cubeide/plugins/com.st.stm32cube.ide.mcu.externaltools.gnu-tools-for-stm32.9-2020-q2-update.win32_1.5.0.202011040924/tools/bin/../lib/gcc/arm-none-eabi/9.3.1/thumb/v7e-m+dp/hard\libgcc.a(_aeabi_uldivmod.o)
                0x0000000008000380                __aeabi_uldivmod
 .text          0x00000000080003b0      0x2c4 c:/st/stm32cubeide_1.6.1/stm32cubeide/plugins/com.st.stm32cube.ide.mcu.externaltools.gnu-tools-for-stm32.9-2020-q2-update.win32_1.5.0.202011040924/tools/bin/../lib/gcc/arm-none-eabi/9.3.1/thumb/v7e-m+dp/hard\libgcc.a(_udivmoddi4.o)
                0x00000000080003b0                __udivmoddi4
 .text          0x0000000008000674        0x4 c:/st/stm32cubeide_1.6.1/stm32cubeide/plugins/com.st.stm32cube.ide.mcu.externaltools.gnu-tools-for-stm32.9-2020-q2-update.win32_1.5.0.202011040924/tools/bin/../lib/gcc/arm-none-eabi/9.3.1/thumb/v7e-m+dp/hard\libgcc.a(_dvmd_tls.o)
                0x0000000008000674                __aeabi_idiv0
                0x0000000008000674                __aeabi_ldiv0
 *(.text*)
 .text._ZN5Timer13TIM_Base_InitEP17TIM_HandleTypeDef
                0x0000000008000678       0x62 Drivers/STM32H7xx_HAL_Driver/Src/Timer.o
                0x0000000008000678                Timer::TIM_Base_Init(TIM_HandleTypeDef*)
 .text._ZN5Timer11TIM_OC_InitEP17TIM_HandleTypeDef
                0x00000000080006da       0x62 Drivers/STM32H7xx_HAL_Driver/Src/Timer.o
                0x00000000080006da                Timer::TIM_OC_Init(TIM_HandleTypeDef*)
 .text._ZN5Timer33TIMEx_MasterConfigSynchronizationEP17TIM_HandleTypeDefP23TIM_MasterConfigTypeDef
                0x000000000800073c       0x98 Drivers/STM32H7xx_HAL_Driver/Src/Timer.o
                0x000000000800073c                Timer::TIMEx_MasterConfigSynchronization(TIM_HandleTypeDef*, TIM_MasterConfigTypeDef*)
 .text._ZN5Timer24TIM_TI1_ConfigInputStageEP11TIM_TypeDefmm
                0x00000000080007d4       0x24 Drivers/STM32H7xx_HAL_Driver/Src/Timer.o
                0x00000000080007d4                Timer::TIM_TI1_ConfigInputStage(TIM_TypeDef*, unsigned long, unsigned long)
 .text._ZN5Timer18TIM_ITRx_SetConfigEP11TIM_TypeDefm
                0x00000000080007f8       0x14 Drivers/STM32H7xx_HAL_Driver/Src/Timer.o
                0x00000000080007f8                Timer::TIM_ITRx_SetConfig(TIM_TypeDef*, unsigned long)
 .text._ZN5Timer24TIM_TI2_ConfigInputStageEP11TIM_TypeDefmm
                0x000000000800080c       0x26 Drivers/STM32H7xx_HAL_Driver/Src/Timer.o
                0x000000000800080c                Timer::TIM_TI2_ConfigInputStage(TIM_TypeDef*, unsigned long, unsigned long)
 *fill*         0x0000000008000832        0x2 
 .text._ZN5Timer21TIM_ConfigClockSourceEP17TIM_HandleTypeDefP22TIM_ClockConfigTypeDef
                0x0000000008000834      0x118 Drivers/STM32H7xx_HAL_Driver/Src/Timer.o
                0x0000000008000834                Timer::TIM_ConfigClockSource(TIM_HandleTypeDef*, TIM_ClockConfigTypeDef*)
 .text._ZN5Timer17TIM_OC1_SetConfigEP11TIM_TypeDefP18TIM_OC_InitTypeDef
                0x000000000800094c       0xa4 Drivers/STM32H7xx_HAL_Driver/Src/Timer.o
                0x000000000800094c                Timer::TIM_OC1_SetConfig(TIM_TypeDef*, TIM_OC_InitTypeDef*)
 .text._ZN5Timer17TIM_OC2_SetConfigEP11TIM_TypeDefP18TIM_OC_InitTypeDef
                0x00000000080009f0       0x94 Drivers/STM32H7xx_HAL_Driver/Src/Timer.o
                0x00000000080009f0                Timer::TIM_OC2_SetConfig(TIM_TypeDef*, TIM_OC_InitTypeDef*)
 .text._ZN5Timer17TIM_OC3_SetConfigEP11TIM_TypeDefP18TIM_OC_InitTypeDef
                0x0000000008000a84       0x90 Drivers/STM32H7xx_HAL_Driver/Src/Timer.o
                0x0000000008000a84                Timer::TIM_OC3_SetConfig(TIM_TypeDef*, TIM_OC_InitTypeDef*)
 .text._ZN5Timer17TIM_OC4_SetConfigEP11TIM_TypeDefP18TIM_OC_InitTypeDef
                0x0000000008000b14       0x70 Drivers/STM32H7xx_HAL_Driver/Src/Timer.o
                0x0000000008000b14                Timer::TIM_OC4_SetConfig(TIM_TypeDef*, TIM_OC_InitTypeDef*)
 .text._ZN5Timer17TIM_OC5_SetConfigEP11TIM_TypeDefP18TIM_OC_InitTypeDef
                0x0000000008000b84       0x70 Drivers/STM32H7xx_HAL_Driver/Src/Timer.o
                0x0000000008000b84                Timer::TIM_OC5_SetConfig(TIM_TypeDef*, TIM_OC_InitTypeDef*)
 .text._ZN5Timer17TIM_OC6_SetConfigEP11TIM_TypeDefP18TIM_OC_InitTypeDef
                0x0000000008000bf4       0x70 Drivers/STM32H7xx_HAL_Driver/Src/Timer.o
                0x0000000008000bf4                Timer::TIM_OC6_SetConfig(TIM_TypeDef*, TIM_OC_InitTypeDef*)
 .text._ZN5Timer20TIM_OC_ConfigChannelEP17TIM_HandleTypeDefP18TIM_OC_InitTypeDefm
                0x0000000008000c64       0x6a Drivers/STM32H7xx_HAL_Driver/Src/Timer.o
                0x0000000008000c64                Timer::TIM_OC_ConfigChannel(TIM_HandleTypeDef*, TIM_OC_InitTypeDef*, unsigned long)
 .text._ZN5Timer9TimerInitEP17TIM_HandleTypeDef9timerinit
                0x0000000008000cce       0xaa Drivers/STM32H7xx_HAL_Driver/Src/Timer.o
                0x0000000008000cce                Timer::TimerInit(TIM_HandleTypeDef*, timerinit)
 .text.HAL_Init
                0x0000000008000d78       0x5c Drivers/STM32H7xx_HAL_Driver/Src/stm32h7xx_hal.o
                0x0000000008000d78                HAL_Init
 .text.HAL_IncTick
                0x0000000008000dd4       0x18 Drivers/STM32H7xx_HAL_Driver/Src/stm32h7xx_hal.o
                0x0000000008000dd4                HAL_IncTick
 .text.HAL_GetTick
                0x0000000008000dec        0xc Drivers/STM32H7xx_HAL_Driver/Src/stm32h7xx_hal.o
                0x0000000008000dec                HAL_GetTick
 .text.HAL_Delay
                0x0000000008000df8       0x28 Drivers/STM32H7xx_HAL_Driver/Src/stm32h7xx_hal.o
                0x0000000008000df8                HAL_Delay
 .text.HAL_GetREVID
                0x0000000008000e20        0xc Drivers/STM32H7xx_HAL_Driver/Src/stm32h7xx_hal.o
                0x0000000008000e20                HAL_GetREVID
 .text.HAL_NVIC_SetPriorityGrouping
                0x0000000008000e2c       0x24 Drivers/STM32H7xx_HAL_Driver/Src/stm32h7xx_hal_cortex.o
                0x0000000008000e2c                HAL_NVIC_SetPriorityGrouping
 .text.HAL_NVIC_SetPriority
                0x0000000008000e50       0x64 Drivers/STM32H7xx_HAL_Driver/Src/stm32h7xx_hal_cortex.o
                0x0000000008000e50                HAL_NVIC_SetPriority
 .text.HAL_NVIC_EnableIRQ
                0x0000000008000eb4       0x1c Drivers/STM32H7xx_HAL_Driver/Src/stm32h7xx_hal_cortex.o
                0x0000000008000eb4                HAL_NVIC_EnableIRQ
 .text.FDCAN_CalcultateRamBlockAddresses
                0x0000000008000ed0      0x1d8 Drivers/STM32H7xx_HAL_Driver/Src/stm32h7xx_hal_fdcan.o
 .text.FDCAN_CopyMessageToRAM
                0x00000000080010a8       0x80 Drivers/STM32H7xx_HAL_Driver/Src/stm32h7xx_hal_fdcan.o
 .text.HAL_FDCAN_Init
                0x0000000008001128      0x294 Drivers/STM32H7xx_HAL_Driver/Src/stm32h7xx_hal_fdcan.o
                0x0000000008001128                HAL_FDCAN_Init
 .text.HAL_FDCAN_ConfigFilter
                0x00000000080013bc       0x86 Drivers/STM32H7xx_HAL_Driver/Src/stm32h7xx_hal_fdcan.o
                0x00000000080013bc                HAL_FDCAN_ConfigFilter
 .text.HAL_FDCAN_ConfigGlobalFilter
                0x0000000008001442       0x38 Drivers/STM32H7xx_HAL_Driver/Src/stm32h7xx_hal_fdcan.o
                0x0000000008001442                HAL_FDCAN_ConfigGlobalFilter
 .text.HAL_FDCAN_Start
                0x000000000800147a       0x34 Drivers/STM32H7xx_HAL_Driver/Src/stm32h7xx_hal_fdcan.o
                0x000000000800147a                HAL_FDCAN_Start
 .text.HAL_FDCAN_AddMessageToTxFifoQ
                0x00000000080014ae       0x76 Drivers/STM32H7xx_HAL_Driver/Src/stm32h7xx_hal_fdcan.o
                0x00000000080014ae                HAL_FDCAN_AddMessageToTxFifoQ
 .text.HAL_FDCAN_GetRxMessage
                0x0000000008001524      0x1c8 Drivers/STM32H7xx_HAL_Driver/Src/stm32h7xx_hal_fdcan.o
                0x0000000008001524                HAL_FDCAN_GetRxMessage
 .text.HAL_FDCAN_ActivateNotification
                0x00000000080016ec       0x90 Drivers/STM32H7xx_HAL_Driver/Src/stm32h7xx_hal_fdcan.o
                0x00000000080016ec                HAL_FDCAN_ActivateNotification
 .text.HAL_FDCAN_ClockCalibrationCallback
                0x000000000800177c        0x2 Drivers/STM32H7xx_HAL_Driver/Src/stm32h7xx_hal_fdcan.o
                0x000000000800177c                HAL_FDCAN_ClockCalibrationCallback
 .text.HAL_FDCAN_TxEventFifoCallback
                0x000000000800177e        0x2 Drivers/STM32H7xx_HAL_Driver/Src/stm32h7xx_hal_fdcan.o
                0x000000000800177e                HAL_FDCAN_TxEventFifoCallback
 .text.HAL_FDCAN_RxFifo1Callback
                0x0000000008001780        0x2 Drivers/STM32H7xx_HAL_Driver/Src/stm32h7xx_hal_fdcan.o
                0x0000000008001780                HAL_FDCAN_RxFifo1Callback
 .text.HAL_FDCAN_TxFifoEmptyCallback
                0x0000000008001782        0x2 Drivers/STM32H7xx_HAL_Driver/Src/stm32h7xx_hal_fdcan.o
                0x0000000008001782                HAL_FDCAN_TxFifoEmptyCallback
 .text.HAL_FDCAN_TxBufferCompleteCallback
                0x0000000008001784        0x2 Drivers/STM32H7xx_HAL_Driver/Src/stm32h7xx_hal_fdcan.o
                0x0000000008001784                HAL_FDCAN_TxBufferCompleteCallback
 .text.HAL_FDCAN_TxBufferAbortCallback
                0x0000000008001786        0x2 Drivers/STM32H7xx_HAL_Driver/Src/stm32h7xx_hal_fdcan.o
                0x0000000008001786                HAL_FDCAN_TxBufferAbortCallback
 .text.HAL_FDCAN_RxBufferNewMessageCallback
                0x0000000008001788        0x2 Drivers/STM32H7xx_HAL_Driver/Src/stm32h7xx_hal_fdcan.o
                0x0000000008001788                HAL_FDCAN_RxBufferNewMessageCallback
 .text.HAL_FDCAN_TimestampWraparoundCallback
                0x000000000800178a        0x2 Drivers/STM32H7xx_HAL_Driver/Src/stm32h7xx_hal_fdcan.o
                0x000000000800178a                HAL_FDCAN_TimestampWraparoundCallback
 .text.HAL_FDCAN_TimeoutOccurredCallback
                0x000000000800178c        0x2 Drivers/STM32H7xx_HAL_Driver/Src/stm32h7xx_hal_fdcan.o
                0x000000000800178c                HAL_FDCAN_TimeoutOccurredCallback
 .text.HAL_FDCAN_HighPriorityMessageCallback
                0x000000000800178e        0x2 Drivers/STM32H7xx_HAL_Driver/Src/stm32h7xx_hal_fdcan.o
                0x000000000800178e                HAL_FDCAN_HighPriorityMessageCallback
 .text.HAL_FDCAN_ErrorCallback
                0x0000000008001790        0x2 Drivers/STM32H7xx_HAL_Driver/Src/stm32h7xx_hal_fdcan.o
                0x0000000008001790                HAL_FDCAN_ErrorCallback
 .text.HAL_FDCAN_ErrorStatusCallback
                0x0000000008001792        0x2 Drivers/STM32H7xx_HAL_Driver/Src/stm32h7xx_hal_fdcan.o
                0x0000000008001792                HAL_FDCAN_ErrorStatusCallback
 .text.HAL_FDCAN_TT_ScheduleSyncCallback
                0x0000000008001794        0x2 Drivers/STM32H7xx_HAL_Driver/Src/stm32h7xx_hal_fdcan.o
                0x0000000008001794                HAL_FDCAN_TT_ScheduleSyncCallback
 .text.HAL_FDCAN_TT_TimeMarkCallback
                0x0000000008001796        0x2 Drivers/STM32H7xx_HAL_Driver/Src/stm32h7xx_hal_fdcan.o
                0x0000000008001796                HAL_FDCAN_TT_TimeMarkCallback
 .text.HAL_FDCAN_TT_StopWatchCallback
                0x0000000008001798        0x2 Drivers/STM32H7xx_HAL_Driver/Src/stm32h7xx_hal_fdcan.o
                0x0000000008001798                HAL_FDCAN_TT_StopWatchCallback
 .text.HAL_FDCAN_TT_GlobalTimeCallback
                0x000000000800179a        0x2 Drivers/STM32H7xx_HAL_Driver/Src/stm32h7xx_hal_fdcan.o
                0x000000000800179a                HAL_FDCAN_TT_GlobalTimeCallback
 .text.HAL_FDCAN_IRQHandler
                0x000000000800179c      0x32c Drivers/STM32H7xx_HAL_Driver/Src/stm32h7xx_hal_fdcan.o
                0x000000000800179c                HAL_FDCAN_IRQHandler
 .text.HAL_GPIO_Init
                0x0000000008001ac8      0x1e4 Drivers/STM32H7xx_HAL_Driver/Src/stm32h7xx_hal_gpio.o
                0x0000000008001ac8                HAL_GPIO_Init
 .text.HAL_I2C_Init
                0x0000000008001cac       0xbc Drivers/STM32H7xx_HAL_Driver/Src/stm32h7xx_hal_i2c.o
                0x0000000008001cac                HAL_I2C_Init
 .text.HAL_I2CEx_ConfigAnalogFilter
                0x0000000008001d68       0x5c Drivers/STM32H7xx_HAL_Driver/Src/stm32h7xx_hal_i2c_ex.o
                0x0000000008001d68                HAL_I2CEx_ConfigAnalogFilter
 .text.HAL_I2CEx_ConfigDigitalFilter
                0x0000000008001dc4       0x58 Drivers/STM32H7xx_HAL_Driver/Src/stm32h7xx_hal_i2c_ex.o
                0x0000000008001dc4                HAL_I2CEx_ConfigDigitalFilter
 .text.PCD_WriteEmptyTxFifo
                0x0000000008001e1c       0xd2 Drivers/STM32H7xx_HAL_Driver/Src/stm32h7xx_hal_pcd.o
 .text.HAL_PCD_Init
                0x0000000008001eee      0x134 Drivers/STM32H7xx_HAL_Driver/Src/stm32h7xx_hal_pcd.o
                0x0000000008001eee                HAL_PCD_Init
 .text.HAL_PCD_Start
                0x0000000008002022       0x42 Drivers/STM32H7xx_HAL_Driver/Src/stm32h7xx_hal_pcd.o
                0x0000000008002022                HAL_PCD_Start
 .text.PCD_EP_OutXfrComplete_int
                0x0000000008002064       0xf8 Drivers/STM32H7xx_HAL_Driver/Src/stm32h7xx_hal_pcd.o
 .text.PCD_EP_OutSetupPacket_int
                0x000000000800215c       0x50 Drivers/STM32H7xx_HAL_Driver/Src/stm32h7xx_hal_pcd.o
 .text.HAL_PCD_IRQHandler
                0x00000000080021ac      0x4ee Drivers/STM32H7xx_HAL_Driver/Src/stm32h7xx_hal_pcd.o
                0x00000000080021ac                HAL_PCD_IRQHandler
 .text.HAL_PCD_SetAddress
                0x000000000800269a       0x28 Drivers/STM32H7xx_HAL_Driver/Src/stm32h7xx_hal_pcd.o
                0x000000000800269a                HAL_PCD_SetAddress
 .text.HAL_PCD_EP_Open
                0x00000000080026c2       0x86 Drivers/STM32H7xx_HAL_Driver/Src/stm32h7xx_hal_pcd.o
                0x00000000080026c2                HAL_PCD_EP_Open
 .text.HAL_PCD_EP_Close
                0x0000000008002748       0x72 Drivers/STM32H7xx_HAL_Driver/Src/stm32h7xx_hal_pcd.o
                0x0000000008002748                HAL_PCD_EP_Close
 .text.HAL_PCD_EP_Receive
                0x00000000080027ba       0x5e Drivers/STM32H7xx_HAL_Driver/Src/stm32h7xx_hal_pcd.o
                0x00000000080027ba                HAL_PCD_EP_Receive
 .text.HAL_PCD_EP_GetRxCount
                0x0000000008002818       0x12 Drivers/STM32H7xx_HAL_Driver/Src/stm32h7xx_hal_pcd.o
                0x0000000008002818                HAL_PCD_EP_GetRxCount
 .text.HAL_PCD_EP_Transmit
                0x000000000800282a       0x56 Drivers/STM32H7xx_HAL_Driver/Src/stm32h7xx_hal_pcd.o
                0x000000000800282a                HAL_PCD_EP_Transmit
 .text.HAL_PCD_EP_SetStall
                0x0000000008002880       0x88 Drivers/STM32H7xx_HAL_Driver/Src/stm32h7xx_hal_pcd.o
                0x0000000008002880                HAL_PCD_EP_SetStall
 .text.HAL_PCD_EP_ClrStall
                0x0000000008002908       0x76 Drivers/STM32H7xx_HAL_Driver/Src/stm32h7xx_hal_pcd.o
                0x0000000008002908                HAL_PCD_EP_ClrStall
 .text.HAL_PCDEx_SetTxFiFo
                0x000000000800297e       0x48 Drivers/STM32H7xx_HAL_Driver/Src/stm32h7xx_hal_pcd_ex.o
                0x000000000800297e                HAL_PCDEx_SetTxFiFo
 .text.HAL_PCDEx_SetRxFiFo
                0x00000000080029c6        0x8 Drivers/STM32H7xx_HAL_Driver/Src/stm32h7xx_hal_pcd_ex.o
                0x00000000080029c6                HAL_PCDEx_SetRxFiFo
 *fill*         0x00000000080029ce        0x2 
 .text.HAL_PCDEx_ActivateLPM
                0x00000000080029d0       0x28 Drivers/STM32H7xx_HAL_Driver/Src/stm32h7xx_hal_pcd_ex.o
                0x00000000080029d0                HAL_PCDEx_ActivateLPM
 .text.HAL_PCDEx_LPM_Callback
                0x00000000080029f8        0x2 Drivers/STM32H7xx_HAL_Driver/Src/stm32h7xx_hal_pcd_ex.o
                0x00000000080029f8                HAL_PCDEx_LPM_Callback
 *fill*         0x00000000080029fa        0x2 
 .text.HAL_PWREx_ConfigSupply
                0x00000000080029fc       0x54 Drivers/STM32H7xx_HAL_Driver/Src/stm32h7xx_hal_pwr_ex.o
                0x00000000080029fc                HAL_PWREx_ConfigSupply
 .text.HAL_PWREx_EnableUSBVoltageDetector
                0x0000000008002a50       0x10 Drivers/STM32H7xx_HAL_Driver/Src/stm32h7xx_hal_pwr_ex.o
                0x0000000008002a50                HAL_PWREx_EnableUSBVoltageDetector
 .text.HAL_RCC_OscConfig
                0x0000000008002a60      0x64c Drivers/STM32H7xx_HAL_Driver/Src/stm32h7xx_hal_rcc.o
                0x0000000008002a60                HAL_RCC_OscConfig
 .text.HAL_RCC_GetSysClockFreq
                0x00000000080030ac      0x1f4 Drivers/STM32H7xx_HAL_Driver/Src/stm32h7xx_hal_rcc.o
                0x00000000080030ac                HAL_RCC_GetSysClockFreq
 .text.HAL_RCC_ClockConfig
                0x00000000080032a0      0x294 Drivers/STM32H7xx_HAL_Driver/Src/stm32h7xx_hal_rcc.o
                0x00000000080032a0                HAL_RCC_ClockConfig
 .text.HAL_RCC_GetHCLKFreq
                0x0000000008003534       0x44 Drivers/STM32H7xx_HAL_Driver/Src/stm32h7xx_hal_rcc.o
                0x0000000008003534                HAL_RCC_GetHCLKFreq
 .text.HAL_RCC_GetPCLK1Freq
                0x0000000008003578       0x24 Drivers/STM32H7xx_HAL_Driver/Src/stm32h7xx_hal_rcc.o
                0x0000000008003578                HAL_RCC_GetPCLK1Freq
 .text.HAL_RCC_GetPCLK2Freq
                0x000000000800359c       0x24 Drivers/STM32H7xx_HAL_Driver/Src/stm32h7xx_hal_rcc.o
                0x000000000800359c                HAL_RCC_GetPCLK2Freq
 .text.HAL_RCC_GetClockConfig
                0x00000000080035c0       0x54 Drivers/STM32H7xx_HAL_Driver/Src/stm32h7xx_hal_rcc.o
                0x00000000080035c0                HAL_RCC_GetClockConfig
 .text.RCCEx_PLL2_Config
                0x0000000008003614      0x10c Drivers/STM32H7xx_HAL_Driver/Src/stm32h7xx_hal_rcc_ex.o
 .text.RCCEx_PLL3_Config
                0x0000000008003720      0x10c Drivers/STM32H7xx_HAL_Driver/Src/stm32h7xx_hal_rcc_ex.o
 .text.HAL_RCCEx_PeriphCLKConfig
                0x000000000800382c      0x9ac Drivers/STM32H7xx_HAL_Driver/Src/stm32h7xx_hal_rcc_ex.o
                0x000000000800382c                HAL_RCCEx_PeriphCLKConfig
 .text.HAL_RCCEx_GetD3PCLK1Freq
                0x00000000080041d8       0x24 Drivers/STM32H7xx_HAL_Driver/Src/stm32h7xx_hal_rcc_ex.o
                0x00000000080041d8                HAL_RCCEx_GetD3PCLK1Freq
 .text.HAL_RCCEx_GetPLL2ClockFreq
                0x00000000080041fc      0x1fc Drivers/STM32H7xx_HAL_Driver/Src/stm32h7xx_hal_rcc_ex.o
                0x00000000080041fc                HAL_RCCEx_GetPLL2ClockFreq
 .text.HAL_RCCEx_GetPLL3ClockFreq
                0x00000000080043f8      0x1fc Drivers/STM32H7xx_HAL_Driver/Src/stm32h7xx_hal_rcc_ex.o
                0x00000000080043f8                HAL_RCCEx_GetPLL3ClockFreq
 .text.HAL_RTC_WaitForSynchro
                0x00000000080045f4       0x32 Drivers/STM32H7xx_HAL_Driver/Src/stm32h7xx_hal_rtc.o
                0x00000000080045f4                HAL_RTC_WaitForSynchro
 .text.RTC_EnterInitMode
                0x0000000008004626       0x40 Drivers/STM32H7xx_HAL_Driver/Src/stm32h7xx_hal_rtc.o
                0x0000000008004626                RTC_EnterInitMode
 *fill*         0x0000000008004666        0x2 
 .text.RTC_ExitInitMode
                0x0000000008004668       0x4c Drivers/STM32H7xx_HAL_Driver/Src/stm32h7xx_hal_rtc.o
                0x0000000008004668                RTC_ExitInitMode
 .text.HAL_RTC_Init
                0x00000000080046b4       0x98 Drivers/STM32H7xx_HAL_Driver/Src/stm32h7xx_hal_rtc.o
                0x00000000080046b4                HAL_RTC_Init
 .text.RTC_ByteToBcd2
                0x000000000800474c       0x16 Drivers/STM32H7xx_HAL_Driver/Src/stm32h7xx_hal_rtc.o
                0x000000000800474c                RTC_ByteToBcd2
 *fill*         0x0000000008004762        0x2 
 .text.HAL_RTC_SetTime
                0x0000000008004764       0xc8 Drivers/STM32H7xx_HAL_Driver/Src/stm32h7xx_hal_rtc.o
                0x0000000008004764                HAL_RTC_SetTime
 .text.HAL_RTC_SetDate
                0x000000000800482c       0xa8 Drivers/STM32H7xx_HAL_Driver/Src/stm32h7xx_hal_rtc.o
                0x000000000800482c                HAL_RTC_SetDate
 .text.SPI_GetPacketSize
                0x00000000080048d4       0x10 Drivers/STM32H7xx_HAL_Driver/Src/stm32h7xx_hal_spi.o
 .text.HAL_SPI_Init
                0x00000000080048e4      0x150 Drivers/STM32H7xx_HAL_Driver/Src/stm32h7xx_hal_spi.o
                0x00000000080048e4                HAL_SPI_Init
 .text.HAL_TIM_Base_Start
                0x0000000008004a34       0x3c Drivers/STM32H7xx_HAL_Driver/Src/stm32h7xx_hal_tim.o
                0x0000000008004a34                HAL_TIM_Base_Start
 .text.HAL_TIM_Base_Start_IT
                0x0000000008004a70       0x44 Drivers/STM32H7xx_HAL_Driver/Src/stm32h7xx_hal_tim.o
                0x0000000008004a70                HAL_TIM_Base_Start_IT
 .text.HAL_TIM_OC_MspInit
                0x0000000008004ab4        0x2 Drivers/STM32H7xx_HAL_Driver/Src/stm32h7xx_hal_tim.o
                0x0000000008004ab4                HAL_TIM_OC_MspInit
 .text.HAL_TIM_OC_DelayElapsedCallback
                0x0000000008004ab6        0x2 Drivers/STM32H7xx_HAL_Driver/Src/stm32h7xx_hal_tim.o
                0x0000000008004ab6                HAL_TIM_OC_DelayElapsedCallback
 .text.HAL_TIM_IC_CaptureCallback
                0x0000000008004ab8        0x2 Drivers/STM32H7xx_HAL_Driver/Src/stm32h7xx_hal_tim.o
                0x0000000008004ab8                HAL_TIM_IC_CaptureCallback
 .text.HAL_TIM_PWM_PulseFinishedCallback
                0x0000000008004aba        0x2 Drivers/STM32H7xx_HAL_Driver/Src/stm32h7xx_hal_tim.o
                0x0000000008004aba                HAL_TIM_PWM_PulseFinishedCallback
 .text.HAL_TIM_TriggerCallback
                0x0000000008004abc        0x2 Drivers/STM32H7xx_HAL_Driver/Src/stm32h7xx_hal_tim.o
                0x0000000008004abc                HAL_TIM_TriggerCallback
 .text.HAL_TIM_IRQHandler
                0x0000000008004abe      0x19a Drivers/STM32H7xx_HAL_Driver/Src/stm32h7xx_hal_tim.o
                0x0000000008004abe                HAL_TIM_IRQHandler
 .text.TIM_Base_SetConfig
                0x0000000008004c58      0x100 Drivers/STM32H7xx_HAL_Driver/Src/stm32h7xx_hal_tim.o
                0x0000000008004c58                TIM_Base_SetConfig
 .text.HAL_TIM_Base_Init
                0x0000000008004d58       0x60 Drivers/STM32H7xx_HAL_Driver/Src/stm32h7xx_hal_tim.o
                0x0000000008004d58                HAL_TIM_Base_Init
 .text.TIM_ETR_SetConfig
                0x0000000008004db8       0x18 Drivers/STM32H7xx_HAL_Driver/Src/stm32h7xx_hal_tim.o
                0x0000000008004db8                TIM_ETR_SetConfig
 .text.HAL_TIMEx_CommutCallback
                0x0000000008004dd0        0x2 Drivers/STM32H7xx_HAL_Driver/Src/stm32h7xx_hal_tim_ex.o
                0x0000000008004dd0                HAL_TIMEx_CommutCallback
 .text.HAL_TIMEx_BreakCallback
                0x0000000008004dd2        0x2 Drivers/STM32H7xx_HAL_Driver/Src/stm32h7xx_hal_tim_ex.o
                0x0000000008004dd2                HAL_TIMEx_BreakCallback
 .text.HAL_TIMEx_Break2Callback
                0x0000000008004dd4        0x2 Drivers/STM32H7xx_HAL_Driver/Src/stm32h7xx_hal_tim_ex.o
                0x0000000008004dd4                HAL_TIMEx_Break2Callback
 *fill*         0x0000000008004dd6        0x2 
 .text.UART_SetConfig
                0x0000000008004dd8      0x600 Drivers/STM32H7xx_HAL_Driver/Src/stm32h7xx_hal_uart.o
                0x0000000008004dd8                UART_SetConfig
 .text.UART_AdvFeatureConfig
                0x00000000080053d8       0xca Drivers/STM32H7xx_HAL_Driver/Src/stm32h7xx_hal_uart.o
                0x00000000080053d8                UART_AdvFeatureConfig
 .text.UART_WaitOnFlagUntilTimeout
                0x00000000080054a2       0xac Drivers/STM32H7xx_HAL_Driver/Src/stm32h7xx_hal_uart.o
                0x00000000080054a2                UART_WaitOnFlagUntilTimeout
 .text.UART_CheckIdleState
                0x000000000800554e       0x72 Drivers/STM32H7xx_HAL_Driver/Src/stm32h7xx_hal_uart.o
                0x000000000800554e                UART_CheckIdleState
 .text.HAL_LIN_Init
                0x00000000080055c0       0x96 Drivers/STM32H7xx_HAL_Driver/Src/stm32h7xx_hal_uart.o
                0x00000000080055c0                HAL_LIN_Init
 *fill*         0x0000000008005656        0x2 
 .text.UARTEx_SetNbDataToProcess
                0x0000000008005658       0x70 Drivers/STM32H7xx_HAL_Driver/Src/stm32h7xx_hal_uart_ex.o
 .text.HAL_UARTEx_DisableFifoMode
                0x00000000080056c8       0x3e Drivers/STM32H7xx_HAL_Driver/Src/stm32h7xx_hal_uart_ex.o
                0x00000000080056c8                HAL_UARTEx_DisableFifoMode
 .text.HAL_UARTEx_SetTxFifoThreshold
                0x0000000008005706       0x4a Drivers/STM32H7xx_HAL_Driver/Src/stm32h7xx_hal_uart_ex.o
                0x0000000008005706                HAL_UARTEx_SetTxFifoThreshold
 .text.HAL_UARTEx_SetRxFifoThreshold
                0x0000000008005750       0x4a Drivers/STM32H7xx_HAL_Driver/Src/stm32h7xx_hal_uart_ex.o
                0x0000000008005750                HAL_UARTEx_SetRxFifoThreshold
 *fill*         0x000000000800579a        0x2 
 .text.USB_CoreReset
                0x000000000800579c       0x3c Drivers/STM32H7xx_HAL_Driver/Src/stm32h7xx_ll_usb.o
 .text.USB_CoreInit
                0x00000000080057d8       0x8c Drivers/STM32H7xx_HAL_Driver/Src/stm32h7xx_ll_usb.o
                0x00000000080057d8                USB_CoreInit
 .text.USB_SetTurnaroundTime
                0x0000000008005864       0xe4 Drivers/STM32H7xx_HAL_Driver/Src/stm32h7xx_ll_usb.o
                0x0000000008005864                USB_SetTurnaroundTime
 .text.USB_EnableGlobalInt
                0x0000000008005948        0xc Drivers/STM32H7xx_HAL_Driver/Src/stm32h7xx_ll_usb.o
                0x0000000008005948                USB_EnableGlobalInt
 .text.USB_DisableGlobalInt
                0x0000000008005954        0xc Drivers/STM32H7xx_HAL_Driver/Src/stm32h7xx_ll_usb.o
                0x0000000008005954                USB_DisableGlobalInt
 .text.USB_SetCurrentMode
                0x0000000008005960       0x30 Drivers/STM32H7xx_HAL_Driver/Src/stm32h7xx_ll_usb.o
                0x0000000008005960                USB_SetCurrentMode
 .text.USB_FlushTxFifo
                0x0000000008005990       0x28 Drivers/STM32H7xx_HAL_Driver/Src/stm32h7xx_ll_usb.o
                0x0000000008005990                USB_FlushTxFifo
 .text.USB_FlushRxFifo
                0x00000000080059b8       0x24 Drivers/STM32H7xx_HAL_Driver/Src/stm32h7xx_ll_usb.o
                0x00000000080059b8                USB_FlushRxFifo
 .text.USB_SetDevSpeed
                0x00000000080059dc        0xe Drivers/STM32H7xx_HAL_Driver/Src/stm32h7xx_ll_usb.o
                0x00000000080059dc                USB_SetDevSpeed
 *fill*         0x00000000080059ea        0x2 
 .text.USB_DevInit
                0x00000000080059ec      0x190 Drivers/STM32H7xx_HAL_Driver/Src/stm32h7xx_ll_usb.o
                0x00000000080059ec                USB_DevInit
 .text.USB_GetDevSpeed
                0x0000000008005b7c       0x1e Drivers/STM32H7xx_HAL_Driver/Src/stm32h7xx_ll_usb.o
                0x0000000008005b7c                USB_GetDevSpeed
 *fill*         0x0000000008005b9a        0x2 
 .text.USB_ActivateEndpoint
                0x0000000008005b9c       0x90 Drivers/STM32H7xx_HAL_Driver/Src/stm32h7xx_ll_usb.o
                0x0000000008005b9c                USB_ActivateEndpoint
 .text.USB_DeactivateEndpoint
                0x0000000008005c2c       0xdc Drivers/STM32H7xx_HAL_Driver/Src/stm32h7xx_ll_usb.o
                0x0000000008005c2c                USB_DeactivateEndpoint
 .text.USB_EP0StartXfer
                0x0000000008005d08      0x118 Drivers/STM32H7xx_HAL_Driver/Src/stm32h7xx_ll_usb.o
                0x0000000008005d08                USB_EP0StartXfer
 .text.USB_WritePacket
                0x0000000008005e20       0x28 Drivers/STM32H7xx_HAL_Driver/Src/stm32h7xx_ll_usb.o
                0x0000000008005e20                USB_WritePacket
 .text.USB_EPStartXfer
                0x0000000008005e48      0x214 Drivers/STM32H7xx_HAL_Driver/Src/stm32h7xx_ll_usb.o
                0x0000000008005e48                USB_EPStartXfer
 .text.USB_ReadPacket
                0x000000000800605c       0x22 Drivers/STM32H7xx_HAL_Driver/Src/stm32h7xx_ll_usb.o
                0x000000000800605c                USB_ReadPacket
 .text.USB_EPSetStall
                0x000000000800607e       0x5a Drivers/STM32H7xx_HAL_Driver/Src/stm32h7xx_ll_usb.o
                0x000000000800607e                USB_EPSetStall
 .text.USB_EPClearStall
                0x00000000080060d8       0x5c Drivers/STM32H7xx_HAL_Driver/Src/stm32h7xx_ll_usb.o
                0x00000000080060d8                USB_EPClearStall
 .text.USB_SetDevAddress
                0x0000000008006134       0x20 Drivers/STM32H7xx_HAL_Driver/Src/stm32h7xx_ll_usb.o
                0x0000000008006134                USB_SetDevAddress
 .text.USB_DevConnect
                0x0000000008006154       0x18 Drivers/STM32H7xx_HAL_Driver/Src/stm32h7xx_ll_usb.o
                0x0000000008006154                USB_DevConnect
 .text.USB_DevDisconnect
                0x000000000800616c       0x18 Drivers/STM32H7xx_HAL_Driver/Src/stm32h7xx_ll_usb.o
                0x000000000800616c                USB_DevDisconnect
 .text.USB_ReadInterrupts
                0x0000000008006184        0x8 Drivers/STM32H7xx_HAL_Driver/Src/stm32h7xx_ll_usb.o
                0x0000000008006184                USB_ReadInterrupts
 .text.USB_ReadDevAllOutEpInterrupt
                0x000000000800618c       0x10 Drivers/STM32H7xx_HAL_Driver/Src/stm32h7xx_ll_usb.o
                0x000000000800618c                USB_ReadDevAllOutEpInterrupt
 .text.USB_ReadDevAllInEpInterrupt
                0x000000000800619c       0x10 Drivers/STM32H7xx_HAL_Driver/Src/stm32h7xx_ll_usb.o
                0x000000000800619c                USB_ReadDevAllInEpInterrupt
 .text.USB_ReadDevOutEPInterrupt
                0x00000000080061ac       0x12 Drivers/STM32H7xx_HAL_Driver/Src/stm32h7xx_ll_usb.o
                0x00000000080061ac                USB_ReadDevOutEPInterrupt
 .text.USB_ReadDevInEPInterrupt
                0x00000000080061be       0x28 Drivers/STM32H7xx_HAL_Driver/Src/stm32h7xx_ll_usb.o
                0x00000000080061be                USB_ReadDevInEPInterrupt
 .text.USB_GetMode
                0x00000000080061e6        0x8 Drivers/STM32H7xx_HAL_Driver/Src/stm32h7xx_ll_usb.o
                0x00000000080061e6                USB_GetMode
 *fill*         0x00000000080061ee        0x2 
 .text.USB_ActivateSetup
                0x00000000080061f0       0x20 Drivers/STM32H7xx_HAL_Driver/Src/stm32h7xx_ll_usb.o
                0x00000000080061f0                USB_ActivateSetup
 .text.USB_EP0_OutStart
                0x0000000008006210       0x60 Drivers/STM32H7xx_HAL_Driver/Src/stm32h7xx_ll_usb.o
                0x0000000008006210                USB_EP0_OutStart
 .text.USBD_CDC_EP0_RxReady
                0x0000000008006270       0x28 Middlewares/ST/STM32_USB_Device_Library/Class/CDC/Src/usbd_cdc.o
 .text.USBD_CDC_GetFSCfgDesc
                0x0000000008006298        0xc Middlewares/ST/STM32_USB_Device_Library/Class/CDC/Src/usbd_cdc.o
 .text.USBD_CDC_GetHSCfgDesc
                0x00000000080062a4        0xc Middlewares/ST/STM32_USB_Device_Library/Class/CDC/Src/usbd_cdc.o
 .text.USBD_CDC_GetOtherSpeedCfgDesc
                0x00000000080062b0        0xc Middlewares/ST/STM32_USB_Device_Library/Class/CDC/Src/usbd_cdc.o
 .text.USBD_CDC_GetDeviceQualifierDescriptor
                0x00000000080062bc        0xc Middlewares/ST/STM32_USB_Device_Library/Class/CDC/Src/usbd_cdc.o
                0x00000000080062bc                USBD_CDC_GetDeviceQualifierDescriptor
 .text.USBD_CDC_DataOut
                0x00000000080062c8       0x2a Middlewares/ST/STM32_USB_Device_Library/Class/CDC/Src/usbd_cdc.o
 .text.USBD_CDC_DataIn
                0x00000000080062f2       0x64 Middlewares/ST/STM32_USB_Device_Library/Class/CDC/Src/usbd_cdc.o
 .text.USBD_CDC_Setup
                0x0000000008006356       0xe0 Middlewares/ST/STM32_USB_Device_Library/Class/CDC/Src/usbd_cdc.o
 .text.USBD_CDC_DeInit
                0x0000000008006436       0x48 Middlewares/ST/STM32_USB_Device_Library/Class/CDC/Src/usbd_cdc.o
 .text.USBD_CDC_Init
                0x000000000800647e       0xc2 Middlewares/ST/STM32_USB_Device_Library/Class/CDC/Src/usbd_cdc.o
 .text.USBD_CDC_RegisterInterface
                0x0000000008006540        0xe Middlewares/ST/STM32_USB_Device_Library/Class/CDC/Src/usbd_cdc.o
                0x0000000008006540                USBD_CDC_RegisterInterface
 .text.USBD_CDC_SetTxBuffer
                0x000000000800654e       0x10 Middlewares/ST/STM32_USB_Device_Library/Class/CDC/Src/usbd_cdc.o
                0x000000000800654e                USBD_CDC_SetTxBuffer
 .text.USBD_CDC_SetRxBuffer
                0x000000000800655e        0xc Middlewares/ST/STM32_USB_Device_Library/Class/CDC/Src/usbd_cdc.o
                0x000000000800655e                USBD_CDC_SetRxBuffer
 .text.USBD_CDC_TransmitPacket
                0x000000000800656a       0x34 Middlewares/ST/STM32_USB_Device_Library/Class/CDC/Src/usbd_cdc.o
                0x000000000800656a                USBD_CDC_TransmitPacket
 .text.USBD_CDC_ReceivePacket
                0x000000000800659e       0x32 Middlewares/ST/STM32_USB_Device_Library/Class/CDC/Src/usbd_cdc.o
                0x000000000800659e                USBD_CDC_ReceivePacket
 .text.USBD_Init
                0x00000000080065d0       0x54 Middlewares/ST/STM32_USB_Device_Library/Core/Src/usbd_core.o
                0x00000000080065d0                USBD_Init
 .text.USBD_RegisterClass
                0x0000000008006624       0x44 Middlewares/ST/STM32_USB_Device_Library/Core/Src/usbd_core.o
                0x0000000008006624                USBD_RegisterClass
 .text.USBD_Start
                0x0000000008006668        0x8 Middlewares/ST/STM32_USB_Device_Library/Core/Src/usbd_core.o
                0x0000000008006668                USBD_Start
 .text.USBD_SetClassConfig
                0x0000000008006670       0x12 Middlewares/ST/STM32_USB_Device_Library/Core/Src/usbd_core.o
                0x0000000008006670                USBD_SetClassConfig
 .text.USBD_ClrClassConfig
                0x0000000008006682       0x10 Middlewares/ST/STM32_USB_Device_Library/Core/Src/usbd_core.o
                0x0000000008006682                USBD_ClrClassConfig
 .text.USBD_LL_SetupStage
                0x0000000008006692       0x58 Middlewares/ST/STM32_USB_Device_Library/Core/Src/usbd_core.o
                0x0000000008006692                USBD_LL_SetupStage
 .text.USBD_LL_DataOutStage
                0x00000000080066ea       0x72 Middlewares/ST/STM32_USB_Device_Library/Core/Src/usbd_core.o
                0x00000000080066ea                USBD_LL_DataOutStage
 .text.USBD_LL_DataInStage
                0x000000000800675c       0xb8 Middlewares/ST/STM32_USB_Device_Library/Core/Src/usbd_core.o
                0x000000000800675c                USBD_LL_DataInStage
 .text.USBD_LL_Reset
                0x0000000008006814       0x52 Middlewares/ST/STM32_USB_Device_Library/Core/Src/usbd_core.o
                0x0000000008006814                USBD_LL_Reset
 .text.USBD_LL_SetSpeed
                0x0000000008006866        0x6 Middlewares/ST/STM32_USB_Device_Library/Core/Src/usbd_core.o
                0x0000000008006866                USBD_LL_SetSpeed
 .text.USBD_LL_Suspend
                0x000000000800686c       0x12 Middlewares/ST/STM32_USB_Device_Library/Core/Src/usbd_core.o
                0x000000000800686c                USBD_LL_Suspend
 .text.USBD_LL_Resume
                0x000000000800687e       0x16 Middlewares/ST/STM32_USB_Device_Library/Core/Src/usbd_core.o
                0x000000000800687e                USBD_LL_Resume
 .text.USBD_LL_SOF
                0x0000000008006894       0x1c Middlewares/ST/STM32_USB_Device_Library/Core/Src/usbd_core.o
                0x0000000008006894                USBD_LL_SOF
 .text.USBD_LL_IsoINIncomplete
                0x00000000080068b0        0x4 Middlewares/ST/STM32_USB_Device_Library/Core/Src/usbd_core.o
                0x00000000080068b0                USBD_LL_IsoINIncomplete
 .text.USBD_LL_IsoOUTIncomplete
                0x00000000080068b4        0x4 Middlewares/ST/STM32_USB_Device_Library/Core/Src/usbd_core.o
                0x00000000080068b4                USBD_LL_IsoOUTIncomplete
 .text.USBD_LL_DevConnected
                0x00000000080068b8        0x4 Middlewares/ST/STM32_USB_Device_Library/Core/Src/usbd_core.o
                0x00000000080068b8                USBD_LL_DevConnected
 .text.USBD_LL_DevDisconnected
                0x00000000080068bc       0x18 Middlewares/ST/STM32_USB_Device_Library/Core/Src/usbd_core.o
                0x00000000080068bc                USBD_LL_DevDisconnected
 .text.USBD_GetLen
                0x00000000080068d4       0x12 Middlewares/ST/STM32_USB_Device_Library/Core/Src/usbd_ctlreq.o
 .text.USBD_SetFeature
                0x00000000080068e6       0x14 Middlewares/ST/STM32_USB_Device_Library/Core/Src/usbd_ctlreq.o
 .text.USBD_ParseSetupRequest
                0x00000000080068fa       0x28 Middlewares/ST/STM32_USB_Device_Library/Core/Src/usbd_ctlreq.o
                0x00000000080068fa                USBD_ParseSetupRequest
 .text.USBD_CtlError
                0x0000000008006922       0x14 Middlewares/ST/STM32_USB_Device_Library/Core/Src/usbd_ctlreq.o
                0x0000000008006922                USBD_CtlError
 .text.USBD_GetDescriptor
                0x0000000008006936      0x18a Middlewares/ST/STM32_USB_Device_Library/Core/Src/usbd_ctlreq.o
 .text.USBD_SetAddress
                0x0000000008006ac0       0x4e Middlewares/ST/STM32_USB_Device_Library/Core/Src/usbd_ctlreq.o
 *fill*         0x0000000008006b0e        0x2 
 .text.USBD_SetConfig
                0x0000000008006b10       0xc4 Middlewares/ST/STM32_USB_Device_Library/Core/Src/usbd_ctlreq.o
 .text.USBD_GetConfig
                0x0000000008006bd4       0x3e Middlewares/ST/STM32_USB_Device_Library/Core/Src/usbd_ctlreq.o
 .text.USBD_GetStatus
                0x0000000008006c12       0x38 Middlewares/ST/STM32_USB_Device_Library/Core/Src/usbd_ctlreq.o
 .text.USBD_ClrFeature
                0x0000000008006c4a       0x26 Middlewares/ST/STM32_USB_Device_Library/Core/Src/usbd_ctlreq.o
 .text.USBD_StdDevReq
                0x0000000008006c70       0x70 Middlewares/ST/STM32_USB_Device_Library/Core/Src/usbd_ctlreq.o
                0x0000000008006c70                USBD_StdDevReq
 .text.USBD_StdItfReq
                0x0000000008006ce0       0x68 Middlewares/ST/STM32_USB_Device_Library/Core/Src/usbd_ctlreq.o
                0x0000000008006ce0                USBD_StdItfReq
 .text.USBD_StdEPReq
                0x0000000008006d48      0x212 Middlewares/ST/STM32_USB_Device_Library/Core/Src/usbd_ctlreq.o
                0x0000000008006d48                USBD_StdEPReq
 .text.USBD_GetString
                0x0000000008006f5a       0x36 Middlewares/ST/STM32_USB_Device_Library/Core/Src/usbd_ctlreq.o
                0x0000000008006f5a                USBD_GetString
 .text.USBD_CtlSendData
                0x0000000008006f90       0x1a Middlewares/ST/STM32_USB_Device_Library/Core/Src/usbd_ioreq.o
                0x0000000008006f90                USBD_CtlSendData
 .text.USBD_CtlContinueSendData
                0x0000000008006faa       0x10 Middlewares/ST/STM32_USB_Device_Library/Core/Src/usbd_ioreq.o
                0x0000000008006faa                USBD_CtlContinueSendData
 .text.USBD_CtlPrepareRx
                0x0000000008006fba       0x1e Middlewares/ST/STM32_USB_Device_Library/Core/Src/usbd_ioreq.o
                0x0000000008006fba                USBD_CtlPrepareRx
 .text.USBD_CtlContinueRx
                0x0000000008006fd8       0x10 Middlewares/ST/STM32_USB_Device_Library/Core/Src/usbd_ioreq.o
                0x0000000008006fd8                USBD_CtlContinueRx
 .text.USBD_CtlSendStatus
                0x0000000008006fe8       0x16 Middlewares/ST/STM32_USB_Device_Library/Core/Src/usbd_ioreq.o
                0x0000000008006fe8                USBD_CtlSendStatus
 .text.USBD_CtlReceiveStatus
                0x0000000008006ffe       0x16 Middlewares/ST/STM32_USB_Device_Library/Core/Src/usbd_ioreq.o
                0x0000000008006ffe                USBD_CtlReceiveStatus
 .text._ZN4gpio18gpio_register_initEP12GPIO_TypeDefP16GPIO_InitTypeDef
                0x0000000008007014      0x1e4 Src/GPIO.o
                0x0000000008007014                gpio::gpio_register_init(GPIO_TypeDef*, GPIO_InitTypeDef*)
 .text._ZN4gpio13GPIO_WritePinEP12GPIO_TypeDeft13GPIO_PinState
                0x00000000080071f8        0xc Src/GPIO.o
                0x00000000080071f8                gpio::GPIO_WritePin(GPIO_TypeDef*, unsigned short, GPIO_PinState)
 .text._ZN4gpio9gpio_initEv
                0x0000000008007204       0xd0 Src/GPIO.o
                0x0000000008007204                gpio::gpio_init()
 .text._ZN11BusAnalizer13Error_HandlerEv
                0x00000000080072d4       0x16 Src/main.o
                0x00000000080072d4                BusAnalizer::Error_Handler()
 *fill*         0x00000000080072ea        0x2 
 .text._ZN11BusAnalizer3RunEv
                0x00000000080072ec      0x108 Src/main.o
                0x00000000080072ec                BusAnalizer::Run()
 .text._ZN11BusAnalizer18SystemClock_ConfigEv
                0x00000000080073f4      0x110 Src/main.o
                0x00000000080073f4                BusAnalizer::SystemClock_Config()
 .text._ZN11BusAnalizer14MX_FDCAN1_InitEv
                0x0000000008007504       0xc8 Src/main.o
                0x0000000008007504                BusAnalizer::MX_FDCAN1_Init()
 .text._ZN11BusAnalizer14MX_FDCAN2_InitEv
                0x00000000080075cc       0xa0 Src/main.o
                0x00000000080075cc                BusAnalizer::MX_FDCAN2_Init()
 .text._ZN11BusAnalizer12MX_I2C1_InitEv
                0x000000000800766c       0x7c Src/main.o
                0x000000000800766c                BusAnalizer::MX_I2C1_Init()
 .text._ZN11BusAnalizer11MX_RTC_InitEv
                0x00000000080076e8       0xac Src/main.o
                0x00000000080076e8                BusAnalizer::MX_RTC_Init()
 .text._ZN11BusAnalizer12MX_SPI1_InitEv
                0x0000000008007794       0x80 Src/main.o
                0x0000000008007794                BusAnalizer::MX_SPI1_Init()
 .text._ZN11BusAnalizer19MX_USART1_UART_InitEv
                0x0000000008007814       0x90 Src/main.o
                0x0000000008007814                BusAnalizer::MX_USART1_UART_Init()
 .text._ZN11BusAnalizerC2Ev
                0x00000000080078a4      0x174 Src/main.o
                0x00000000080078a4                BusAnalizer::BusAnalizer()
                0x00000000080078a4                BusAnalizer::BusAnalizer()
 .text._Z41__static_initialization_and_destruction_0ii
                0x0000000008007a18       0x20 Src/main.o
 .text.HAL_FDCAN_RxFifo0Callback
                0x0000000008007a38       0x5c Src/main.o
                0x0000000008007a38                HAL_FDCAN_RxFifo0Callback
 .text.HAL_TIM_PeriodElapsedCallback
                0x0000000008007a94       0x54 Src/main.o
                0x0000000008007a94                HAL_TIM_PeriodElapsedCallback
 .text.main     0x0000000008007ae8       0x10 Src/main.o
                0x0000000008007ae8                main
 .text._GLOBAL__sub_I_hfdcan1
                0x0000000008007af8        0xe Src/main.o
 .text._GLOBAL__sub_D_hfdcan1
                0x0000000008007b06        0xe Src/main.o
 .text.HAL_MspInit
                0x0000000008007b14       0x24 Src/stm32h7xx_hal_msp.o
                0x0000000008007b14                HAL_MspInit
 .text.HAL_FDCAN_MspInit
                0x0000000008007b38      0x11c Src/stm32h7xx_hal_msp.o
                0x0000000008007b38                HAL_FDCAN_MspInit
 .text.HAL_I2C_MspInit
                0x0000000008007c54       0x78 Src/stm32h7xx_hal_msp.o
                0x0000000008007c54                HAL_I2C_MspInit
 .text.HAL_RTC_MspInit
                0x0000000008007ccc       0x20 Src/stm32h7xx_hal_msp.o
                0x0000000008007ccc                HAL_RTC_MspInit
 .text.HAL_SPI_MspInit
                0x0000000008007cec       0x78 Src/stm32h7xx_hal_msp.o
                0x0000000008007cec                HAL_SPI_MspInit
 .text.HAL_TIM_Base_MspInit
                0x0000000008007d64       0x30 Src/stm32h7xx_hal_msp.o
                0x0000000008007d64                HAL_TIM_Base_MspInit
 .text.HAL_UART_MspInit
                0x0000000008007d94       0x7c Src/stm32h7xx_hal_msp.o
                0x0000000008007d94                HAL_UART_MspInit
 .text.HAL_InitTick
                0x0000000008007e10       0x80 Src/stm32h7xx_hal_timebase_tim.o
                0x0000000008007e10                HAL_InitTick
 .text.NMI_Handler
                0x0000000008007e90        0x2 Src/stm32h7xx_it.o
                0x0000000008007e90                NMI_Handler
 .text.HardFault_Handler
                0x0000000008007e92        0x2 Src/stm32h7xx_it.o
                0x0000000008007e92                HardFault_Handler
 .text.MemManage_Handler
                0x0000000008007e94        0x2 Src/stm32h7xx_it.o
                0x0000000008007e94                MemManage_Handler
 .text.BusFault_Handler
                0x0000000008007e96        0x2 Src/stm32h7xx_it.o
                0x0000000008007e96                BusFault_Handler
 .text.UsageFault_Handler
                0x0000000008007e98        0x2 Src/stm32h7xx_it.o
                0x0000000008007e98                UsageFault_Handler
 .text.SVC_Handler
                0x0000000008007e9a        0x2 Src/stm32h7xx_it.o
                0x0000000008007e9a                SVC_Handler
 .text.DebugMon_Handler
                0x0000000008007e9c        0x2 Src/stm32h7xx_it.o
                0x0000000008007e9c                DebugMon_Handler
 .text.PendSV_Handler
                0x0000000008007e9e        0x2 Src/stm32h7xx_it.o
                0x0000000008007e9e                PendSV_Handler
 .text.FDCAN1_IT0_IRQHandler
                0x0000000008007ea0       0x10 Src/stm32h7xx_it.o
                0x0000000008007ea0                FDCAN1_IT0_IRQHandler
 .text.FDCAN1_IT1_IRQHandler
                0x0000000008007eb0       0x10 Src/stm32h7xx_it.o
                0x0000000008007eb0                FDCAN1_IT1_IRQHandler
 .text.TIM1_UP_IRQHandler
                0x0000000008007ec0       0x10 Src/stm32h7xx_it.o
                0x0000000008007ec0                TIM1_UP_IRQHandler
 .text.OTG_HS_IRQHandler
                0x0000000008007ed0       0x10 Src/stm32h7xx_it.o
                0x0000000008007ed0                OTG_HS_IRQHandler
 .text._read    0x0000000008007ee0       0x20 Src/syscalls.o
                0x0000000008007ee0                _read
 .text._write   0x0000000008007f00       0x1c Src/syscalls.o
                0x0000000008007f00                _write
 .text._sbrk    0x0000000008007f1c       0x3c Src/syscalls.o
                0x0000000008007f1c                _sbrk
 .text._close   0x0000000008007f58        0x6 Src/syscalls.o
                0x0000000008007f58                _close
 .text._fstat   0x0000000008007f5e        0xa Src/syscalls.o
                0x0000000008007f5e                _fstat
 .text._isatty  0x0000000008007f68        0x4 Src/syscalls.o
                0x0000000008007f68                _isatty
 .text._lseek   0x0000000008007f6c        0x4 Src/syscalls.o
                0x0000000008007f6c                _lseek
 .text.SystemInit
                0x0000000008007f70       0x7c Src/system_stm32h7xx.o
                0x0000000008007f70                SystemInit
 .text.Error_Handler
                0x0000000008007fec        0x2 Src/usb_device.o
                0x0000000008007fec                Error_Handler
 *fill*         0x0000000008007fee        0x2 
 .text.MX_USB_DEVICE_Init
                0x0000000008007ff0       0x50 Src/usb_device.o
                0x0000000008007ff0                MX_USB_DEVICE_Init
 .text.CDC_DeInit_HS
                0x0000000008008040        0x4 Src/usbd_cdc_if.o
 .text.CDC_Control_HS
                0x0000000008008044        0x4 Src/usbd_cdc_if.o
 .text.CDC_TransmitCplt_HS
                0x0000000008008048        0x4 Src/usbd_cdc_if.o
 .text.CDC_Receive_HS
                0x000000000800804c       0x1c Src/usbd_cdc_if.o
 .text.CDC_Init_HS
                0x0000000008008068       0x28 Src/usbd_cdc_if.o
 .text.CDC_Transmit_HS
                0x0000000008008090       0x2c Src/usbd_cdc_if.o
                0x0000000008008090                CDC_Transmit_HS
 .text.HAL_PCD_MspInit
                0x00000000080080bc       0x8c Src/usbd_conf.o
                0x00000000080080bc                HAL_PCD_MspInit
 .text.HAL_PCD_SetupStageCallback
                0x0000000008008148       0x10 Src/usbd_conf.o
                0x0000000008008148                HAL_PCD_SetupStageCallback
 .text.HAL_PCD_DataOutStageCallback
                0x0000000008008158       0x18 Src/usbd_conf.o
                0x0000000008008158                HAL_PCD_DataOutStageCallback
 .text.HAL_PCD_DataInStageCallback
                0x0000000008008170       0x16 Src/usbd_conf.o
                0x0000000008008170                HAL_PCD_DataInStageCallback
 .text.HAL_PCD_SOFCallback
                0x0000000008008186        0xc Src/usbd_conf.o
                0x0000000008008186                HAL_PCD_SOFCallback
 .text.HAL_PCD_ResetCallback
                0x0000000008008192       0x2c Src/usbd_conf.o
                0x0000000008008192                HAL_PCD_ResetCallback
 *fill*         0x00000000080081be        0x2 
 .text.HAL_PCD_SuspendCallback
                0x00000000080081c0       0x30 Src/usbd_conf.o
                0x00000000080081c0                HAL_PCD_SuspendCallback
 .text.HAL_PCD_ResumeCallback
                0x00000000080081f0        0xc Src/usbd_conf.o
                0x00000000080081f0                HAL_PCD_ResumeCallback
 .text.HAL_PCD_ISOOUTIncompleteCallback
                0x00000000080081fc        0xc Src/usbd_conf.o
                0x00000000080081fc                HAL_PCD_ISOOUTIncompleteCallback
 .text.HAL_PCD_ISOINIncompleteCallback
                0x0000000008008208        0xc Src/usbd_conf.o
                0x0000000008008208                HAL_PCD_ISOINIncompleteCallback
 .text.HAL_PCD_ConnectCallback
                0x0000000008008214        0xc Src/usbd_conf.o
                0x0000000008008214                HAL_PCD_ConnectCallback
 .text.HAL_PCD_DisconnectCallback
                0x0000000008008220        0xc Src/usbd_conf.o
                0x0000000008008220                HAL_PCD_DisconnectCallback
 .text.USBD_LL_Init
                0x000000000800822c       0x74 Src/usbd_conf.o
                0x000000000800822c                USBD_LL_Init
 .text.USBD_LL_IsStallEP
                0x00000000080082a0       0x2e Src/usbd_conf.o
                0x00000000080082a0                USBD_LL_IsStallEP
 .text.USBD_LL_GetRxDataSize
                0x00000000080082ce        0xc Src/usbd_conf.o
                0x00000000080082ce                USBD_LL_GetRxDataSize
 .text.USBD_Get_USB_Status
                0x00000000080082da       0x14 Src/usbd_conf.o
                0x00000000080082da                USBD_Get_USB_Status
 .text.USBD_LL_Start
                0x00000000080082ee       0x10 Src/usbd_conf.o
                0x00000000080082ee                USBD_LL_Start
 .text.USBD_LL_OpenEP
                0x00000000080082fe       0x16 Src/usbd_conf.o
                0x00000000080082fe                USBD_LL_OpenEP
 .text.USBD_LL_CloseEP
                0x0000000008008314       0x10 Src/usbd_conf.o
                0x0000000008008314                USBD_LL_CloseEP
 .text.USBD_LL_StallEP
                0x0000000008008324       0x10 Src/usbd_conf.o
                0x0000000008008324                USBD_LL_StallEP
 .text.USBD_LL_ClearStallEP
                0x0000000008008334       0x10 Src/usbd_conf.o
                0x0000000008008334                USBD_LL_ClearStallEP
 .text.USBD_LL_SetUSBAddress
                0x0000000008008344       0x10 Src/usbd_conf.o
                0x0000000008008344                USBD_LL_SetUSBAddress
 .text.USBD_LL_Transmit
                0x0000000008008354       0x10 Src/usbd_conf.o
                0x0000000008008354                USBD_LL_Transmit
 .text.USBD_LL_PrepareReceive
                0x0000000008008364       0x10 Src/usbd_conf.o
                0x0000000008008364                USBD_LL_PrepareReceive
 .text.USBD_HS_DeviceDescriptor
                0x0000000008008374        0xc Src/usbd_desc.o
                0x0000000008008374                USBD_HS_DeviceDescriptor
 .text.USBD_HS_LangIDStrDescriptor
                0x0000000008008380        0xc Src/usbd_desc.o
                0x0000000008008380                USBD_HS_LangIDStrDescriptor
 .text.IntToUnicode
                0x000000000800838c       0x38 Src/usbd_desc.o
 .text.Get_SerialNum
                0x00000000080083c4       0x38 Src/usbd_desc.o
 .text.USBD_HS_SerialStrDescriptor
                0x00000000080083fc       0x14 Src/usbd_desc.o
                0x00000000080083fc                USBD_HS_SerialStrDescriptor
 .text.USBD_HS_ProductStrDescriptor
                0x0000000008008410       0x24 Src/usbd_desc.o
                0x0000000008008410                USBD_HS_ProductStrDescriptor
 .text.USBD_HS_ManufacturerStrDescriptor
                0x0000000008008434       0x1c Src/usbd_desc.o
                0x0000000008008434                USBD_HS_ManufacturerStrDescriptor
 .text.USBD_HS_ConfigStrDescriptor
                0x0000000008008450       0x24 Src/usbd_desc.o
                0x0000000008008450                USBD_HS_ConfigStrDescriptor
 .text.USBD_HS_InterfaceStrDescriptor
                0x0000000008008474       0x24 Src/usbd_desc.o
                0x0000000008008474                USBD_HS_InterfaceStrDescriptor
 .text.Reset_Handler
                0x0000000008008498       0x50 startup/startup_stm32h750xx.o
                0x0000000008008498                Reset_Handler
 .text.Default_Handler
                0x00000000080084e8        0x2 startup/startup_stm32h750xx.o
                0x00000000080084e8                RTC_Alarm_IRQHandler
                0x00000000080084e8                HASH_RNG_IRQHandler
                0x00000000080084e8                EXTI2_IRQHandler
                0x00000000080084e8                TIM8_CC_IRQHandler
                0x00000000080084e8                HRTIM1_Master_IRQHandler
                0x00000000080084e8                UART8_IRQHandler
                0x00000000080084e8                SPI4_IRQHandler
                0x00000000080084e8                TIM1_CC_IRQHandler
                0x00000000080084e8                BDMA_Channel6_IRQHandler
                0x00000000080084e8                DMA2_Stream5_IRQHandler
                0x00000000080084e8                HRTIM1_FLT_IRQHandler
                0x00000000080084e8                JPEG_IRQHandler
                0x00000000080084e8                DMA1_Stream5_IRQHandler
                0x00000000080084e8                SysTick_Handler
                0x00000000080084e8                BDMA_Channel1_IRQHandler
                0x00000000080084e8                HRTIM1_TIMD_IRQHandler
                0x00000000080084e8                TAMP_STAMP_IRQHandler
                0x00000000080084e8                EXTI3_IRQHandler
                0x00000000080084e8                LPTIM4_IRQHandler
                0x00000000080084e8                TIM8_TRG_COM_TIM14_IRQHandler
                0x00000000080084e8                LPTIM2_IRQHandler
                0x00000000080084e8                DFSDM1_FLT1_IRQHandler
                0x00000000080084e8                DMAMUX2_OVR_IRQHandler
                0x00000000080084e8                TIM8_UP_TIM13_IRQHandler
                0x00000000080084e8                I2C3_ER_IRQHandler
                0x00000000080084e8                DFSDM1_FLT2_IRQHandler
                0x00000000080084e8                MDMA_IRQHandler
                0x00000000080084e8                LPTIM3_IRQHandler
                0x00000000080084e8                HSEM1_IRQHandler
                0x00000000080084e8                EXTI0_IRQHandler
                0x00000000080084e8                I2C2_EV_IRQHandler
                0x00000000080084e8                DMA1_Stream2_IRQHandler
                0x00000000080084e8                FPU_IRQHandler
                0x00000000080084e8                OTG_HS_WKUP_IRQHandler
                0x00000000080084e8                LTDC_ER_IRQHandler
                0x00000000080084e8                DMA2_Stream2_IRQHandler
                0x00000000080084e8                HRTIM1_TIME_IRQHandler
                0x00000000080084e8                SPI1_IRQHandler
                0x00000000080084e8                TIM6_DAC_IRQHandler
                0x00000000080084e8                DCMI_IRQHandler
                0x00000000080084e8                HRTIM1_TIMC_IRQHandler
                0x00000000080084e8                DMA2_Stream3_IRQHandler
                0x00000000080084e8                SAI2_IRQHandler
                0x00000000080084e8                DFSDM1_FLT3_IRQHandler
                0x00000000080084e8                USART6_IRQHandler
                0x00000000080084e8                TIM17_IRQHandler
                0x00000000080084e8                USART3_IRQHandler
                0x00000000080084e8                BDMA_Channel7_IRQHandler
                0x00000000080084e8                CRYP_IRQHandler
                0x00000000080084e8                LPTIM5_IRQHandler
                0x00000000080084e8                UART5_IRQHandler
                0x00000000080084e8                ADC3_IRQHandler
                0x00000000080084e8                DMA2_Stream0_IRQHandler
                0x00000000080084e8                TIM4_IRQHandler
                0x00000000080084e8                BDMA_Channel2_IRQHandler
                0x00000000080084e8                QUADSPI_IRQHandler
                0x00000000080084e8                I2C1_EV_IRQHandler
                0x00000000080084e8                DMA1_Stream6_IRQHandler
                0x00000000080084e8                DMAMUX1_OVR_IRQHandler
                0x00000000080084e8                DMA1_Stream1_IRQHandler
                0x00000000080084e8                TIM16_IRQHandler
                0x00000000080084e8                UART4_IRQHandler
                0x00000000080084e8                BDMA_Channel5_IRQHandler
                0x00000000080084e8                TIM3_IRQHandler
                0x00000000080084e8                RCC_IRQHandler
                0x00000000080084e8                TIM8_BRK_TIM12_IRQHandler
                0x00000000080084e8                TIM1_TRG_COM_IRQHandler
                0x00000000080084e8                Default_Handler
                0x00000000080084e8                ECC_IRQHandler
                0x00000000080084e8                CEC_IRQHandler
                0x00000000080084e8                EXTI15_10_IRQHandler
                0x00000000080084e8                BDMA_Channel0_IRQHandler
                0x00000000080084e8                ADC_IRQHandler
                0x00000000080084e8                DMA1_Stream7_IRQHandler
                0x00000000080084e8                HRTIM1_TIMA_IRQHandler
                0x00000000080084e8                SPI5_IRQHandler
                0x00000000080084e8                TIM7_IRQHandler
                0x00000000080084e8                SDMMC1_IRQHandler
                0x00000000080084e8                TIM5_IRQHandler
                0x00000000080084e8                DMA2_Stream7_IRQHandler
                0x00000000080084e8                TIM15_IRQHandler
                0x00000000080084e8                PVD_AVD_IRQHandler
                0x00000000080084e8                I2C3_EV_IRQHandler
                0x00000000080084e8                EXTI9_5_IRQHandler
                0x00000000080084e8                RTC_WKUP_IRQHandler
                0x00000000080084e8                LTDC_IRQHandler
                0x00000000080084e8                SAI3_IRQHandler
                0x00000000080084e8                ETH_WKUP_IRQHandler
                0x00000000080084e8                SPDIF_RX_IRQHandler
                0x00000000080084e8                SPI2_IRQHandler
                0x00000000080084e8                OTG_HS_EP1_IN_IRQHandler
                0x00000000080084e8                DMA1_Stream0_IRQHandler
                0x00000000080084e8                CRS_IRQHandler
                0x00000000080084e8                EXTI4_IRQHandler
                0x00000000080084e8                HRTIM1_TIMB_IRQHandler
                0x00000000080084e8                FDCAN2_IT1_IRQHandler
                0x00000000080084e8                ETH_IRQHandler
                0x00000000080084e8                BDMA_Channel4_IRQHandler
                0x00000000080084e8                OTG_HS_EP1_OUT_IRQHandler
                0x00000000080084e8                WWDG_IRQHandler
                0x00000000080084e8                SPI6_IRQHandler
                0x00000000080084e8                MDIOS_IRQHandler
                0x00000000080084e8                I2C4_EV_IRQHandler
                0x00000000080084e8                FDCAN2_IT0_IRQHandler
                0x00000000080084e8                LPUART1_IRQHandler
                0x00000000080084e8                TIM2_IRQHandler
                0x00000000080084e8                OTG_FS_WKUP_IRQHandler
                0x00000000080084e8                DMA2D_IRQHandler
                0x00000000080084e8                TIM1_BRK_IRQHandler
                0x00000000080084e8                EXTI1_IRQHandler
                0x00000000080084e8                SDMMC2_IRQHandler
                0x00000000080084e8                OTG_FS_EP1_OUT_IRQHandler
                0x00000000080084e8                BDMA_Channel3_IRQHandler
                0x00000000080084e8                UART7_IRQHandler
                0x00000000080084e8                MDIOS_WKUP_IRQHandler
                0x00000000080084e8                USART2_IRQHandler
                0x00000000080084e8                DFSDM1_FLT0_IRQHandler
                0x00000000080084e8                SAI4_IRQHandler
                0x00000000080084e8                I2C2_ER_IRQHandler
                0x00000000080084e8                DMA2_Stream1_IRQHandler
                0x00000000080084e8                FLASH_IRQHandler
                0x00000000080084e8                DMA2_Stream4_IRQHandler
                0x00000000080084e8                USART1_IRQHandler
                0x00000000080084e8                OTG_FS_IRQHandler
                0x00000000080084e8                SPI3_IRQHandler
                0x00000000080084e8                WAKEUP_PIN_IRQHandler
                0x00000000080084e8                DMA1_Stream4_IRQHandler
                0x00000000080084e8                OTG_FS_EP1_IN_IRQHandler
                0x00000000080084e8                I2C1_ER_IRQHandler
                0x00000000080084e8                FMC_IRQHandler
                0x00000000080084e8                FDCAN_CAL_IRQHandler
                0x00000000080084e8                SWPMI1_IRQHandler
                0x00000000080084e8                COMP1_IRQHandler
                0x00000000080084e8                LPTIM1_IRQHandler
                0x00000000080084e8                I2C4_ER_IRQHandler
                0x00000000080084e8                DMA2_Stream6_IRQHandler
                0x00000000080084e8                SAI1_IRQHandler
                0x00000000080084e8                DMA1_Stream3_IRQHandler
 *fill*         0x00000000080084ea        0x2 
 .text.__errno  0x00000000080084ec        0xc c:/st/stm32cubeide_1.6.1/stm32cubeide/plugins/com.st.stm32cube.ide.mcu.externaltools.gnu-tools-for-stm32.9-2020-q2-update.win32_1.5.0.202011040924/tools/bin/../lib/gcc/arm-none-eabi/9.3.1/../../../../arm-none-eabi/lib/thumb/v7e-m+dp/hard\libc_nano.a(lib_a-errno.o)
                0x00000000080084ec                __errno
 .text.__libc_init_array
                0x00000000080084f8       0x48 c:/st/stm32cubeide_1.6.1/stm32cubeide/plugins/com.st.stm32cube.ide.mcu.externaltools.gnu-tools-for-stm32.9-2020-q2-update.win32_1.5.0.202011040924/tools/bin/../lib/gcc/arm-none-eabi/9.3.1/../../../../arm-none-eabi/lib/thumb/v7e-m+dp/hard\libc_nano.a(lib_a-init.o)
                0x00000000080084f8                __libc_init_array
 .text.malloc   0x0000000008008540       0x10 c:/st/stm32cubeide_1.6.1/stm32cubeide/plugins/com.st.stm32cube.ide.mcu.externaltools.gnu-tools-for-stm32.9-2020-q2-update.win32_1.5.0.202011040924/tools/bin/../lib/gcc/arm-none-eabi/9.3.1/../../../../arm-none-eabi/lib/thumb/v7e-m+dp/hard\libc_nano.a(lib_a-malloc.o)
                0x0000000008008540                malloc
 .text.free     0x0000000008008550       0x10 c:/st/stm32cubeide_1.6.1/stm32cubeide/plugins/com.st.stm32cube.ide.mcu.externaltools.gnu-tools-for-stm32.9-2020-q2-update.win32_1.5.0.202011040924/tools/bin/../lib/gcc/arm-none-eabi/9.3.1/../../../../arm-none-eabi/lib/thumb/v7e-m+dp/hard\libc_nano.a(lib_a-malloc.o)
                0x0000000008008550                free
 .text.memcpy   0x0000000008008560       0x1c c:/st/stm32cubeide_1.6.1/stm32cubeide/plugins/com.st.stm32cube.ide.mcu.externaltools.gnu-tools-for-stm32.9-2020-q2-update.win32_1.5.0.202011040924/tools/bin/../lib/gcc/arm-none-eabi/9.3.1/../../../../arm-none-eabi/lib/thumb/v7e-m+dp/hard\libc_nano.a(lib_a-memcpy-stub.o)
                0x0000000008008560                memcpy
 .text.memset   0x000000000800857c       0x10 c:/st/stm32cubeide_1.6.1/stm32cubeide/plugins/com.st.stm32cube.ide.mcu.externaltools.gnu-tools-for-stm32.9-2020-q2-update.win32_1.5.0.202011040924/tools/bin/../lib/gcc/arm-none-eabi/9.3.1/../../../../arm-none-eabi/lib/thumb/v7e-m+dp/hard\libc_nano.a(lib_a-memset.o)
                0x000000000800857c                memset
 .text._free_r  0x000000000800858c       0xa0 c:/st/stm32cubeide_1.6.1/stm32cubeide/plugins/com.st.stm32cube.ide.mcu.externaltools.gnu-tools-for-stm32.9-2020-q2-update.win32_1.5.0.202011040924/tools/bin/../lib/gcc/arm-none-eabi/9.3.1/../../../../arm-none-eabi/lib/thumb/v7e-m+dp/hard\libc_nano.a(lib_a-nano-freer.o)
                0x000000000800858c                _free_r
 .text._malloc_r
                0x000000000800862c       0xb4 c:/st/stm32cubeide_1.6.1/stm32cubeide/plugins/com.st.stm32cube.ide.mcu.externaltools.gnu-tools-for-stm32.9-2020-q2-update.win32_1.5.0.202011040924/tools/bin/../lib/gcc/arm-none-eabi/9.3.1/../../../../arm-none-eabi/lib/thumb/v7e-m+dp/hard\libc_nano.a(lib_a-nano-mallocr.o)
                0x000000000800862c                _malloc_r
 .text.printf   0x00000000080086e0       0x30 c:/st/stm32cubeide_1.6.1/stm32cubeide/plugins/com.st.stm32cube.ide.mcu.externaltools.gnu-tools-for-stm32.9-2020-q2-update.win32_1.5.0.202011040924/tools/bin/../lib/gcc/arm-none-eabi/9.3.1/../../../../arm-none-eabi/lib/thumb/v7e-m+dp/hard\libc_nano.a(lib_a-printf.o)
                0x00000000080086e0                iprintf
                0x00000000080086e0                printf
 .text.putchar  0x0000000008008710       0x2c c:/st/stm32cubeide_1.6.1/stm32cubeide/plugins/com.st.stm32cube.ide.mcu.externaltools.gnu-tools-for-stm32.9-2020-q2-update.win32_1.5.0.202011040924/tools/bin/../lib/gcc/arm-none-eabi/9.3.1/../../../../arm-none-eabi/lib/thumb/v7e-m+dp/hard\libc_nano.a(lib_a-putchar.o)
                0x0000000008008710                putchar
 .text._sbrk_r  0x000000000800873c       0x20 c:/st/stm32cubeide_1.6.1/stm32cubeide/plugins/com.st.stm32cube.ide.mcu.externaltools.gnu-tools-for-stm32.9-2020-q2-update.win32_1.5.0.202011040924/tools/bin/../lib/gcc/arm-none-eabi/9.3.1/../../../../arm-none-eabi/lib/thumb/v7e-m+dp/hard\libc_nano.a(lib_a-sbrkr.o)
                0x000000000800873c                _sbrk_r
 .text.std      0x000000000800875c       0x48 c:/st/stm32cubeide_1.6.1/stm32cubeide/plugins/com.st.stm32cube.ide.mcu.externaltools.gnu-tools-for-stm32.9-2020-q2-update.win32_1.5.0.202011040924/tools/bin/../lib/gcc/arm-none-eabi/9.3.1/../../../../arm-none-eabi/lib/thumb/v7e-m+dp/hard\libc_nano.a(lib_a-findfp.o)
 .text._cleanup_r
                0x00000000080087a4        0xc c:/st/stm32cubeide_1.6.1/stm32cubeide/plugins/com.st.stm32cube.ide.mcu.externaltools.gnu-tools-for-stm32.9-2020-q2-update.win32_1.5.0.202011040924/tools/bin/../lib/gcc/arm-none-eabi/9.3.1/../../../../arm-none-eabi/lib/thumb/v7e-m+dp/hard\libc_nano.a(lib_a-findfp.o)
                0x00000000080087a4                _cleanup_r
 .text.__sfmoreglue
                0x00000000080087b0       0x2c c:/st/stm32cubeide_1.6.1/stm32cubeide/plugins/com.st.stm32cube.ide.mcu.externaltools.gnu-tools-for-stm32.9-2020-q2-update.win32_1.5.0.202011040924/tools/bin/../lib/gcc/arm-none-eabi/9.3.1/../../../../arm-none-eabi/lib/thumb/v7e-m+dp/hard\libc_nano.a(lib_a-findfp.o)
                0x00000000080087b0                __sfmoreglue
 .text.__sfp_lock_acquire
                0x00000000080087dc        0xc c:/st/stm32cubeide_1.6.1/stm32cubeide/plugins/com.st.stm32cube.ide.mcu.externaltools.gnu-tools-for-stm32.9-2020-q2-update.win32_1.5.0.202011040924/tools/bin/../lib/gcc/arm-none-eabi/9.3.1/../../../../arm-none-eabi/lib/thumb/v7e-m+dp/hard\libc_nano.a(lib_a-findfp.o)
                0x00000000080087dc                __sfp_lock_acquire
 .text.__sfp_lock_release
                0x00000000080087e8        0xc c:/st/stm32cubeide_1.6.1/stm32cubeide/plugins/com.st.stm32cube.ide.mcu.externaltools.gnu-tools-for-stm32.9-2020-q2-update.win32_1.5.0.202011040924/tools/bin/../lib/gcc/arm-none-eabi/9.3.1/../../../../arm-none-eabi/lib/thumb/v7e-m+dp/hard\libc_nano.a(lib_a-findfp.o)
                0x00000000080087e8                __sfp_lock_release
 .text.__sinit_lock_acquire
                0x00000000080087f4        0xc c:/st/stm32cubeide_1.6.1/stm32cubeide/plugins/com.st.stm32cube.ide.mcu.externaltools.gnu-tools-for-stm32.9-2020-q2-update.win32_1.5.0.202011040924/tools/bin/../lib/gcc/arm-none-eabi/9.3.1/../../../../arm-none-eabi/lib/thumb/v7e-m+dp/hard\libc_nano.a(lib_a-findfp.o)
                0x00000000080087f4                __sinit_lock_acquire
 .text.__sinit_lock_release
                0x0000000008008800        0xc c:/st/stm32cubeide_1.6.1/stm32cubeide/plugins/com.st.stm32cube.ide.mcu.externaltools.gnu-tools-for-stm32.9-2020-q2-update.win32_1.5.0.202011040924/tools/bin/../lib/gcc/arm-none-eabi/9.3.1/../../../../arm-none-eabi/lib/thumb/v7e-m+dp/hard\libc_nano.a(lib_a-findfp.o)
                0x0000000008008800                __sinit_lock_release
 .text.__sinit  0x000000000800880c       0x70 c:/st/stm32cubeide_1.6.1/stm32cubeide/plugins/com.st.stm32cube.ide.mcu.externaltools.gnu-tools-for-stm32.9-2020-q2-update.win32_1.5.0.202011040924/tools/bin/../lib/gcc/arm-none-eabi/9.3.1/../../../../arm-none-eabi/lib/thumb/v7e-m+dp/hard\libc_nano.a(lib_a-findfp.o)
                0x000000000800880c                __sinit
 .text.__sfp    0x000000000800887c       0x8c c:/st/stm32cubeide_1.6.1/stm32cubeide/plugins/com.st.stm32cube.ide.mcu.externaltools.gnu-tools-for-stm32.9-2020-q2-update.win32_1.5.0.202011040924/tools/bin/../lib/gcc/arm-none-eabi/9.3.1/../../../../arm-none-eabi/lib/thumb/v7e-m+dp/hard\libc_nano.a(lib_a-findfp.o)
                0x000000000800887c                __sfp
 .text._fwalk_reent
                0x0000000008008908       0x3e c:/st/stm32cubeide_1.6.1/stm32cubeide/plugins/com.st.stm32cube.ide.mcu.externaltools.gnu-tools-for-stm32.9-2020-q2-update.win32_1.5.0.202011040924/tools/bin/../lib/gcc/arm-none-eabi/9.3.1/../../../../arm-none-eabi/lib/thumb/v7e-m+dp/hard\libc_nano.a(lib_a-fwalk.o)
                0x0000000008008908                _fwalk_reent
 .text.__retarget_lock_init_recursive
                0x0000000008008946        0x2 c:/st/stm32cubeide_1.6.1/stm32cubeide/plugins/com.st.stm32cube.ide.mcu.externaltools.gnu-tools-for-stm32.9-2020-q2-update.win32_1.5.0.202011040924/tools/bin/../lib/gcc/arm-none-eabi/9.3.1/../../../../arm-none-eabi/lib/thumb/v7e-m+dp/hard\libc_nano.a(lib_a-lock.o)
                0x0000000008008946                __retarget_lock_init_recursive
 .text.__retarget_lock_acquire_recursive
                0x0000000008008948        0x2 c:/st/stm32cubeide_1.6.1/stm32cubeide/plugins/com.st.stm32cube.ide.mcu.externaltools.gnu-tools-for-stm32.9-2020-q2-update.win32_1.5.0.202011040924/tools/bin/../lib/gcc/arm-none-eabi/9.3.1/../../../../arm-none-eabi/lib/thumb/v7e-m+dp/hard\libc_nano.a(lib_a-lock.o)
                0x0000000008008948                __retarget_lock_acquire_recursive
 .text.__retarget_lock_release_recursive
                0x000000000800894a        0x2 c:/st/stm32cubeide_1.6.1/stm32cubeide/plugins/com.st.stm32cube.ide.mcu.externaltools.gnu-tools-for-stm32.9-2020-q2-update.win32_1.5.0.202011040924/tools/bin/../lib/gcc/arm-none-eabi/9.3.1/../../../../arm-none-eabi/lib/thumb/v7e-m+dp/hard\libc_nano.a(lib_a-lock.o)
                0x000000000800894a                __retarget_lock_release_recursive
 .text.__malloc_lock
                0x000000000800894c        0xc c:/st/stm32cubeide_1.6.1/stm32cubeide/plugins/com.st.stm32cube.ide.mcu.externaltools.gnu-tools-for-stm32.9-2020-q2-update.win32_1.5.0.202011040924/tools/bin/../lib/gcc/arm-none-eabi/9.3.1/../../../../arm-none-eabi/lib/thumb/v7e-m+dp/hard\libc_nano.a(lib_a-mlock.o)
                0x000000000800894c                __malloc_lock
 .text.__malloc_unlock
                0x0000000008008958        0xc c:/st/stm32cubeide_1.6.1/stm32cubeide/plugins/com.st.stm32cube.ide.mcu.externaltools.gnu-tools-for-stm32.9-2020-q2-update.win32_1.5.0.202011040924/tools/bin/../lib/gcc/arm-none-eabi/9.3.1/../../../../arm-none-eabi/lib/thumb/v7e-m+dp/hard\libc_nano.a(lib_a-mlock.o)
                0x0000000008008958                __malloc_unlock
 .text.__sfputc_r
                0x0000000008008964       0x2e c:/st/stm32cubeide_1.6.1/stm32cubeide/plugins/com.st.stm32cube.ide.mcu.externaltools.gnu-tools-for-stm32.9-2020-q2-update.win32_1.5.0.202011040924/tools/bin/../lib/gcc/arm-none-eabi/9.3.1/../../../../arm-none-eabi/lib/thumb/v7e-m+dp/hard\libc_nano.a(lib_a-nano-vfprintf.o)
 .text.__sfputs_r
                0x0000000008008992       0x24 c:/st/stm32cubeide_1.6.1/stm32cubeide/plugins/com.st.stm32cube.ide.mcu.externaltools.gnu-tools-for-stm32.9-2020-q2-update.win32_1.5.0.202011040924/tools/bin/../lib/gcc/arm-none-eabi/9.3.1/../../../../arm-none-eabi/lib/thumb/v7e-m+dp/hard\libc_nano.a(lib_a-nano-vfprintf.o)
                0x0000000008008992                __sfputs_r
 *fill*         0x00000000080089b6        0x2 
 .text._vfprintf_r
                0x00000000080089b8      0x260 c:/st/stm32cubeide_1.6.1/stm32cubeide/plugins/com.st.stm32cube.ide.mcu.externaltools.gnu-tools-for-stm32.9-2020-q2-update.win32_1.5.0.202011040924/tools/bin/../lib/gcc/arm-none-eabi/9.3.1/../../../../arm-none-eabi/lib/thumb/v7e-m+dp/hard\libc_nano.a(lib_a-nano-vfprintf.o)
                0x00000000080089b8                _vfprintf_r
                0x00000000080089b8                _vfiprintf_r
 .text._printf_common
                0x0000000008008c18       0xda c:/st/stm32cubeide_1.6.1/stm32cubeide/plugins/com.st.stm32cube.ide.mcu.externaltools.gnu-tools-for-stm32.9-2020-q2-update.win32_1.5.0.202011040924/tools/bin/../lib/gcc/arm-none-eabi/9.3.1/../../../../arm-none-eabi/lib/thumb/v7e-m+dp/hard\libc_nano.a(lib_a-nano-vfprintf_i.o)
                0x0000000008008c18                _printf_common
 *fill*         0x0000000008008cf2        0x2 
 .text._printf_i
                0x0000000008008cf4      0x24c c:/st/stm32cubeide_1.6.1/stm32cubeide/plugins/com.st.stm32cube.ide.mcu.externaltools.gnu-tools-for-stm32.9-2020-q2-update.win32_1.5.0.202011040924/tools/bin/../lib/gcc/arm-none-eabi/9.3.1/../../../../arm-none-eabi/lib/thumb/v7e-m+dp/hard\libc_nano.a(lib_a-nano-vfprintf_i.o)
                0x0000000008008cf4                _printf_i
 .text._putc_r  0x0000000008008f40       0x90 c:/st/stm32cubeide_1.6.1/stm32cubeide/plugins/com.st.stm32cube.ide.mcu.externaltools.gnu-tools-for-stm32.9-2020-q2-update.win32_1.5.0.202011040924/tools/bin/../lib/gcc/arm-none-eabi/9.3.1/../../../../arm-none-eabi/lib/thumb/v7e-m+dp/hard\libc_nano.a(lib_a-putc.o)
                0x0000000008008f40                _putc_r
 .text.__sread  0x0000000008008fd0       0x22 c:/st/stm32cubeide_1.6.1/stm32cubeide/plugins/com.st.stm32cube.ide.mcu.externaltools.gnu-tools-for-stm32.9-2020-q2-update.win32_1.5.0.202011040924/tools/bin/../lib/gcc/arm-none-eabi/9.3.1/../../../../arm-none-eabi/lib/thumb/v7e-m+dp/hard\libc_nano.a(lib_a-stdio.o)
                0x0000000008008fd0                __sread
 .text.__swrite
                0x0000000008008ff2       0x38 c:/st/stm32cubeide_1.6.1/stm32cubeide/plugins/com.st.stm32cube.ide.mcu.externaltools.gnu-tools-for-stm32.9-2020-q2-update.win32_1.5.0.202011040924/tools/bin/../lib/gcc/arm-none-eabi/9.3.1/../../../../arm-none-eabi/lib/thumb/v7e-m+dp/hard\libc_nano.a(lib_a-stdio.o)
                0x0000000008008ff2                __swrite
 .text.__sseek  0x000000000800902a       0x24 c:/st/stm32cubeide_1.6.1/stm32cubeide/plugins/com.st.stm32cube.ide.mcu.externaltools.gnu-tools-for-stm32.9-2020-q2-update.win32_1.5.0.202011040924/tools/bin/../lib/gcc/arm-none-eabi/9.3.1/../../../../arm-none-eabi/lib/thumb/v7e-m+dp/hard\libc_nano.a(lib_a-stdio.o)
                0x000000000800902a                __sseek
 .text.__sclose
                0x000000000800904e        0x8 c:/st/stm32cubeide_1.6.1/stm32cubeide/plugins/com.st.stm32cube.ide.mcu.externaltools.gnu-tools-for-stm32.9-2020-q2-update.win32_1.5.0.202011040924/tools/bin/../lib/gcc/arm-none-eabi/9.3.1/../../../../arm-none-eabi/lib/thumb/v7e-m+dp/hard\libc_nano.a(lib_a-stdio.o)
                0x000000000800904e                __sclose
 *fill*         0x0000000008009056        0x2 
 .text.__swbuf_r
                0x0000000008009058       0xa4 c:/st/stm32cubeide_1.6.1/stm32cubeide/plugins/com.st.stm32cube.ide.mcu.externaltools.gnu-tools-for-stm32.9-2020-q2-update.win32_1.5.0.202011040924/tools/bin/../lib/gcc/arm-none-eabi/9.3.1/../../../../arm-none-eabi/lib/thumb/v7e-m+dp/hard\libc_nano.a(lib_a-wbuf.o)
                0x0000000008009058                __swbuf_r
 .text._write_r
                0x00000000080090fc       0x24 c:/st/stm32cubeide_1.6.1/stm32cubeide/plugins/com.st.stm32cube.ide.mcu.externaltools.gnu-tools-for-stm32.9-2020-q2-update.win32_1.5.0.202011040924/tools/bin/../lib/gcc/arm-none-eabi/9.3.1/../../../../arm-none-eabi/lib/thumb/v7e-m+dp/hard\libc_nano.a(lib_a-writer.o)
                0x00000000080090fc                _write_r
 .text.__swsetup_r
                0x0000000008009120       0xdc c:/st/stm32cubeide_1.6.1/stm32cubeide/plugins/com.st.stm32cube.ide.mcu.externaltools.gnu-tools-for-stm32.9-2020-q2-update.win32_1.5.0.202011040924/tools/bin/../lib/gcc/arm-none-eabi/9.3.1/../../../../arm-none-eabi/lib/thumb/v7e-m+dp/hard\libc_nano.a(lib_a-wsetup.o)
                0x0000000008009120                __swsetup_r
 .text._close_r
                0x00000000080091fc       0x20 c:/st/stm32cubeide_1.6.1/stm32cubeide/plugins/com.st.stm32cube.ide.mcu.externaltools.gnu-tools-for-stm32.9-2020-q2-update.win32_1.5.0.202011040924/tools/bin/../lib/gcc/arm-none-eabi/9.3.1/../../../../arm-none-eabi/lib/thumb/v7e-m+dp/hard\libc_nano.a(lib_a-closer.o)
                0x00000000080091fc                _close_r
 .text.__sflush_r
                0x000000000800921c      0x10c c:/st/stm32cubeide_1.6.1/stm32cubeide/plugins/com.st.stm32cube.ide.mcu.externaltools.gnu-tools-for-stm32.9-2020-q2-update.win32_1.5.0.202011040924/tools/bin/../lib/gcc/arm-none-eabi/9.3.1/../../../../arm-none-eabi/lib/thumb/v7e-m+dp/hard\libc_nano.a(lib_a-fflush.o)
                0x000000000800921c                __sflush_r
 .text._fflush_r
                0x0000000008009328       0x78 c:/st/stm32cubeide_1.6.1/stm32cubeide/plugins/com.st.stm32cube.ide.mcu.externaltools.gnu-tools-for-stm32.9-2020-q2-update.win32_1.5.0.202011040924/tools/bin/../lib/gcc/arm-none-eabi/9.3.1/../../../../arm-none-eabi/lib/thumb/v7e-m+dp/hard\libc_nano.a(lib_a-fflush.o)
                0x0000000008009328                _fflush_r
 .text._lseek_r
                0x00000000080093a0       0x24 c:/st/stm32cubeide_1.6.1/stm32cubeide/plugins/com.st.stm32cube.ide.mcu.externaltools.gnu-tools-for-stm32.9-2020-q2-update.win32_1.5.0.202011040924/tools/bin/../lib/gcc/arm-none-eabi/9.3.1/../../../../arm-none-eabi/lib/thumb/v7e-m+dp/hard\libc_nano.a(lib_a-lseekr.o)
                0x00000000080093a0                _lseek_r
 .text.__swhatbuf_r
                0x00000000080093c4       0x48 c:/st/stm32cubeide_1.6.1/stm32cubeide/plugins/com.st.stm32cube.ide.mcu.externaltools.gnu-tools-for-stm32.9-2020-q2-update.win32_1.5.0.202011040924/tools/bin/../lib/gcc/arm-none-eabi/9.3.1/../../../../arm-none-eabi/lib/thumb/v7e-m+dp/hard\libc_nano.a(lib_a-makebuf.o)
                0x00000000080093c4                __swhatbuf_r
 .text.__smakebuf_r
                0x000000000800940c       0x80 c:/st/stm32cubeide_1.6.1/stm32cubeide/plugins/com.st.stm32cube.ide.mcu.externaltools.gnu-tools-for-stm32.9-2020-q2-update.win32_1.5.0.202011040924/tools/bin/../lib/gcc/arm-none-eabi/9.3.1/../../../../arm-none-eabi/lib/thumb/v7e-m+dp/hard\libc_nano.a(lib_a-makebuf.o)
                0x000000000800940c                __smakebuf_r
 .text._read_r  0x000000000800948c       0x24 c:/st/stm32cubeide_1.6.1/stm32cubeide/plugins/com.st.stm32cube.ide.mcu.externaltools.gnu-tools-for-stm32.9-2020-q2-update.win32_1.5.0.202011040924/tools/bin/../lib/gcc/arm-none-eabi/9.3.1/../../../../arm-none-eabi/lib/thumb/v7e-m+dp/hard\libc_nano.a(lib_a-readr.o)
                0x000000000800948c                _read_r
 .text._fstat_r
                0x00000000080094b0       0x24 c:/st/stm32cubeide_1.6.1/stm32cubeide/plugins/com.st.stm32cube.ide.mcu.externaltools.gnu-tools-for-stm32.9-2020-q2-update.win32_1.5.0.202011040924/tools/bin/../lib/gcc/arm-none-eabi/9.3.1/../../../../arm-none-eabi/lib/thumb/v7e-m+dp/hard\libc_nano.a(lib_a-fstatr.o)
                0x00000000080094b0                _fstat_r
 .text._isatty_r
                0x00000000080094d4       0x20 c:/st/stm32cubeide_1.6.1/stm32cubeide/plugins/com.st.stm32cube.ide.mcu.externaltools.gnu-tools-for-stm32.9-2020-q2-update.win32_1.5.0.202011040924/tools/bin/../lib/gcc/arm-none-eabi/9.3.1/../../../../arm-none-eabi/lib/thumb/v7e-m+dp/hard\libc_nano.a(lib_a-isattyr.o)
                0x00000000080094d4                _isatty_r
 *(.glue_7)
 .glue_7        0x00000000080094f4        0x0 linker stubs
 *(.glue_7t)
 .glue_7t       0x00000000080094f4        0x0 linker stubs
 *(.eh_frame)
 .eh_frame      0x00000000080094f4        0x0 c:/st/stm32cubeide_1.6.1/stm32cubeide/plugins/com.st.stm32cube.ide.mcu.externaltools.gnu-tools-for-stm32.9-2020-q2-update.win32_1.5.0.202011040924/tools/bin/../lib/gcc/arm-none-eabi/9.3.1/thumb/v7e-m+dp/hard/crtbegin.o
 *(.init)
 .init          0x00000000080094f4        0x4 c:/st/stm32cubeide_1.6.1/stm32cubeide/plugins/com.st.stm32cube.ide.mcu.externaltools.gnu-tools-for-stm32.9-2020-q2-update.win32_1.5.0.202011040924/tools/bin/../lib/gcc/arm-none-eabi/9.3.1/thumb/v7e-m+dp/hard/crti.o
                0x00000000080094f4                _init
 .init          0x00000000080094f8        0x8 c:/st/stm32cubeide_1.6.1/stm32cubeide/plugins/com.st.stm32cube.ide.mcu.externaltools.gnu-tools-for-stm32.9-2020-q2-update.win32_1.5.0.202011040924/tools/bin/../lib/gcc/arm-none-eabi/9.3.1/thumb/v7e-m+dp/hard/crtn.o
 *(.fini)
 .fini          0x0000000008009500        0x4 c:/st/stm32cubeide_1.6.1/stm32cubeide/plugins/com.st.stm32cube.ide.mcu.externaltools.gnu-tools-for-stm32.9-2020-q2-update.win32_1.5.0.202011040924/tools/bin/../lib/gcc/arm-none-eabi/9.3.1/thumb/v7e-m+dp/hard/crti.o
                0x0000000008009500                _fini
 .fini          0x0000000008009504        0x8 c:/st/stm32cubeide_1.6.1/stm32cubeide/plugins/com.st.stm32cube.ide.mcu.externaltools.gnu-tools-for-stm32.9-2020-q2-update.win32_1.5.0.202011040924/tools/bin/../lib/gcc/arm-none-eabi/9.3.1/thumb/v7e-m+dp/hard/crtn.o
                0x000000000800950c                . = ALIGN (0x4)
                0x000000000800950c                _etext = .

.vfp11_veneer   0x000000000800950c        0x0
 .vfp11_veneer  0x000000000800950c        0x0 linker stubs

.v4_bx          0x000000000800950c        0x0
 .v4_bx         0x000000000800950c        0x0 linker stubs

.iplt           0x000000000800950c        0x0
 .iplt          0x000000000800950c        0x0 c:/st/stm32cubeide_1.6.1/stm32cubeide/plugins/com.st.stm32cube.ide.mcu.externaltools.gnu-tools-for-stm32.9-2020-q2-update.win32_1.5.0.202011040924/tools/bin/../lib/gcc/arm-none-eabi/9.3.1/thumb/v7e-m+dp/hard/crtbegin.o

.rodata         0x000000000800950c      0x1e8
                0x000000000800950c                . = ALIGN (0x4)
 *(.rodata)
 .rodata        0x000000000800950c       0x5c Drivers/STM32H7xx_HAL_Driver/Src/stm32h7xx_hal_fdcan.o
 .rodata        0x0000000008009568       0x18 Drivers/STM32H7xx_HAL_Driver/Src/stm32h7xx_hal_uart.o
                0x0000000008009568                UARTPrescTable
 .rodata        0x0000000008009580        0x8 Drivers/STM32H7xx_HAL_Driver/Src/stm32h7xx_hal_uart_ex.o
 .rodata        0x0000000008009588       0x38 Src/main.o
 .rodata        0x00000000080095c0       0x10 Src/system_stm32h7xx.o
                0x00000000080095c0                D1CorePrescTable