Archive member included to satisfy reference by file (symbol)

c:/ac6/systemworkbench/plugins/fr.ac6.mcu.externaltools.arm-none.win32_1.17.0.201812190825/tools/compiler/bin/../lib/gcc/arm-none-eabi/7.3.1/thumb/v7e-m/fpv5/hard\libgcc.a(_aeabi_uldivmod.o)
                              Drivers/STM32H7xx_HAL_Driver/Src/stm32h7xx_hal_uart.o (__aeabi_uldivmod)
c:/ac6/systemworkbench/plugins/fr.ac6.mcu.externaltools.arm-none.win32_1.17.0.201812190825/tools/compiler/bin/../lib/gcc/arm-none-eabi/7.3.1/thumb/v7e-m/fpv5/hard\libgcc.a(_udivmoddi4.o)
                              c:/ac6/systemworkbench/plugins/fr.ac6.mcu.externaltools.arm-none.win32_1.17.0.201812190825/tools/compiler/bin/../lib/gcc/arm-none-eabi/7.3.1/thumb/v7e-m/fpv5/hard\libgcc.a(_aeabi_uldivmod.o) (__udivmoddi4)
c:/ac6/systemworkbench/plugins/fr.ac6.mcu.externaltools.arm-none.win32_1.17.0.201812190825/tools/compiler/bin/../lib/gcc/arm-none-eabi/7.3.1/thumb/v7e-m/fpv5/hard\libgcc.a(_dvmd_tls.o)
                              c:/ac6/systemworkbench/plugins/fr.ac6.mcu.externaltools.arm-none.win32_1.17.0.201812190825/tools/compiler/bin/../lib/gcc/arm-none-eabi/7.3.1/thumb/v7e-m/fpv5/hard\libgcc.a(_aeabi_uldivmod.o) (__aeabi_ldiv0)
c:/ac6/systemworkbench/plugins/fr.ac6.mcu.externaltools.arm-none.win32_1.17.0.201812190825/tools/compiler/bin/../lib/gcc/arm-none-eabi/7.3.1/../../../../arm-none-eabi/lib/thumb/v7e-m/fpv5/hard\libc_nano.a(lib_a-errno.o)
                              Src/syscalls.o (__errno)
c:/ac6/systemworkbench/plugins/fr.ac6.mcu.externaltools.arm-none.win32_1.17.0.201812190825/tools/compiler/bin/../lib/gcc/arm-none-eabi/7.3.1/../../../../arm-none-eabi/lib/thumb/v7e-m/fpv5/hard\libc_nano.a(lib_a-exit.o)
                              c:/ac6/systemworkbench/plugins/fr.ac6.mcu.externaltools.arm-none.win32_1.17.0.201812190825/tools/compiler/bin/../lib/gcc/arm-none-eabi/7.3.1/../../../../arm-none-eabi/lib/thumb/v7e-m/fpv5/hard/crt0.o (exit)
c:/ac6/systemworkbench/plugins/fr.ac6.mcu.externaltools.arm-none.win32_1.17.0.201812190825/tools/compiler/bin/../lib/gcc/arm-none-eabi/7.3.1/../../../../arm-none-eabi/lib/thumb/v7e-m/fpv5/hard\libc_nano.a(lib_a-impure.o)
                              c:/ac6/systemworkbench/plugins/fr.ac6.mcu.externaltools.arm-none.win32_1.17.0.201812190825/tools/compiler/bin/../lib/gcc/arm-none-eabi/7.3.1/../../../../arm-none-eabi/lib/thumb/v7e-m/fpv5/hard\libc_nano.a(lib_a-exit.o) (_global_impure_ptr)
c:/ac6/systemworkbench/plugins/fr.ac6.mcu.externaltools.arm-none.win32_1.17.0.201812190825/tools/compiler/bin/../lib/gcc/arm-none-eabi/7.3.1/../../../../arm-none-eabi/lib/thumb/v7e-m/fpv5/hard\libc_nano.a(lib_a-init.o)
                              c:/ac6/systemworkbench/plugins/fr.ac6.mcu.externaltools.arm-none.win32_1.17.0.201812190825/tools/compiler/bin/../lib/gcc/arm-none-eabi/7.3.1/../../../../arm-none-eabi/lib/thumb/v7e-m/fpv5/hard/crt0.o (__libc_init_array)
c:/ac6/systemworkbench/plugins/fr.ac6.mcu.externaltools.arm-none.win32_1.17.0.201812190825/tools/compiler/bin/../lib/gcc/arm-none-eabi/7.3.1/../../../../arm-none-eabi/lib/thumb/v7e-m/fpv5/hard\libc_nano.a(lib_a-malloc.o)
                              Middlewares/ST/STM32_USB_Device_Library/Class/CDC/Src/usbd_cdc.o (malloc)
c:/ac6/systemworkbench/plugins/fr.ac6.mcu.externaltools.arm-none.win32_1.17.0.201812190825/tools/compiler/bin/../lib/gcc/arm-none-eabi/7.3.1/../../../../arm-none-eabi/lib/thumb/v7e-m/fpv5/hard\libc_nano.a(lib_a-memcpy-stub.o)
                              Drivers/STM32H7xx_HAL_Driver/Src/stm32h7xx_hal_fdcan.o (memcpy)
c:/ac6/systemworkbench/plugins/fr.ac6.mcu.externaltools.arm-none.win32_1.17.0.201812190825/tools/compiler/bin/../lib/gcc/arm-none-eabi/7.3.1/../../../../arm-none-eabi/lib/thumb/v7e-m/fpv5/hard\libc_nano.a(lib_a-memset.o)
                              c:/ac6/systemworkbench/plugins/fr.ac6.mcu.externaltools.arm-none.win32_1.17.0.201812190825/tools/compiler/bin/../lib/gcc/arm-none-eabi/7.3.1/../../../../arm-none-eabi/lib/thumb/v7e-m/fpv5/hard/crt0.o (memset)
c:/ac6/systemworkbench/plugins/fr.ac6.mcu.externaltools.arm-none.win32_1.17.0.201812190825/tools/compiler/bin/../lib/gcc/arm-none-eabi/7.3.1/../../../../arm-none-eabi/lib/thumb/v7e-m/fpv5/hard\libc_nano.a(lib_a-nano-freer.o)
                              c:/ac6/systemworkbench/plugins/fr.ac6.mcu.externaltools.arm-none.win32_1.17.0.201812190825/tools/compiler/bin/../lib/gcc/arm-none-eabi/7.3.1/../../../../arm-none-eabi/lib/thumb/v7e-m/fpv5/hard\libc_nano.a(lib_a-malloc.o) (_free_r)
c:/ac6/systemworkbench/plugins/fr.ac6.mcu.externaltools.arm-none.win32_1.17.0.201812190825/tools/compiler/bin/../lib/gcc/arm-none-eabi/7.3.1/../../../../arm-none-eabi/lib/thumb/v7e-m/fpv5/hard\libc_nano.a(lib_a-nano-mallocr.o)
                              c:/ac6/systemworkbench/plugins/fr.ac6.mcu.externaltools.arm-none.win32_1.17.0.201812190825/tools/compiler/bin/../lib/gcc/arm-none-eabi/7.3.1/../../../../arm-none-eabi/lib/thumb/v7e-m/fpv5/hard\libc_nano.a(lib_a-malloc.o) (_malloc_r)
[...]
Memory Configuration

Name             Origin             Length             Attributes
DTCMRAM          0x20000000         0x00020000         xrw
RAM_D1           0x24000000         0x00080000         xrw
RAM_D2           0x30000000         0x00048000         xrw
RAM_D3           0x38000000         0x00010000         xrw
ITCMRAM          0x00000000         0x00010000         xrw
FLASH            0x08000000         0x00020000         xr
*default*        0x00000000         0xffffffff

Linker script and memory map

LOAD c:/ac6/systemworkbench/plugins/fr.ac6.mcu.externaltools.arm-none.win32_1.17.0.201812190825/tools/compiler/bin/../lib/gcc/arm-none-eabi/7.3.1/thumb/v7e-m/fpv5/hard/crti.o
LOAD c:/ac6/systemworkbench/plugins/fr.ac6.mcu.externaltools.arm-none.win32_1.17.0.201812190825/tools/compiler/bin/../lib/gcc/arm-none-eabi/7.3.1/thumb/v7e-m/fpv5/hard/crtbegin.o
LOAD c:/ac6/systemworkbench/plugins/fr.ac6.mcu.externaltools.arm-none.win32_1.17.0.201812190825/tools/compiler/bin/../lib/gcc/arm-none-eabi/7.3.1/../../../../arm-none-eabi/lib/thumb/v7e-m/fpv5/hard/crt0.o
LOAD Drivers/STM32H7xx_HAL_Driver/Src/stm32h7xx_hal.o
LOAD Drivers/STM32H7xx_HAL_Driver/Src/stm32h7xx_hal_cortex.o
LOAD Drivers/STM32H7xx_HAL_Driver/Src/stm32h7xx_hal_dma.o
LOAD Drivers/STM32H7xx_HAL_Driver/Src/stm32h7xx_hal_dma_ex.o
LOAD Drivers/STM32H7xx_HAL_Driver/Src/stm32h7xx_hal_exti.o
LOAD Drivers/STM32H7xx_HAL_Driver/Src/stm32h7xx_hal_fdcan.o
LOAD Drivers/STM32H7xx_HAL_Driver/Src/stm32h7xx_hal_flash.o
LOAD Drivers/STM32H7xx_HAL_Driver/Src/stm32h7xx_hal_flash_ex.o
LOAD Drivers/STM32H7xx_HAL_Driver/Src/stm32h7xx_hal_gpio.o
LOAD Drivers/STM32H7xx_HAL_Driver/Src/stm32h7xx_hal_hsem.o
LOAD Drivers/STM32H7xx_HAL_Driver/Src/stm32h7xx_hal_i2c.o
LOAD Drivers/STM32H7xx_HAL_Driver/Src/stm32h7xx_hal_i2c_ex.o
LOAD Drivers/STM32H7xx_HAL_Driver/Src/stm32h7xx_hal_mdma.o
LOAD Drivers/STM32H7xx_HAL_Driver/Src/stm32h7xx_hal_pcd.o
LOAD Drivers/STM32H7xx_HAL_Driver/Src/stm32h7xx_hal_pcd_ex.o
LOAD Drivers/STM32H7xx_HAL_Driver/Src/stm32h7xx_hal_pwr.o
LOAD Drivers/STM32H7xx_HAL_Driver/Src/stm32h7xx_hal_pwr_ex.o
LOAD Drivers/STM32H7xx_HAL_Driver/Src/stm32h7xx_hal_rcc.o
LOAD Drivers/STM32H7xx_HAL_Driver/Src/stm32h7xx_hal_rcc_ex.o
LOAD Drivers/STM32H7xx_HAL_Driver/Src/stm32h7xx_hal_rtc.o
LOAD Drivers/STM32H7xx_HAL_Driver/Src/stm32h7xx_hal_rtc_ex.o
LOAD Drivers/STM32H7xx_HAL_Driver/Src/stm32h7xx_hal_spi.o
LOAD Drivers/STM32H7xx_HAL_Driver/Src/stm32h7xx_hal_spi_ex.o
LOAD Drivers/STM32H7xx_HAL_Driver/Src/stm32h7xx_hal_tim.o
LOAD Drivers/STM32H7xx_HAL_Driver/Src/stm32h7xx_hal_tim_ex.o
LOAD Drivers/STM32H7xx_HAL_Driver/Src/stm32h7xx_hal_uart.o
LOAD Drivers/STM32H7xx_HAL_Driver/Src/stm32h7xx_hal_uart_ex.o
LOAD Drivers/STM32H7xx_HAL_Driver/Src/stm32h7xx_ll_usb.o
LOAD Middlewares/ST/STM32_USB_Device_Library/Class/CDC/Src/usbd_cdc.o
LOAD Middlewares/ST/STM32_USB_Device_Library/Core/Src/usbd_core.o
LOAD Middlewares/ST/STM32_USB_Device_Library/Core/Src/usbd_ctlreq.o
LOAD Middlewares/ST/STM32_USB_Device_Library/Core/Src/usbd_ioreq.o
LOAD Src/main.o
LOAD Src/stm32h7xx_hal_msp.o
LOAD Src/stm32h7xx_hal_timebase_tim.o
LOAD Src/stm32h7xx_it.o
LOAD Src/syscalls.o
LOAD Src/system_stm32h7xx.o
LOAD Src/usb_device.o
LOAD Src/usbd_cdc_if.o
LOAD Src/usbd_conf.o
LOAD Src/usbd_desc.o
LOAD startup/startup_stm32h750xx.o
LOAD c:/ac6/systemworkbench/plugins/fr.ac6.mcu.externaltools.arm-none.win32_1.17.0.201812190825/tools/compiler/bin/../lib/gcc/arm-none-eabi/7.3.1/../../../../arm-none-eabi/lib/thumb/v7e-m/fpv5/hard\libm.a
START GROUP
LOAD c:/ac6/systemworkbench/plugins/fr.ac6.mcu.externaltools.arm-none.win32_1.17.0.201812190825/tools/compiler/bin/../lib/gcc/arm-none-eabi/7.3.1/thumb/v7e-m/fpv5/hard\libgcc.a
LOAD c:/ac6/systemworkbench/plugins/fr.ac6.mcu.externaltools.arm-none.win32_1.17.0.201812190825/tools/compiler/bin/../lib/gcc/arm-none-eabi/7.3.1/../../../../arm-none-eabi/lib/thumb/v7e-m/fpv5/hard\libc_nano.a
END GROUP
START GROUP
LOAD c:/ac6/systemworkbench/plugins/fr.ac6.mcu.externaltools.arm-none.win32_1.17.0.201812190825/tools/compiler/bin/../lib/gcc/arm-none-eabi/7.3.1/thumb/v7e-m/fpv5/hard\libgcc.a
LOAD c:/ac6/systemworkbench/plugins/fr.ac6.mcu.externaltools.arm-none.win32_1.17.0.201812190825/tools/compiler/bin/../lib/gcc/arm-none-eabi/7.3.1/../../../../arm-none-eabi/lib/thumb/v7e-m/fpv5/hard\libc_nano.a
LOAD c:/ac6/systemworkbench/plugins/fr.ac6.mcu.externaltools.arm-none.win32_1.17.0.201812190825/tools/compiler/bin/../lib/gcc/arm-none-eabi/7.3.1/../../../../arm-none-eabi/lib/thumb/v7e-m/fpv5/hard\libnosys.a
END GROUP
START GROUP
LOAD c:/ac6/systemworkbench/plugins/fr.ac6.mcu.externaltools.arm-none.win32_1.17.0.201812190825/tools/compiler/bin/../lib/gcc/arm-none-eabi/7.3.1/thumb/v7e-m/fpv5/hard\libgcc.a
LOAD c:/ac6/systemworkbench/plugins/fr.ac6.mcu.externaltools.arm-none.win32_1.17.0.201812190825/tools/compiler/bin/../lib/gcc/arm-none-eabi/7.3.1/../../../../arm-none-eabi/lib/thumb/v7e-m/fpv5/hard\libc_nano.a
LOAD c:/ac6/systemworkbench/plugins/fr.ac6.mcu.externaltools.arm-none.win32_1.17.0.201812190825/tools/compiler/bin/../lib/gcc/arm-none-eabi/7.3.1/../../../../arm-none-eabi/lib/thumb/v7e-m/fpv5/hard\libnosys.a
END GROUP
LOAD c:/ac6/systemworkbench/plugins/fr.ac6.mcu.externaltools.arm-none.win32_1.17.0.201812190825/tools/compiler/bin/../lib/gcc/arm-none-eabi/7.3.1/thumb/v7e-m/fpv5/hard/crtend.o
LOAD c:/ac6/systemworkbench/plugins/fr.ac6.mcu.externaltools.arm-none.win32_1.17.0.201812190825/tools/compiler/bin/../lib/gcc/arm-none-eabi/7.3.1/thumb/v7e-m/fpv5/hard/crtn.o
                0x20020000                _estack = 0x20020000
                0x00000200                _Min_Heap_Size = 0x200
                0x00000400                _Min_Stack_Size = 0x400

.isr_vector     0x08000000      0x298
                0x08000000                . = ALIGN (0x4)
 *(.isr_vector)
 .isr_vector    0x08000000      0x298 startup/startup_stm32h750xx.o
                0x08000000                g_pfnVectors
                0x08000298                . = ALIGN (0x4)

.text           0x08000298     0x8dc4
                0x08000298                . = ALIGN (0x4)
 *(.text)
 .text          0x08000298       0x40 c:/ac6/systemworkbench/plugins/fr.ac6.mcu.externaltools.arm-none.win32_1.17.0.201812190825/tools/compiler/bin/../lib/gcc/arm-none-eabi/7.3.1/thumb/v7e-m/fpv5/hard/crtbegin.o
 .text          0x080002d8       0x30 c:/ac6/systemworkbench/plugins/fr.ac6.mcu.externaltools.arm-none.win32_1.17.0.201812190825/tools/compiler/bin/../lib/gcc/arm-none-eabi/7.3.1/thumb/v7e-m/fpv5/hard\libgcc.a(_aeabi_uldivmod.o)
                0x080002d8                __aeabi_uldivmod
 .text          0x08000308      0x2cc c:/ac6/systemworkbench/plugins/fr.ac6.mcu.externaltools.arm-none.win32_1.17.0.201812190825/tools/compiler/bin/../lib/gcc/arm-none-eabi/7.3.1/thumb/v7e-m/fpv5/hard\libgcc.a(_udivmoddi4.o)
                0x08000308                __udivmoddi4
 .text          0x080005d4        0x4 c:/ac6/systemworkbench/plugins/fr.ac6.mcu.externaltools.arm-none.win32_1.17.0.201812190825/tools/compiler/bin/../lib/gcc/arm-none-eabi/7.3.1/thumb/v7e-m/fpv5/hard\libgcc.a(_dvmd_tls.o)
                0x080005d4                __aeabi_idiv0
                0x080005d4                __aeabi_ldiv0
 *(.text*)
 .text.HAL_Init
                0x080005d8       0x5c Drivers/STM32H7xx_HAL_Driver/Src/stm32h7xx_hal.o
                0x080005d8                HAL_Init
 .text.HAL_IncTick
                0x08000634       0x18 Drivers/STM32H7xx_HAL_Driver/Src/stm32h7xx_hal.o
                0x08000634                HAL_IncTick
 .text.HAL_GetTick
                0x0800064c        0xc Drivers/STM32H7xx_HAL_Driver/Src/stm32h7xx_hal.o
                0x0800064c                HAL_GetTick
 .text.HAL_Delay
                0x08000658       0x28 Drivers/STM32H7xx_HAL_Driver/Src/stm32h7xx_hal.o
                0x08000658                HAL_Delay
 .text.HAL_GetREVID
                0x08000680        0xc Drivers/STM32H7xx_HAL_Driver/Src/stm32h7xx_hal.o
                0x08000680                HAL_GetREVID
 .text.HAL_NVIC_SetPriorityGrouping
                0x0800068c       0x24 Drivers/STM32H7xx_HAL_Driver/Src/stm32h7xx_hal_cortex.o
                0x0800068c                HAL_NVIC_SetPriorityGrouping
 .text.HAL_NVIC_SetPriority
                0x080006b0       0x64 Drivers/STM32H7xx_HAL_Driver/Src/stm32h7xx_hal_cortex.o
                0x080006b0                HAL_NVIC_SetPriority
 .text.HAL_NVIC_EnableIRQ
                0x08000714       0x1c Drivers/STM32H7xx_HAL_Driver/Src/stm32h7xx_hal_cortex.o
                0x08000714                HAL_NVIC_EnableIRQ
 .text.FDCAN_CalcultateRamBlockAddresses
                0x08000730      0x1d4 Drivers/STM32H7xx_HAL_Driver/Src/stm32h7xx_hal_fdcan.o
 .text.FDCAN_CopyMessageToRAM
                0x08000904       0x80 Drivers/STM32H7xx_HAL_Driver/Src/stm32h7xx_hal_fdcan.o
 .text.HAL_FDCAN_Init
                0x08000984      0x294 Drivers/STM32H7xx_HAL_Driver/Src/stm32h7xx_hal_fdcan.o
                0x08000984                HAL_FDCAN_Init
 .text.HAL_FDCAN_ConfigFilter
                0x08000c18       0x86 Drivers/STM32H7xx_HAL_Driver/Src/stm32h7xx_hal_fdcan.o
                0x08000c18                HAL_FDCAN_ConfigFilter
 .text.HAL_FDCAN_ConfigGlobalFilter
                0x08000c9e       0x38 Drivers/STM32H7xx_HAL_Driver/Src/stm32h7xx_hal_fdcan.o
                0x08000c9e                HAL_FDCAN_ConfigGlobalFilter
 .text.HAL_FDCAN_Start
                0x08000cd6       0x34 Drivers/STM32H7xx_HAL_Driver/Src/stm32h7xx_hal_fdcan.o
                0x08000cd6                HAL_FDCAN_Start
 .text.HAL_FDCAN_AddMessageToTxFifoQ
                0x08000d0a       0x74 Drivers/STM32H7xx_HAL_Driver/Src/stm32h7xx_hal_fdcan.o
                0x08000d0a                HAL_FDCAN_AddMessageToTxFifoQ
 *fill*         0x08000d7e        0x2 
 .text.HAL_FDCAN_GetRxMessage
                0x08000d80      0x19c Drivers/STM32H7xx_HAL_Driver/Src/stm32h7xx_hal_fdcan.o
                0x08000d80                HAL_FDCAN_GetRxMessage
 .text.HAL_FDCAN_ActivateNotification
                0x08000f1c       0x90 Drivers/STM32H7xx_HAL_Driver/Src/stm32h7xx_hal_fdcan.o
                0x08000f1c                HAL_FDCAN_ActivateNotification
 .text.HAL_FDCAN_ClockCalibrationCallback
                0x08000fac        0x2 Drivers/STM32H7xx_HAL_Driver/Src/stm32h7xx_hal_fdcan.o
                0x08000fac                HAL_FDCAN_ClockCalibrationCallback
 .text.HAL_FDCAN_TxEventFifoCallback
                0x08000fae        0x2 Drivers/STM32H7xx_HAL_Driver/Src/stm32h7xx_hal_fdcan.o
                0x08000fae                HAL_FDCAN_TxEventFifoCallback
 .text.HAL_FDCAN_RxFifo1Callback
                0x08000fb0        0x2 Drivers/STM32H7xx_HAL_Driver/Src/stm32h7xx_hal_fdcan.o
                0x08000fb0                HAL_FDCAN_RxFifo1Callback
 .text.HAL_FDCAN_TxFifoEmptyCallback
                0x08000fb2        0x2 Drivers/STM32H7xx_HAL_Driver/Src/stm32h7xx_hal_fdcan.o
                0x08000fb2                HAL_FDCAN_TxFifoEmptyCallback
 .text.HAL_FDCAN_TxBufferCompleteCallback
                0x08000fb4        0x2 Drivers/STM32H7xx_HAL_Driver/Src/stm32h7xx_hal_fdcan.o
                0x08000fb4                HAL_FDCAN_TxBufferCompleteCallback
 .text.HAL_FDCAN_TxBufferAbortCallback
                0x08000fb6        0x2 Drivers/STM32H7xx_HAL_Driver/Src/stm32h7xx_hal_fdcan.o
                0x08000fb6                HAL_FDCAN_TxBufferAbortCallback
 .text.HAL_FDCAN_RxBufferNewMessageCallback
                0x08000fb8        0x2 Drivers/STM32H7xx_HAL_Driver/Src/stm32h7xx_hal_fdcan.o
                0x08000fb8                HAL_FDCAN_RxBufferNewMessageCallback
 .text.HAL_FDCAN_TimestampWraparoundCallback
                0x08000fba        0x2 Drivers/STM32H7xx_HAL_Driver/Src/stm32h7xx_hal_fdcan.o
                0x08000fba                HAL_FDCAN_TimestampWraparoundCallback
 .text.HAL_FDCAN_TimeoutOccurredCallback
                0x08000fbc        0x2 Drivers/STM32H7xx_HAL_Driver/Src/stm32h7xx_hal_fdcan.o
                0x08000fbc                HAL_FDCAN_TimeoutOccurredCallback
 .text.HAL_FDCAN_HighPriorityMessageCallback
                0x08000fbe        0x2 Drivers/STM32H7xx_HAL_Driver/Src/stm32h7xx_hal_fdcan.o
                0x08000fbe                HAL_FDCAN_HighPriorityMessageCallback
 .text.HAL_FDCAN_ErrorCallback
                0x08000fc0        0x2 Drivers/STM32H7xx_HAL_Driver/Src/stm32h7xx_hal_fdcan.o
                0x08000fc0                HAL_FDCAN_ErrorCallback
 .text.HAL_FDCAN_ErrorStatusCallback
                0x08000fc2        0x2 Drivers/STM32H7xx_HAL_Driver/Src/stm32h7xx_hal_fdcan.o
                0x08000fc2                HAL_FDCAN_ErrorStatusCallback
 .text.HAL_FDCAN_TT_ScheduleSyncCallback
                0x08000fc4        0x2 Drivers/STM32H7xx_HAL_Driver/Src/stm32h7xx_hal_fdcan.o
                0x08000fc4                HAL_FDCAN_TT_ScheduleSyncCallback
 .text.HAL_FDCAN_TT_TimeMarkCallback
                0x08000fc6        0x2 Drivers/STM32H7xx_HAL_Driver/Src/stm32h7xx_hal_fdcan.o
                0x08000fc6                HAL_FDCAN_TT_TimeMarkCallback
 .text.HAL_FDCAN_TT_StopWatchCallback
                0x08000fc8        0x2 Drivers/STM32H7xx_HAL_Driver/Src/stm32h7xx_hal_fdcan.o
                0x08000fc8                HAL_FDCAN_TT_StopWatchCallback
 .text.HAL_FDCAN_TT_GlobalTimeCallback
                0x08000fca        0x2 Drivers/STM32H7xx_HAL_Driver/Src/stm32h7xx_hal_fdcan.o
                0x08000fca                HAL_FDCAN_TT_GlobalTimeCallback
 .text.HAL_FDCAN_IRQHandler
                0x08000fcc      0x32c Drivers/STM32H7xx_HAL_Driver/Src/stm32h7xx_hal_fdcan.o
                0x08000fcc                HAL_FDCAN_IRQHandler
 .text.HAL_GPIO_Init
                0x080012f8      0x1e4 Drivers/STM32H7xx_HAL_Driver/Src/stm32h7xx_hal_gpio.o
                0x080012f8                HAL_GPIO_Init
 .text.HAL_GPIO_WritePin
                0x080014dc        0xc Drivers/STM32H7xx_HAL_Driver/Src/stm32h7xx_hal_gpio.o
                0x080014dc                HAL_GPIO_WritePin
 .text.HAL_I2C_Init
                0x080014e8       0xbc Drivers/STM32H7xx_HAL_Driver/Src/stm32h7xx_hal_i2c.o
                0x080014e8                HAL_I2C_Init
 .text.HAL_I2CEx_ConfigAnalogFilter
                0x080015a4       0x5c Drivers/STM32H7xx_HAL_Driver/Src/stm32h7xx_hal_i2c_ex.o
                0x080015a4                HAL_I2CEx_ConfigAnalogFilter
 .text.HAL_I2CEx_ConfigDigitalFilter
                0x08001600       0x58 Drivers/STM32H7xx_HAL_Driver/Src/stm32h7xx_hal_i2c_ex.o
                0x08001600                HAL_I2CEx_ConfigDigitalFilter
 .text.PCD_WriteEmptyTxFifo
                0x08001658       0xd4 Drivers/STM32H7xx_HAL_Driver/Src/stm32h7xx_hal_pcd.o
 .text.HAL_PCD_Init
                0x0800172c      0x130 Drivers/STM32H7xx_HAL_Driver/Src/stm32h7xx_hal_pcd.o
                0x0800172c                HAL_PCD_Init
 .text.HAL_PCD_Start
                0x0800185c       0x42 Drivers/STM32H7xx_HAL_Driver/Src/stm32h7xx_hal_pcd.o
                0x0800185c                HAL_PCD_Start
 *fill*         0x0800189e        0x2 
 .text.PCD_EP_OutXfrComplete_int
                0x080018a0       0xf8 Drivers/STM32H7xx_HAL_Driver/Src/stm32h7xx_hal_pcd.o
 .text.PCD_EP_OutSetupPacket_int
                0x08001998       0x6c Drivers/STM32H7xx_HAL_Driver/Src/stm32h7xx_hal_pcd.o
 .text.HAL_PCD_IRQHandler
                0x08001a04      0x4e0 Drivers/STM32H7xx_HAL_Driver/Src/stm32h7xx_hal_pcd.o
                0x08001a04                HAL_PCD_IRQHandler
 .text.HAL_PCD_SetAddress
                0x08001ee4       0x28 Drivers/STM32H7xx_HAL_Driver/Src/stm32h7xx_hal_pcd.o
                0x08001ee4                HAL_PCD_SetAddress
 .text.HAL_PCD_EP_Open
                0x08001f0c       0x82 Drivers/STM32H7xx_HAL_Driver/Src/stm32h7xx_hal_pcd.o
                0x08001f0c                HAL_PCD_EP_Open
 .text.HAL_PCD_EP_Close
                0x08001f8e       0x6e Drivers/STM32H7xx_HAL_Driver/Src/stm32h7xx_hal_pcd.o
                0x08001f8e                HAL_PCD_EP_Close
 .text.HAL_PCD_EP_Receive
                0x08001ffc       0x5c Drivers/STM32H7xx_HAL_Driver/Src/stm32h7xx_hal_pcd.o
                0x08001ffc                HAL_PCD_EP_Receive
 .text.HAL_PCD_EP_GetRxCount
                0x08002058       0x12 Drivers/STM32H7xx_HAL_Driver/Src/stm32h7xx_hal_pcd.o
                0x08002058                HAL_PCD_EP_GetRxCount
 .text.HAL_PCD_EP_Transmit
                0x0800206a       0x54 Drivers/STM32H7xx_HAL_Driver/Src/stm32h7xx_hal_pcd.o
                0x0800206a                HAL_PCD_EP_Transmit
 .text.HAL_PCD_EP_SetStall
                0x080020be       0x82 Drivers/STM32H7xx_HAL_Driver/Src/stm32h7xx_hal_pcd.o
                0x080020be                HAL_PCD_EP_SetStall
 .text.HAL_PCD_EP_ClrStall
                0x08002140       0x6e Drivers/STM32H7xx_HAL_Driver/Src/stm32h7xx_hal_pcd.o
                0x08002140                HAL_PCD_EP_ClrStall
 .text.HAL_PCDEx_SetTxFiFo
                0x080021ae       0x48 Drivers/STM32H7xx_HAL_Driver/Src/stm32h7xx_hal_pcd_ex.o
                0x080021ae                HAL_PCDEx_SetTxFiFo
 .text.HAL_PCDEx_SetRxFiFo
                0x080021f6        0x8 Drivers/STM32H7xx_HAL_Driver/Src/stm32h7xx_hal_pcd_ex.o
                0x080021f6                HAL_PCDEx_SetRxFiFo
 *fill*         0x080021fe        0x2 
 .text.HAL_PCDEx_ActivateLPM
                0x08002200       0x28 Drivers/STM32H7xx_HAL_Driver/Src/stm32h7xx_hal_pcd_ex.o
                0x08002200                HAL_PCDEx_ActivateLPM
 .text.HAL_PCDEx_LPM_Callback
                0x08002228        0x2 Drivers/STM32H7xx_HAL_Driver/Src/stm32h7xx_hal_pcd_ex.o
                0x08002228                HAL_PCDEx_LPM_Callback
 *fill*         0x0800222a        0x2 
 .text.HAL_PWREx_ConfigSupply
                0x0800222c       0x50 Drivers/STM32H7xx_HAL_Driver/Src/stm32h7xx_hal_pwr_ex.o
                0x0800222c                HAL_PWREx_ConfigSupply
 .text.HAL_PWREx_EnableUSBVoltageDetector
                0x0800227c       0x10 Drivers/STM32H7xx_HAL_Driver/Src/stm32h7xx_hal_pwr_ex.o
                0x0800227c                HAL_PWREx_EnableUSBVoltageDetector
 .text.HAL_RCC_OscConfig
                0x0800228c      0x5b0 Drivers/STM32H7xx_HAL_Driver/Src/stm32h7xx_hal_rcc.o
                0x0800228c                HAL_RCC_OscConfig
 .text.HAL_RCC_GetSysClockFreq
                0x0800283c      0x1ec Drivers/STM32H7xx_HAL_Driver/Src/stm32h7xx_hal_rcc.o
                0x0800283c                HAL_RCC_GetSysClockFreq
 .text.HAL_RCC_ClockConfig
                0x08002a28      0x27c Drivers/STM32H7xx_HAL_Driver/Src/stm32h7xx_hal_rcc.o
                0x08002a28                HAL_RCC_ClockConfig
 .text.HAL_RCC_GetHCLKFreq
                0x08002ca4       0x2c Drivers/STM32H7xx_HAL_Driver/Src/stm32h7xx_hal_rcc.o
                0x08002ca4                HAL_RCC_GetHCLKFreq
 .text.HAL_RCC_GetPCLK1Freq
                0x08002cd0       0x24 Drivers/STM32H7xx_HAL_Driver/Src/stm32h7xx_hal_rcc.o
                0x08002cd0                HAL_RCC_GetPCLK1Freq
 .text.HAL_RCC_GetPCLK2Freq
                0x08002cf4       0x24 Drivers/STM32H7xx_HAL_Driver/Src/stm32h7xx_hal_rcc.o
                0x08002cf4                HAL_RCC_GetPCLK2Freq
 .text.HAL_RCC_GetClockConfig
                0x08002d18       0x54 Drivers/STM32H7xx_HAL_Driver/Src/stm32h7xx_hal_rcc.o
                0x08002d18                HAL_RCC_GetClockConfig
 .text.RCCEx_PLL2_Config
                0x08002d6c      0x10c Drivers/STM32H7xx_HAL_Driver/Src/stm32h7xx_hal_rcc_ex.o
 .text.RCCEx_PLL3_Config
                0x08002e78      0x10c Drivers/STM32H7xx_HAL_Driver/Src/stm32h7xx_hal_rcc_ex.o
 .text.HAL_RCCEx_PeriphCLKConfig
                0x08002f84      0x930 Drivers/STM32H7xx_HAL_Driver/Src/stm32h7xx_hal_rcc_ex.o
                0x08002f84                HAL_RCCEx_PeriphCLKConfig
 .text.HAL_RCCEx_GetD3PCLK1Freq
                0x080038b4       0x24 Drivers/STM32H7xx_HAL_Driver/Src/stm32h7xx_hal_rcc_ex.o
                0x080038b4                HAL_RCCEx_GetD3PCLK1Freq
 .text.HAL_RCCEx_GetPLL2ClockFreq
                0x080038d8      0x1fc Drivers/STM32H7xx_HAL_Driver/Src/stm32h7xx_hal_rcc_ex.o
                0x080038d8                HAL_RCCEx_GetPLL2ClockFreq
 .text.HAL_RCCEx_GetPLL3ClockFreq
                0x08003ad4      0x1fc Drivers/STM32H7xx_HAL_Driver/Src/stm32h7xx_hal_rcc_ex.o
                0x08003ad4                HAL_RCCEx_GetPLL3ClockFreq
 .text.HAL_RCCEx_GetD1SysClockFreq
                0x08003cd0       0x2c Drivers/STM32H7xx_HAL_Driver/Src/stm32h7xx_hal_rcc_ex.o
                0x08003cd0                HAL_RCCEx_GetD1SysClockFreq
 .text.HAL_RTC_WaitForSynchro
                0x08003cfc       0x32 Drivers/STM32H7xx_HAL_Driver/Src/stm32h7xx_hal_rtc.o
                0x08003cfc                HAL_RTC_WaitForSynchro
 .text.RTC_EnterInitMode
                0x08003d2e       0x3c Drivers/STM32H7xx_HAL_Driver/Src/stm32h7xx_hal_rtc.o
                0x08003d2e                RTC_EnterInitMode
 *fill*         0x08003d6a        0x2 
 .text.HAL_RTC_Init
                0x08003d6c       0xb4 Drivers/STM32H7xx_HAL_Driver/Src/stm32h7xx_hal_rtc.o
                0x08003d6c                HAL_RTC_Init
 .text.RTC_ByteToBcd2
                0x08003e20       0x16 Drivers/STM32H7xx_HAL_Driver/Src/stm32h7xx_hal_rtc.o
                0x08003e20                RTC_ByteToBcd2
 *fill*         0x08003e36        0x2 
 .text.HAL_RTC_SetTime
                0x08003e38      0x110 Drivers/STM32H7xx_HAL_Driver/Src/stm32h7xx_hal_rtc.o
                0x08003e38                HAL_RTC_SetTime
 .text.HAL_RTC_SetDate
                0x08003f48       0xec Drivers/STM32H7xx_HAL_Driver/Src/stm32h7xx_hal_rtc.o
                0x08003f48                HAL_RTC_SetDate
 .text.SPI_GetPacketSize
                0x08004034       0x10 Drivers/STM32H7xx_HAL_Driver/Src/stm32h7xx_hal_spi.o
 .text.HAL_SPI_Init
                0x08004044      0x150 Drivers/STM32H7xx_HAL_Driver/Src/stm32h7xx_hal_spi.o
                0x08004044                HAL_SPI_Init
 .text.TIM_OC1_SetConfig
                0x08004194       0xa4 Drivers/STM32H7xx_HAL_Driver/Src/stm32h7xx_hal_tim.o
 .text.TIM_OC3_SetConfig
                0x08004238       0x90 Drivers/STM32H7xx_HAL_Driver/Src/stm32h7xx_hal_tim.o
 .text.TIM_OC4_SetConfig
                0x080042c8       0x70 Drivers/STM32H7xx_HAL_Driver/Src/stm32h7xx_hal_tim.o
 .text.TIM_OC5_SetConfig
                0x08004338       0x70 Drivers/STM32H7xx_HAL_Driver/Src/stm32h7xx_hal_tim.o
 .text.TIM_OC6_SetConfig
                0x080043a8       0x70 Drivers/STM32H7xx_HAL_Driver/Src/stm32h7xx_hal_tim.o
 .text.TIM_TI1_ConfigInputStage
                0x08004418       0x26 Drivers/STM32H7xx_HAL_Driver/Src/stm32h7xx_hal_tim.o
 .text.TIM_TI2_ConfigInputStage
                0x0800443e       0x28 Drivers/STM32H7xx_HAL_Driver/Src/stm32h7xx_hal_tim.o
 *fill*         0x08004466        0x2 
 .text.TIM_ITRx_SetConfig
                0x08004468       0x14 Drivers/STM32H7xx_HAL_Driver/Src/stm32h7xx_hal_tim.o
 .text.HAL_TIM_Base_Start
                0x0800447c       0x30 Drivers/STM32H7xx_HAL_Driver/Src/stm32h7xx_hal_tim.o
                0x0800447c                HAL_TIM_Base_Start
 .text.HAL_TIM_Base_Start_IT
                0x080044ac       0x2c Drivers/STM32H7xx_HAL_Driver/Src/stm32h7xx_hal_tim.o
                0x080044ac                HAL_TIM_Base_Start_IT
 .text.HAL_TIM_OC_MspInit
                0x080044d8        0x2 Drivers/STM32H7xx_HAL_Driver/Src/stm32h7xx_hal_tim.o
                0x080044d8                HAL_TIM_OC_MspInit
 .text.HAL_TIM_OC_DelayElapsedCallback
                0x080044da        0x2 Drivers/STM32H7xx_HAL_Driver/Src/stm32h7xx_hal_tim.o
                0x080044da                HAL_TIM_OC_DelayElapsedCallback
 .text.HAL_TIM_IC_CaptureCallback
                0x080044dc        0x2 Drivers/STM32H7xx_HAL_Driver/Src/stm32h7xx_hal_tim.o
                0x080044dc                HAL_TIM_IC_CaptureCallback
 .text.HAL_TIM_PWM_PulseFinishedCallback
                0x080044de        0x2 Drivers/STM32H7xx_HAL_Driver/Src/stm32h7xx_hal_tim.o
                0x080044de                HAL_TIM_PWM_PulseFinishedCallback
 .text.HAL_TIM_TriggerCallback
                0x080044e0        0x2 Drivers/STM32H7xx_HAL_Driver/Src/stm32h7xx_hal_tim.o
                0x080044e0                HAL_TIM_TriggerCallback
 .text.HAL_TIM_IRQHandler
                0x080044e2      0x19a Drivers/STM32H7xx_HAL_Driver/Src/stm32h7xx_hal_tim.o
                0x080044e2                HAL_TIM_IRQHandler
 .text.TIM_Base_SetConfig
                0x0800467c      0x100 Drivers/STM32H7xx_HAL_Driver/Src/stm32h7xx_hal_tim.o
                0x0800467c                TIM_Base_SetConfig
 .text.HAL_TIM_Base_Init
                0x0800477c       0x32 Drivers/STM32H7xx_HAL_Driver/Src/stm32h7xx_hal_tim.o
                0x0800477c                HAL_TIM_Base_Init
 .text.HAL_TIM_OC_Init
                0x080047ae       0x32 Drivers/STM32H7xx_HAL_Driver/Src/stm32h7xx_hal_tim.o
                0x080047ae                HAL_TIM_OC_Init
 .text.TIM_OC2_SetConfig
                0x080047e0       0x94 Drivers/STM32H7xx_HAL_Driver/Src/stm32h7xx_hal_tim.o
                0x080047e0                TIM_OC2_SetConfig
 .text.HAL_TIM_OC_ConfigChannel
                0x08004874       0x76 Drivers/STM32H7xx_HAL_Driver/Src/stm32h7xx_hal_tim.o
                0x08004874                HAL_TIM_OC_ConfigChannel
 .text.TIM_ETR_SetConfig
                0x080048ea       0x18 Drivers/STM32H7xx_HAL_Driver/Src/stm32h7xx_hal_tim.o
                0x080048ea                TIM_ETR_SetConfig
 *fill*         0x08004902        0x2 
 .text.HAL_TIM_ConfigClockSource
                0x08004904      0x100 Drivers/STM32H7xx_HAL_Driver/Src/stm32h7xx_hal_tim.o
                0x08004904                HAL_TIM_ConfigClockSource
 .text.HAL_TIMEx_MasterConfigSynchronization
                0x08004a04       0x64 Drivers/STM32H7xx_HAL_Driver/Src/stm32h7xx_hal_tim_ex.o
                0x08004a04                HAL_TIMEx_MasterConfigSynchronization
 .text.HAL_TIMEx_CommutCallback
                0x08004a68        0x2 Drivers/STM32H7xx_HAL_Driver/Src/stm32h7xx_hal_tim_ex.o
                0x08004a68                HAL_TIMEx_CommutCallback
 .text.HAL_TIMEx_BreakCallback
                0x08004a6a        0x2 Drivers/STM32H7xx_HAL_Driver/Src/stm32h7xx_hal_tim_ex.o
                0x08004a6a                HAL_TIMEx_BreakCallback
 .text.HAL_TIMEx_Break2Callback
                0x08004a6c        0x2 Drivers/STM32H7xx_HAL_Driver/Src/stm32h7xx_hal_tim_ex.o
                0x08004a6c                HAL_TIMEx_Break2Callback
 *fill*         0x08004a6e        0x2 
 .text.UART_SetConfig
                0x08004a70     0x16ec Drivers/STM32H7xx_HAL_Driver/Src/stm32h7xx_hal_uart.o
                0x08004a70                UART_SetConfig
 .text.UART_AdvFeatureConfig
                0x0800615c       0xca Drivers/STM32H7xx_HAL_Driver/Src/stm32h7xx_hal_uart.o
                0x0800615c                UART_AdvFeatureConfig
 .text.UART_WaitOnFlagUntilTimeout
                0x08006226       0xa6 Drivers/STM32H7xx_HAL_Driver/Src/stm32h7xx_hal_uart.o
                0x08006226                UART_WaitOnFlagUntilTimeout
 .text.UART_CheckIdleState
                0x080062cc       0x72 Drivers/STM32H7xx_HAL_Driver/Src/stm32h7xx_hal_uart.o
                0x080062cc                UART_CheckIdleState
 .text.HAL_LIN_Init
                0x0800633e       0x96 Drivers/STM32H7xx_HAL_Driver/Src/stm32h7xx_hal_uart.o
                0x0800633e                HAL_LIN_Init
 .text.UARTEx_SetNbDataToProcess
                0x080063d4       0x74 Drivers/STM32H7xx_HAL_Driver/Src/stm32h7xx_hal_uart_ex.o
 .text.HAL_UARTEx_DisableFifoMode
                0x08006448       0x3e Drivers/STM32H7xx_HAL_Driver/Src/stm32h7xx_hal_uart_ex.o
                0x08006448                HAL_UARTEx_DisableFifoMode
 .text.HAL_UARTEx_SetTxFifoThreshold
                0x08006486       0x4a Drivers/STM32H7xx_HAL_Driver/Src/stm32h7xx_hal_uart_ex.o
                0x08006486                HAL_UARTEx_SetTxFifoThreshold
 .text.HAL_UARTEx_SetRxFifoThreshold
                0x080064d0       0x4a Drivers/STM32H7xx_HAL_Driver/Src/stm32h7xx_hal_uart_ex.o
                0x080064d0                HAL_UARTEx_SetRxFifoThreshold
 *fill*         0x0800651a        0x2 
 .text.USB_CoreReset
                0x0800651c       0x3c Drivers/STM32H7xx_HAL_Driver/Src/stm32h7xx_ll_usb.o
 .text.USB_CoreInit
                0x08006558       0x8c Drivers/STM32H7xx_HAL_Driver/Src/stm32h7xx_ll_usb.o
                0x08006558                USB_CoreInit
 .text.USB_SetTurnaroundTime
                0x080065e4       0xec Drivers/STM32H7xx_HAL_Driver/Src/stm32h7xx_ll_usb.o
                0x080065e4                USB_SetTurnaroundTime
 .text.USB_EnableGlobalInt
                0x080066d0        0xc Drivers/STM32H7xx_HAL_Driver/Src/stm32h7xx_ll_usb.o
                0x080066d0                USB_EnableGlobalInt
 .text.USB_DisableGlobalInt
                0x080066dc        0xc Drivers/STM32H7xx_HAL_Driver/Src/stm32h7xx_ll_usb.o
                0x080066dc                USB_DisableGlobalInt
 .text.USB_SetCurrentMode
                0x080066e8       0x30 Drivers/STM32H7xx_HAL_Driver/Src/stm32h7xx_ll_usb.o
                0x080066e8                USB_SetCurrentMode
 .text.USB_FlushTxFifo
                0x08006718       0x28 Drivers/STM32H7xx_HAL_Driver/Src/stm32h7xx_ll_usb.o
                0x08006718                USB_FlushTxFifo
 .text.USB_FlushRxFifo
                0x08006740       0x24 Drivers/STM32H7xx_HAL_Driver/Src/stm32h7xx_ll_usb.o
                0x08006740                USB_FlushRxFifo
 .text.USB_SetDevSpeed
                0x08006764        0xe Drivers/STM32H7xx_HAL_Driver/Src/stm32h7xx_ll_usb.o
                0x08006764                USB_SetDevSpeed
 *fill*         0x08006772        0x2 
 .text.USB_DevInit
                0x08006774      0x198 Drivers/STM32H7xx_HAL_Driver/Src/stm32h7xx_ll_usb.o
                0x08006774                USB_DevInit
 .text.USB_GetDevSpeed
                0x0800690c       0x1e Drivers/STM32H7xx_HAL_Driver/Src/stm32h7xx_ll_usb.o
                0x0800690c                USB_GetDevSpeed
 *fill*         0x0800692a        0x2 
 .text.USB_ActivateEndpoint
                0x0800692c       0x90 Drivers/STM32H7xx_HAL_Driver/Src/stm32h7xx_ll_usb.o
                0x0800692c                USB_ActivateEndpoint
 .text.USB_DeactivateEndpoint
                0x080069bc       0x90 Drivers/STM32H7xx_HAL_Driver/Src/stm32h7xx_ll_usb.o
                0x080069bc                USB_DeactivateEndpoint
 .text.USB_EP0StartXfer
                0x08006a4c      0x118 Drivers/STM32H7xx_HAL_Driver/Src/stm32h7xx_ll_usb.o
                0x08006a4c                USB_EP0StartXfer
 .text.USB_WritePacket
                0x08006b64       0x28 Drivers/STM32H7xx_HAL_Driver/Src/stm32h7xx_ll_usb.o
                0x08006b64                USB_WritePacket
 .text.USB_EPStartXfer
                0x08006b8c      0x218 Drivers/STM32H7xx_HAL_Driver/Src/stm32h7xx_ll_usb.o
                0x08006b8c                USB_EPStartXfer
 .text.USB_ReadPacket
                0x08006da4       0x28 Drivers/STM32H7xx_HAL_Driver/Src/stm32h7xx_ll_usb.o
                0x08006da4                USB_ReadPacket
 .text.USB_EPSetStall
                0x08006dcc       0x5a Drivers/STM32H7xx_HAL_Driver/Src/stm32h7xx_ll_usb.o
                0x08006dcc                USB_EPSetStall
 .text.USB_EPClearStall
                0x08006e26       0x5c Drivers/STM32H7xx_HAL_Driver/Src/stm32h7xx_ll_usb.o
                0x08006e26                USB_EPClearStall
 .text.USB_SetDevAddress
                0x08006e82       0x20 Drivers/STM32H7xx_HAL_Driver/Src/stm32h7xx_ll_usb.o
                0x08006e82                USB_SetDevAddress
 .text.USB_DevConnect
                0x08006ea2       0x18 Drivers/STM32H7xx_HAL_Driver/Src/stm32h7xx_ll_usb.o
                0x08006ea2                USB_DevConnect
 .text.USB_DevDisconnect
                0x08006eba       0x18 Drivers/STM32H7xx_HAL_Driver/Src/stm32h7xx_ll_usb.o
                0x08006eba                USB_DevDisconnect
 .text.USB_ReadInterrupts
                0x08006ed2        0x8 Drivers/STM32H7xx_HAL_Driver/Src/stm32h7xx_ll_usb.o
                0x08006ed2                USB_ReadInterrupts
 .text.USB_ReadDevAllOutEpInterrupt
                0x08006eda       0x10 Drivers/STM32H7xx_HAL_Driver/Src/stm32h7xx_ll_usb.o
                0x08006eda                USB_ReadDevAllOutEpInterrupt
 .text.USB_ReadDevAllInEpInterrupt
                0x08006eea       0x10 Drivers/STM32H7xx_HAL_Driver/Src/stm32h7xx_ll_usb.o
                0x08006eea                USB_ReadDevAllInEpInterrupt
 .text.USB_ReadDevOutEPInterrupt
                0x08006efa       0x12 Drivers/STM32H7xx_HAL_Driver/Src/stm32h7xx_ll_usb.o
                0x08006efa                USB_ReadDevOutEPInterrupt
 .text.USB_ReadDevInEPInterrupt
                0x08006f0c       0x28 Drivers/STM32H7xx_HAL_Driver/Src/stm32h7xx_ll_usb.o
                0x08006f0c                USB_ReadDevInEPInterrupt
 .text.USB_GetMode
                0x08006f34        0x8 Drivers/STM32H7xx_HAL_Driver/Src/stm32h7xx_ll_usb.o
                0x08006f34                USB_GetMode
 .text.USB_ActivateSetup
                0x08006f3c       0x38 Drivers/STM32H7xx_HAL_Driver/Src/stm32h7xx_ll_usb.o
                0x08006f3c                USB_ActivateSetup
 .text.USB_EP0_OutStart
                0x08006f74       0x60 Drivers/STM32H7xx_HAL_Driver/Src/stm32h7xx_ll_usb.o
                0x08006f74                USB_EP0_OutStart
 .text.USBD_CDC_EP0_RxReady
                0x08006fd4       0x28 Middlewares/ST/STM32_USB_Device_Library/Class/CDC/Src/usbd_cdc.o
 .text.USBD_CDC_GetFSCfgDesc
                0x08006ffc        0xc Middlewares/ST/STM32_USB_Device_Library/Class/CDC/Src/usbd_cdc.o
 .text.USBD_CDC_GetHSCfgDesc
                0x08007008        0xc Middlewares/ST/STM32_USB_Device_Library/Class/CDC/Src/usbd_cdc.o
 .text.USBD_CDC_GetOtherSpeedCfgDesc
                0x08007014        0xc Middlewares/ST/STM32_USB_Device_Library/Class/CDC/Src/usbd_cdc.o
 .text.USBD_CDC_GetDeviceQualifierDescriptor
                0x08007020        0xc Middlewares/ST/STM32_USB_Device_Library/Class/CDC/Src/usbd_cdc.o
                0x08007020                USBD_CDC_GetDeviceQualifierDescriptor
 .text.USBD_CDC_DataOut
                0x0800702c       0x2e Middlewares/ST/STM32_USB_Device_Library/Class/CDC/Src/usbd_cdc.o
 .text.USBD_CDC_DataIn
                0x0800705a       0x50 Middlewares/ST/STM32_USB_Device_Library/Class/CDC/Src/usbd_cdc.o
 .text.USBD_CDC_Setup
                0x080070aa       0xda Middlewares/ST/STM32_USB_Device_Library/Class/CDC/Src/usbd_cdc.o
 .text.USBD_CDC_DeInit
                0x08007184       0x42 Middlewares/ST/STM32_USB_Device_Library/Class/CDC/Src/usbd_cdc.o
 .text.USBD_CDC_Init
                0x080071c6       0xaa Middlewares/ST/STM32_USB_Device_Library/Class/CDC/Src/usbd_cdc.o
 .text.USBD_CDC_RegisterInterface
                0x08007270        0xe Middlewares/ST/STM32_USB_Device_Library/Class/CDC/Src/usbd_cdc.o
                0x08007270                USBD_CDC_RegisterInterface
 .text.USBD_CDC_SetTxBuffer
                0x0800727e       0x10 Middlewares/ST/STM32_USB_Device_Library/Class/CDC/Src/usbd_cdc.o
                0x0800727e                USBD_CDC_SetTxBuffer
 .text.USBD_CDC_SetRxBuffer
                0x0800728e        0xc Middlewares/ST/STM32_USB_Device_Library/Class/CDC/Src/usbd_cdc.o
                0x0800728e                USBD_CDC_SetRxBuffer
 .text.USBD_CDC_TransmitPacket
                0x0800729a       0x34 Middlewares/ST/STM32_USB_Device_Library/Class/CDC/Src/usbd_cdc.o
                0x0800729a                USBD_CDC_TransmitPacket
 .text.USBD_CDC_ReceivePacket
                0x080072ce       0x32 Middlewares/ST/STM32_USB_Device_Library/Class/CDC/Src/usbd_cdc.o
                0x080072ce                USBD_CDC_ReceivePacket
 .text.USBD_Init
                0x08007300       0x2e Middlewares/ST/STM32_USB_Device_Library/Core/Src/usbd_core.o
                0x08007300                USBD_Init
 .text.USBD_RegisterClass
                0x0800732e        0xe Middlewares/ST/STM32_USB_Device_Library/Core/Src/usbd_core.o
                0x0800732e                USBD_RegisterClass
 .text.USBD_Start
                0x0800733c        0xa Middlewares/ST/STM32_USB_Device_Library/Core/Src/usbd_core.o
                0x0800733c                USBD_Start
 .text.USBD_SetClassConfig
                0x08007346       0x1a Middlewares/ST/STM32_USB_Device_Library/Core/Src/usbd_core.o
                0x08007346                USBD_SetClassConfig
 .text.USBD_ClrClassConfig
                0x08007360        0xe Middlewares/ST/STM32_USB_Device_Library/Core/Src/usbd_core.o
                0x08007360                USBD_ClrClassConfig
 .text.USBD_LL_SetupStage
                0x0800736e       0x5a Middlewares/ST/STM32_USB_Device_Library/Core/Src/usbd_core.o
                0x0800736e                USBD_LL_SetupStage
 .text.USBD_LL_DataOutStage
                0x080073c8       0x92 Middlewares/ST/STM32_USB_Device_Library/Core/Src/usbd_core.o
                0x080073c8                USBD_LL_DataOutStage
 .text.USBD_LL_DataInStage
                0x0800745a       0xd6 Middlewares/ST/STM32_USB_Device_Library/Core/Src/usbd_core.o
                0x0800745a                USBD_LL_DataInStage
 .text.USBD_LL_Reset
                0x08007530       0x50 Middlewares/ST/STM32_USB_Device_Library/Core/Src/usbd_core.o
                0x08007530                USBD_LL_Reset
 .text.USBD_LL_SetSpeed
                0x08007580        0x6 Middlewares/ST/STM32_USB_Device_Library/Core/Src/usbd_core.o
                0x08007580                USBD_LL_SetSpeed
 .text.USBD_LL_Suspend
                0x08007586       0x12 Middlewares/ST/STM32_USB_Device_Library/Core/Src/usbd_core.o
                0x08007586                USBD_LL_Suspend
 .text.USBD_LL_Resume
                0x08007598       0x16 Middlewares/ST/STM32_USB_Device_Library/Core/Src/usbd_core.o
                0x08007598                USBD_LL_Resume
 .text.USBD_LL_SOF
                0x080075ae       0x1c Middlewares/ST/STM32_USB_Device_Library/Core/Src/usbd_core.o
                0x080075ae                USBD_LL_SOF
 .text.USBD_LL_IsoINIncomplete
                0x080075ca        0x4 Middlewares/ST/STM32_USB_Device_Library/Core/Src/usbd_core.o
                0x080075ca                USBD_LL_IsoINIncomplete
 .text.USBD_LL_IsoOUTIncomplete
                0x080075ce        0x4 Middlewares/ST/STM32_USB_Device_Library/Core/Src/usbd_core.o
                0x080075ce                USBD_LL_IsoOUTIncomplete
 .text.USBD_LL_DevConnected
                0x080075d2        0x4 Middlewares/ST/STM32_USB_Device_Library/Core/Src/usbd_core.o
                0x080075d2                USBD_LL_DevConnected
 .text.USBD_LL_DevDisconnected
                0x080075d6       0x16 Middlewares/ST/STM32_USB_Device_Library/Core/Src/usbd_core.o
                0x080075d6                USBD_LL_DevDisconnected
 .text.USBD_GetLen
                0x080075ec       0x14 Middlewares/ST/STM32_USB_Device_Library/Core/Src/usbd_ctlreq.o
 .text.USBD_SetFeature
                0x08007600       0x14 Middlewares/ST/STM32_USB_Device_Library/Core/Src/usbd_ctlreq.o
 .text.USBD_ParseSetupRequest
                0x08007614       0x28 Middlewares/ST/STM32_USB_Device_Library/Core/Src/usbd_ctlreq.o
                0x08007614                USBD_ParseSetupRequest
 .text.USBD_CtlError
                0x0800763c       0x14 Middlewares/ST/STM32_USB_Device_Library/Core/Src/usbd_ctlreq.o
                0x0800763c                USBD_CtlError
 .text.USBD_GetDescriptor
                0x08007650      0x186 Middlewares/ST/STM32_USB_Device_Library/Core/Src/usbd_ctlreq.o
 .text.USBD_SetAddress
                0x080077d6       0x4e Middlewares/ST/STM32_USB_Device_Library/Core/Src/usbd_ctlreq.o
 .text.USBD_SetConfig
                0x08007824       0xb0 Middlewares/ST/STM32_USB_Device_Library/Core/Src/usbd_ctlreq.o
 .text.USBD_GetConfig
                0x080078d4       0x3c Middlewares/ST/STM32_USB_Device_Library/Core/Src/usbd_ctlreq.o
 .text.USBD_GetStatus
                0x08007910       0x38 Middlewares/ST/STM32_USB_Device_Library/Core/Src/usbd_ctlreq.o
 .text.USBD_ClrFeature
                0x08007948       0x26 Middlewares/ST/STM32_USB_Device_Library/Core/Src/usbd_ctlreq.o
 .text.USBD_StdDevReq
                0x0800796e       0x68 Middlewares/ST/STM32_USB_Device_Library/Core/Src/usbd_ctlreq.o
                0x0800796e                USBD_StdDevReq
 .text.USBD_StdItfReq
                0x080079d6       0x60 Middlewares/ST/STM32_USB_Device_Library/Core/Src/usbd_ctlreq.o
                0x080079d6                USBD_StdItfReq
 .text.USBD_StdEPReq
                0x08007a36      0x240 Middlewares/ST/STM32_USB_Device_Library/Core/Src/usbd_ctlreq.o
                0x08007a36                USBD_StdEPReq
 .text.USBD_GetString
                0x08007c76       0x38 Middlewares/ST/STM32_USB_Device_Library/Core/Src/usbd_ctlreq.o
                0x08007c76                USBD_GetString
 .text.USBD_CtlSendData
                0x08007cae       0x1a Middlewares/ST/STM32_USB_Device_Library/Core/Src/usbd_ioreq.o
                0x08007cae                USBD_CtlSendData
 .text.USBD_CtlContinueSendData
                0x08007cc8       0x10 Middlewares/ST/STM32_USB_Device_Library/Core/Src/usbd_ioreq.o
                0x08007cc8                USBD_CtlContinueSendData
 .text.USBD_CtlPrepareRx
                0x08007cd8       0x1e Middlewares/ST/STM32_USB_Device_Library/Core/Src/usbd_ioreq.o
                0x08007cd8                USBD_CtlPrepareRx
 .text.USBD_CtlContinueRx
                0x08007cf6       0x10 Middlewares/ST/STM32_USB_Device_Library/Core/Src/usbd_ioreq.o
                0x08007cf6                USBD_CtlContinueRx
 .text.USBD_CtlSendStatus
                0x08007d06       0x16 Middlewares/ST/STM32_USB_Device_Library/Core/Src/usbd_ioreq.o
                0x08007d06                USBD_CtlSendStatus
 .text.USBD_CtlReceiveStatus
                0x08007d1c       0x16 Middlewares/ST/STM32_USB_Device_Library/Core/Src/usbd_ioreq.o
                0x08007d1c                USBD_CtlReceiveStatus
 *fill*         0x08007d32        0x2 
 .text.MX_GPIO_Init
                0x08007d34       0xc0 Src/main.o
 .text.HAL_TIM_PeriodElapsedCallback
                0x08007df4       0x50 Src/main.o
                0x08007df4                HAL_TIM_PeriodElapsedCallback
 .text.Error_Handler
                0x08007e44       0x18 Src/main.o
                0x08007e44                Error_Handler
 .text.MX_FDCAN1_Init
                0x08007e5c       0xbc Src/main.o
 .text.MX_FDCAN2_Init
                0x08007f18       0x60 Src/main.o
 .text.MX_I2C1_Init
                0x08007f78       0x58 Src/main.o
 .text.MX_RTC_Init
                0x08007fd0       0x8c Src/main.o
 .text.MX_SPI1_Init
                0x0800805c       0x50 Src/main.o
 .text.MX_USART1_UART_Init
                0x080080ac       0x68 Src/main.o
 .text.MX_TIM2_Init
                0x08008114       0xa8 Src/main.o
 .text.SystemClock_Config
                0x080081bc      0x108 Src/main.o
                0x080081bc                SystemClock_Config
 .text.main     0x080082c4      0x1b0 Src/main.o
                0x080082c4                main
 .text.HAL_FDCAN_RxFifo0Callback
                0x08008474       0x5c Src/main.o
                0x08008474                HAL_FDCAN_RxFifo0Callback
 .text.HAL_MspInit
                0x080084d0       0x24 Src/stm32h7xx_hal_msp.o
                0x080084d0                HAL_MspInit
 .text.HAL_FDCAN_MspInit
                0x080084f4      0x110 Src/stm32h7xx_hal_msp.o
                0x080084f4                HAL_FDCAN_MspInit
 .text.HAL_I2C_MspInit
                0x08008604       0x70 Src/stm32h7xx_hal_msp.o
                0x08008604                HAL_I2C_MspInit
 .text.HAL_RTC_MspInit
                0x08008674       0x20 Src/stm32h7xx_hal_msp.o
                0x08008674                HAL_RTC_MspInit
 .text.HAL_SPI_MspInit
                0x08008694       0x74 Src/stm32h7xx_hal_msp.o
                0x08008694                HAL_SPI_MspInit
 .text.HAL_TIM_Base_MspInit
                0x08008708       0x30 Src/stm32h7xx_hal_msp.o
                0x08008708                HAL_TIM_Base_MspInit
 .text.HAL_UART_MspInit
                0x08008738       0x78 Src/stm32h7xx_hal_msp.o
                0x08008738                HAL_UART_MspInit
 .text.HAL_InitTick
                0x080087b0       0x80 Src/stm32h7xx_hal_timebase_tim.o
                0x080087b0                HAL_InitTick
 .text.NMI_Handler
                0x08008830        0x2 Src/stm32h7xx_it.o
                0x08008830                NMI_Handler
 .text.HardFault_Handler
                0x08008832        0x2 Src/stm32h7xx_it.o
                0x08008832                HardFault_Handler
 .text.MemManage_Handler
                0x08008834        0x2 Src/stm32h7xx_it.o
                0x08008834                MemManage_Handler
 .text.BusFault_Handler
                0x08008836        0x2 Src/stm32h7xx_it.o
                0x08008836                BusFault_Handler
 .text.UsageFault_Handler
                0x08008838        0x2 Src/stm32h7xx_it.o
                0x08008838                UsageFault_Handler
 .text.SVC_Handler
                0x0800883a        0x2 Src/stm32h7xx_it.o
                0x0800883a                SVC_Handler
 .text.DebugMon_Handler
                0x0800883c        0x2 Src/stm32h7xx_it.o
                0x0800883c                DebugMon_Handler
 .text.PendSV_Handler
                0x0800883e        0x2 Src/stm32h7xx_it.o
                0x0800883e                PendSV_Handler
 .text.FDCAN1_IT0_IRQHandler
                0x08008840       0x10 Src/stm32h7xx_it.o
                0x08008840                FDCAN1_IT0_IRQHandler
 .text.FDCAN1_IT1_IRQHandler
                0x08008850       0x10 Src/stm32h7xx_it.o
                0x08008850                FDCAN1_IT1_IRQHandler
 .text.TIM1_UP_IRQHandler
                0x08008860       0x10 Src/stm32h7xx_it.o
                0x08008860                TIM1_UP_IRQHandler
 .text.OTG_HS_IRQHandler
                0x08008870       0x10 Src/stm32h7xx_it.o
                0x08008870                OTG_HS_IRQHandler
 .text._sbrk    0x08008880       0x3c Src/syscalls.o
                0x08008880                _sbrk
 .text.SystemInit
                0x080088bc       0x7c Src/system_stm32h7xx.o
                0x080088bc                SystemInit
 .text.MX_USB_DEVICE_Init
                0x08008938       0x58 Src/usb_device.o
                0x08008938                MX_USB_DEVICE_Init
 .text.CDC_DeInit_HS
                0x08008990        0x4 Src/usbd_cdc_if.o
 .text.CDC_Control_HS
                0x08008994        0x4 Src/usbd_cdc_if.o
 .text.CDC_Receive_HS
                0x08008998       0x20 Src/usbd_cdc_if.o
 .text.CDC_Init_HS
                0x080089b8       0x28 Src/usbd_cdc_if.o
 .text.CDC_Transmit_HS
                0x080089e0       0x2c Src/usbd_cdc_if.o
                0x080089e0                CDC_Transmit_HS
 .text.HAL_PCD_MspInit
                0x08008a0c       0x84 Src/usbd_conf.o
                0x08008a0c                HAL_PCD_MspInit
 .text.HAL_PCD_SetupStageCallback
                0x08008a90       0x10 Src/usbd_conf.o
                0x08008a90                HAL_PCD_SetupStageCallback
 .text.HAL_PCD_DataOutStageCallback
                0x08008aa0       0x18 Src/usbd_conf.o
                0x08008aa0                HAL_PCD_DataOutStageCallback
 .text.HAL_PCD_DataInStageCallback
                0x08008ab8       0x16 Src/usbd_conf.o
                0x08008ab8                HAL_PCD_DataInStageCallback
 .text.HAL_PCD_SOFCallback
                0x08008ace        0xc Src/usbd_conf.o
                0x08008ace                HAL_PCD_SOFCallback
 .text.HAL_PCD_ResetCallback
                0x08008ada       0x2c Src/usbd_conf.o
                0x08008ada                HAL_PCD_ResetCallback
 *fill*         0x08008b06        0x2 
 .text.HAL_PCD_SuspendCallback
                0x08008b08       0x30 Src/usbd_conf.o
                0x08008b08                HAL_PCD_SuspendCallback
 .text.HAL_PCD_ResumeCallback
                0x08008b38        0xc Src/usbd_conf.o
                0x08008b38                HAL_PCD_ResumeCallback
 .text.HAL_PCD_ISOOUTIncompleteCallback
                0x08008b44        0xc Src/usbd_conf.o
                0x08008b44                HAL_PCD_ISOOUTIncompleteCallback
 .text.HAL_PCD_ISOINIncompleteCallback
                0x08008b50        0xc Src/usbd_conf.o
                0x08008b50                HAL_PCD_ISOINIncompleteCallback
 .text.HAL_PCD_ConnectCallback
                0x08008b5c        0xc Src/usbd_conf.o
                0x08008b5c                HAL_PCD_ConnectCallback
 .text.HAL_PCD_DisconnectCallback
                0x08008b68        0xc Src/usbd_conf.o
                0x08008b68                HAL_PCD_DisconnectCallback
 .text.USBD_LL_Init
                0x08008b74       0x74 Src/usbd_conf.o
                0x08008b74                USBD_LL_Init
 .text.USBD_LL_IsStallEP
                0x08008be8       0x2e Src/usbd_conf.o
                0x08008be8                USBD_LL_IsStallEP
 .text.USBD_LL_GetRxDataSize
                0x08008c16        0xc Src/usbd_conf.o
                0x08008c16                USBD_LL_GetRxDataSize
 .text.USBD_Get_USB_Status
                0x08008c22       0x12 Src/usbd_conf.o
                0x08008c22                USBD_Get_USB_Status
 .text.USBD_LL_Start
                0x08008c34       0x10 Src/usbd_conf.o
                0x08008c34                USBD_LL_Start
 .text.USBD_LL_OpenEP
                0x08008c44       0x16 Src/usbd_conf.o
                0x08008c44                USBD_LL_OpenEP
 .text.USBD_LL_CloseEP
                0x08008c5a       0x10 Src/usbd_conf.o
                0x08008c5a                USBD_LL_CloseEP
 .text.USBD_LL_StallEP
                0x08008c6a       0x10 Src/usbd_conf.o
                0x08008c6a                USBD_LL_StallEP
 .text.USBD_LL_ClearStallEP
                0x08008c7a       0x10 Src/usbd_conf.o
                0x08008c7a                USBD_LL_ClearStallEP
 .text.USBD_LL_SetUSBAddress
                0x08008c8a       0x10 Src/usbd_conf.o
                0x08008c8a                USBD_LL_SetUSBAddress
 .text.USBD_LL_Transmit
                0x08008c9a       0x10 Src/usbd_conf.o
                0x08008c9a                USBD_LL_Transmit
 .text.USBD_LL_PrepareReceive
                0x08008caa       0x10 Src/usbd_conf.o
                0x08008caa                USBD_LL_PrepareReceive
 *fill*         0x08008cba        0x2 
 .text.USBD_HS_DeviceDescriptor
                0x08008cbc        0xc Src/usbd_desc.o
                0x08008cbc                USBD_HS_DeviceDescriptor
 .text.USBD_HS_LangIDStrDescriptor
                0x08008cc8        0xc Src/usbd_desc.o
                0x08008cc8                USBD_HS_LangIDStrDescriptor
 .text.IntToUnicode
                0x08008cd4       0x36 Src/usbd_desc.o
 *fill*         0x08008d0a        0x2 
 .text.Get_SerialNum
                0x08008d0c       0x38 Src/usbd_desc.o
 .text.USBD_HS_SerialStrDescriptor
                0x08008d44       0x14 Src/usbd_desc.o
                0x08008d44                USBD_HS_SerialStrDescriptor
 .text.USBD_HS_ProductStrDescriptor
                0x08008d58       0x24 Src/usbd_desc.o
                0x08008d58                USBD_HS_ProductStrDescriptor
 .text.USBD_HS_ManufacturerStrDescriptor
                0x08008d7c       0x1c Src/usbd_desc.o
                0x08008d7c                USBD_HS_ManufacturerStrDescriptor
 .text.USBD_HS_ConfigStrDescriptor
                0x08008d98       0x24 Src/usbd_desc.o
                0x08008d98                USBD_HS_ConfigStrDescriptor
 .text.USBD_HS_InterfaceStrDescriptor
                0x08008dbc       0x24 Src/usbd_desc.o
                0x08008dbc                USBD_HS_InterfaceStrDescriptor
 .text.Reset_Handler
                0x08008de0       0x50 startup/startup_stm32h750xx.o
                0x08008de0                Reset_Handler
 .text.Default_Handler
                0x08008e30        0x2 startup/startup_stm32h750xx.o
                0x08008e30                RTC_Alarm_IRQHandler
                0x08008e30                HASH_RNG_IRQHandler
                0x08008e30                EXTI2_IRQHandler
                0x08008e30                TIM8_CC_IRQHandler
                0x08008e30                HRTIM1_Master_IRQHandler
                0x08008e30                UART8_IRQHandler
                0x08008e30                SPI4_IRQHandler
                0x08008e30                TIM1_CC_IRQHandler
                0x08008e30                BDMA_Channel6_IRQHandler
                0x08008e30                DMA2_Stream5_IRQHandler
                0x08008e30                HRTIM1_FLT_IRQHandler
                0x08008e30                JPEG_IRQHandler
                0x08008e30                DMA1_Stream5_IRQHandler
                0x08008e30                SysTick_Handler
                0x08008e30                BDMA_Channel1_IRQHandler
                0x08008e30                HRTIM1_TIMD_IRQHandler
                0x08008e30                TAMP_STAMP_IRQHandler
                0x08008e30                EXTI3_IRQHandler
                0x08008e30                LPTIM4_IRQHandler
                0x08008e30                TIM8_TRG_COM_TIM14_IRQHandler
                0x08008e30                LPTIM2_IRQHandler
                0x08008e30                DFSDM1_FLT1_IRQHandler
                0x08008e30                DMAMUX2_OVR_IRQHandler
                0x08008e30                TIM8_UP_TIM13_IRQHandler
                0x08008e30                I2C3_ER_IRQHandler
                0x08008e30                DFSDM1_FLT2_IRQHandler
                0x08008e30                MDMA_IRQHandler
                0x08008e30                LPTIM3_IRQHandler
                0x08008e30                HSEM1_IRQHandler
                0x08008e30                EXTI0_IRQHandler
                0x08008e30                I2C2_EV_IRQHandler
                0x08008e30                DMA1_Stream2_IRQHandler
                0x08008e30                FPU_IRQHandler
                0x08008e30                OTG_HS_WKUP_IRQHandler
                0x08008e30                LTDC_ER_IRQHandler
                0x08008e30                DMA2_Stream2_IRQHandler
                0x08008e30                HRTIM1_TIME_IRQHandler
                0x08008e30                SPI1_IRQHandler
                0x08008e30                TIM6_DAC_IRQHandler
                0x08008e30                DCMI_IRQHandler
                0x08008e30                HRTIM1_TIMC_IRQHandler
                0x08008e30                DMA2_Stream3_IRQHandler
                0x08008e30                SAI2_IRQHandler
                0x08008e30                DFSDM1_FLT3_IRQHandler
                0x08008e30                USART6_IRQHandler
                0x08008e30                TIM17_IRQHandler
                0x08008e30                USART3_IRQHandler
                0x08008e30                BDMA_Channel7_IRQHandler
                0x08008e30                CRYP_IRQHandler
                0x08008e30                LPTIM5_IRQHandler
                0x08008e30                UART5_IRQHandler
                0x08008e30                ADC3_IRQHandler
                0x08008e30                DMA2_Stream0_IRQHandler
                0x08008e30                TIM4_IRQHandler
                0x08008e30                BDMA_Channel2_IRQHandler
                0x08008e30                QUADSPI_IRQHandler
                0x08008e30                I2C1_EV_IRQHandler
                0x08008e30                DMA1_Stream6_IRQHandler
                0x08008e30                DMAMUX1_OVR_IRQHandler
                0x08008e30                DMA1_Stream1_IRQHandler
                0x08008e30                TIM16_IRQHandler
                0x08008e30                UART4_IRQHandler
                0x08008e30                BDMA_Channel5_IRQHandler
                0x08008e30                TIM3_IRQHandler
                0x08008e30                RCC_IRQHandler
                0x08008e30                TIM8_BRK_TIM12_IRQHandler
                0x08008e30                TIM1_TRG_COM_IRQHandler
                0x08008e30                Default_Handler
                0x08008e30                ECC_IRQHandler
                0x08008e30                CEC_IRQHandler
                0x08008e30                EXTI15_10_IRQHandler
                0x08008e30                BDMA_Channel0_IRQHandler
                0x08008e30                ADC_IRQHandler
                0x08008e30                DMA1_Stream7_IRQHandler
                0x08008e30                HRTIM1_TIMA_IRQHandler
                0x08008e30                SPI5_IRQHandler
                0x08008e30                TIM7_IRQHandler
                0x08008e30                SDMMC1_IRQHandler
                0x08008e30                TIM5_IRQHandler
                0x08008e30                DMA2_Stream7_IRQHandler
                0x08008e30                TIM15_IRQHandler
                0x08008e30                PVD_AVD_IRQHandler
                0x08008e30                I2C3_EV_IRQHandler
                0x08008e30                EXTI9_5_IRQHandler
                0x08008e30                RTC_WKUP_IRQHandler
                0x08008e30                LTDC_IRQHandler
                0x08008e30                SAI3_IRQHandler
                0x08008e30                ETH_WKUP_IRQHandler
                0x08008e30                SPDIF_RX_IRQHandler
                0x08008e30                SPI2_IRQHandler
                0x08008e30                OTG_HS_EP1_IN_IRQHandler
                0x08008e30                DMA1_Stream0_IRQHandler
                0x08008e30                CRS_IRQHandler
                0x08008e30                EXTI4_IRQHandler
                0x08008e30                HRTIM1_TIMB_IRQHandler
                0x08008e30                FDCAN2_IT1_IRQHandler
                0x08008e30                ETH_IRQHandler
                0x08008e30                BDMA_Channel4_IRQHandler
                0x08008e30                OTG_HS_EP1_OUT_IRQHandler
                0x08008e30                WWDG_IRQHandler
                0x08008e30                SPI6_IRQHandler
                0x08008e30                MDIOS_IRQHandler
                0x08008e30                I2C4_EV_IRQHandler
                0x08008e30                FDCAN2_IT0_IRQHandler
                0x08008e30                LPUART1_IRQHandler
                0x08008e30                TIM2_IRQHandler
                0x08008e30                OTG_FS_WKUP_IRQHandler
                0x08008e30                DMA2D_IRQHandler
                0x08008e30                TIM1_BRK_IRQHandler
                0x08008e30                EXTI1_IRQHandler
                0x08008e30                SDMMC2_IRQHandler
                0x08008e30                OTG_FS_EP1_OUT_IRQHandler
                0x08008e30                BDMA_Channel3_IRQHandler
                0x08008e30                UART7_IRQHandler
                0x08008e30                MDIOS_WKUP_IRQHandler
                0x08008e30                USART2_IRQHandler
                0x08008e30                DFSDM1_FLT0_IRQHandler
                0x08008e30                SAI4_IRQHandler
                0x08008e30                I2C2_ER_IRQHandler
                0x08008e30                DMA2_Stream1_IRQHandler
                0x08008e30                FLASH_IRQHandler
                0x08008e30                DMA2_Stream4_IRQHandler
                0x08008e30                USART1_IRQHandler
                0x08008e30                OTG_FS_IRQHandler
                0x08008e30                SPI3_IRQHandler
                0x08008e30                WAKEUP_PIN_IRQHandler
                0x08008e30                DMA1_Stream4_IRQHandler
                0x08008e30                OTG_FS_EP1_IN_IRQHandler
                0x08008e30                I2C1_ER_IRQHandler
                0x08008e30                FMC_IRQHandler
                0x08008e30                FDCAN_CAL_IRQHandler
                0x08008e30                SWPMI1_IRQHandler
                0x08008e30                COMP1_IRQHandler
                0x08008e30                LPTIM1_IRQHandler
                0x08008e30                I2C4_ER_IRQHandler
                0x08008e30                DMA2_Stream6_IRQHandler
                0x08008e30                SAI1_IRQHandler
                0x08008e30                DMA1_Stream3_IRQHandler
 *fill*         0x08008e32        0x2 
 .text.__errno  0x08008e34        0xc c:/ac6/systemworkbench/plugins/fr.ac6.mcu.externaltools.arm-none.win32_1.17.0.201812190825/tools/compiler/bin/../lib/gcc/arm-none-eabi/7.3.1/../../../../arm-none-eabi/lib/thumb/v7e-m/fpv5/hard\libc_nano.a(lib_a-errno.o)
                0x08008e34                __errno
 .text.__libc_init_array
                0x08008e40       0x48 c:/ac6/systemworkbench/plugins/fr.ac6.mcu.externaltools.arm-none.win32_1.17.0.201812190825/tools/compiler/bin/../lib/gcc/arm-none-eabi/7.3.1/../../../../arm-none-eabi/lib/thumb/v7e-m/fpv5/hard\libc_nano.a(lib_a-init.o)
                0x08008e40                __libc_init_array
 .text.malloc   0x08008e88       0x10 c:/ac6/systemworkbench/plugins/fr.ac6.mcu.externaltools.arm-none.win32_1.17.0.201812190825/tools/compiler/bin/../lib/gcc/arm-none-eabi/7.3.1/../../../../arm-none-eabi/lib/thumb/v7e-m/fpv5/hard\libc_nano.a(lib_a-malloc.o)
                0x08008e88                malloc
 .text.free     0x08008e98       0x10 c:/ac6/systemworkbench/plugins/fr.ac6.mcu.externaltools.arm-none.win32_1.17.0.201812190825/tools/compiler/bin/../lib/gcc/arm-none-eabi/7.3.1/../../../../arm-none-eabi/lib/thumb/v7e-m/fpv5/hard\libc_nano.a(lib_a-malloc.o)
                0x08008e98                free
 .text.memcpy   0x08008ea8       0x16 c:/ac6/systemworkbench/plugins/fr.ac6.mcu.externaltools.arm-none.win32_1.17.0.201812190825/tools/compiler/bin/../lib/gcc/arm-none-eabi/7.3.1/../../../../arm-none-eabi/lib/thumb/v7e-m/fpv5/hard\libc_nano.a(lib_a-memcpy-stub.o)
                0x08008ea8                memcpy
 .text.memset   0x08008ebe       0x10 c:/ac6/systemworkbench/plugins/fr.ac6.mcu.externaltools.arm-none.win32_1.17.0.201812190825/tools/compiler/bin/../lib/gcc/arm-none-eabi/7.3.1/../../../../arm-none-eabi/lib/thumb/v7e-m/fpv5/hard\libc_nano.a(lib_a-memset.o)
                0x08008ebe                memset
 *fill*         0x08008ece        0x2 
 .text._free_r  0x08008ed0       0x9c c:/ac6/systemworkbench/plugins/fr.ac6.mcu.externaltools.arm-none.win32_1.17.0.201812190825/tools/compiler/bin/../lib/gcc/arm-none-eabi/7.3.1/../../../../arm-none-eabi/lib/thumb/v7e-m/fpv5/hard\libc_nano.a(lib_a-nano-freer.o)
                0x08008ed0                _free_r
 .text._malloc_r
                0x08008f6c       0xb4 c:/ac6/systemworkbench/plugins/fr.ac6.mcu.externaltools.arm-none.win32_1.17.0.201812190825/tools/compiler/bin/../lib/gcc/arm-none-eabi/7.3.1/../../../../arm-none-eabi/lib/thumb/v7e-m/fpv5/hard\libc_nano.a(lib_a-nano-mallocr.o)
                0x08008f6c                _malloc_r
 .text._sbrk_r  0x08009020       0x20 c:/ac6/systemworkbench/plugins/fr.ac6.mcu.externaltools.arm-none.win32_1.17.0.201812190825/tools/compiler/bin/../lib/gcc/arm-none-eabi/7.3.1/../../../../arm-none-eabi/lib/thumb/v7e-m/fpv5/hard\libc_nano.a(lib_a-sbrkr.o)
                0x08009020                _sbrk_r
 .text.__malloc_lock
                0x08009040        0x2 c:/ac6/systemworkbench/plugins/fr.ac6.mcu.externaltools.arm-none.win32_1.17.0.201812190825/tools/compiler/bin/../lib/gcc/arm-none-eabi/7.3.1/../../../../arm-none-eabi/lib/thumb/v7e-m/fpv5/hard\libc_nano.a(lib_a-mlock.o)
                0x08009040                __malloc_lock
 .text.__malloc_unlock
                0x08009042        0x2 c:/ac6/systemworkbench/plugins/fr.ac6.mcu.externaltools.arm-none.win32_1.17.0.201812190825/tools/compiler/bin/../lib/gcc/arm-none-eabi/7.3.1/../../../../arm-none-eabi/lib/thumb/v7e-m/fpv5/hard\libc_nano.a(lib_a-mlock.o)
                0x08009042                __malloc_unlock
 *(.glue_7)
 .glue_7        0x08009044        0x0 linker stubs
 *(.glue_7t)
 .glue_7t       0x08009044        0x0 linker stubs
 *(.eh_frame)
 .eh_frame      0x08009044        0x0 c:/ac6/systemworkbench/plugins/fr.ac6.mcu.externaltools.arm-none.win32_1.17.0.201812190825/tools/compiler/bin/../lib/gcc/arm-none-eabi/7.3.1/thumb/v7e-m/fpv5/hard/crtbegin.o
 *(.init)
 .init          0x08009044        0x4 c:/ac6/systemworkbench/plugins/fr.ac6.mcu.externaltools.arm-none.win32_1.17.0.201812190825/tools/compiler/bin/../lib/gcc/arm-none-eabi/7.3.1/thumb/v7e-m/fpv5/hard/crti.o
                0x08009044                _init
 .init          0x08009048        0x8 c:/ac6/systemworkbench/plugins/fr.ac6.mcu.externaltools.arm-none.win32_1.17.0.201812190825/tools/compiler/bin/../lib/gcc/arm-none-eabi/7.3.1/thumb/v7e-m/fpv5/hard/crtn.o
 *(.fini)
 .fini          0x08009050        0x4 c:/ac6/systemworkbench/plugins/fr.ac6.mcu.externaltools.arm-none.win32_1.17.0.201812190825/tools/compiler/bin/../lib/gcc/arm-none-eabi/7.3.1/thumb/v7e-m/fpv5/hard/crti.o
                0x08009050                _fini
 .fini          0x08009054        0x8 c:/ac6/systemworkbench/plugins/fr.ac6.mcu.externaltools.arm-none.win32_1.17.0.201812190825/tools/compiler/bin/../lib/gcc/arm-none-eabi/7.3.1/thumb/v7e-m/fpv5/hard/crtn.o
                0x0800905c                . = ALIGN (0x4)
                0x0800905c                _etext = .

.vfp11_veneer   0x0800905c        0x0
 .vfp11_veneer  0x0800905c        0x0 linker stubs

.v4_bx          0x0800905c        0x0
 .v4_bx         0x0800905c        0x0 linker stubs

.iplt           0x0800905c        0x0
 .iplt          0x0800905c        0x0 c:/ac6/systemworkbench/plugins/fr.ac6.mcu.externaltools.arm-none.win32_1.17.0.201812190825/tools/compiler/bin/../lib/gcc/arm-none-eabi/7.3.1/thumb/v7e-m/fpv5/hard/crtbegin.o

.rodata         0x0800905c       0xc4
                0x0800905c                . = ALIGN (0x4)
 *(.rodata)
 .rodata        0x0800905c       0x5c Drivers/STM32H7xx_HAL_Driver/Src/stm32h7xx_hal_fdcan.o
 .rodata        0x080090b8       0x10 Drivers/STM32H7xx_HAL_Driver/Src/stm32h7xx_hal_uart_ex.o
 .rodata        0x080090c8       0x10 Src/system_stm32h7xx.o
                0x080090c8                D1CorePrescTable
 *(.rodata*)
 .rodata.str1.4
                0x080090d8       0x48 Src/usbd_desc.o
                                 0x46 (size before relaxing)
                0x08009120                . = ALIGN (0x4)

.ARM.extab
 *(.ARM.extab* .gnu.linkonce.armextab.*)

.ARM            0x08009120        0x8
                0x08009120                __exidx_start = .
 *(.ARM.exidx*)
 .ARM.exidx     0x08009120        0x8 c:/ac6/systemworkbench/plugins/fr.ac6.mcu.externaltools.arm-none.win32_1.17.0.201812190825/tools/compiler/bin/../lib/gcc/arm-none-eabi/7.3.1/thumb/v7e-m/fpv5/hard\libgcc.a(_udivmoddi4.o)
                0x08009128                __exidx_end = .

.rel.dyn        0x08009128        0x0
 .rel.iplt      0x08009128        0x0 c:/ac6/systemworkbench/plugins/fr.ac6.mcu.externaltools.arm-none.win32_1.17.0.201812190825/tools/compiler/bin/../lib/gcc/arm-none-eabi/7.3.1/thumb/v7e-m/fpv5/hard/crtbegin.o

.preinit_array  0x08009128        0x0
                0x08009128                PROVIDE (__preinit_array_start = .)
 *(.preinit_array*)
                0x08009128                PROVIDE (__preinit_array_end = .)

.init_array     0x08009128        0x4
                0x08009128                PROVIDE (__init_array_start = .)
 *(SORT_BY_NAME(.init_array.*))
 *(.init_array*)
 .init_array    0x08009128        0x4 c:/ac6/systemworkbench/plugins/fr.ac6.mcu.externaltools.arm-none.win32_1.17.0.201812190825/tools/compiler/bin/../lib/gcc/arm-none-eabi/7.3.1/thumb/v7e-m/fpv5/hard/crtbegin.o
                0x0800912c                PROVIDE (__init_array_end = .)

.fini_array     0x0800912c        0x4
                [!provide]                PROVIDE (__fini_array_start = .)
 *(SORT_BY_NAME(.fini_array.*))
 *(.fini_array*)
 .fini_array    0x0800912c        0x4 c:/ac6/systemworkbench/plugins/fr.ac6.mcu.externaltools.arm-none.win32_1.17.0.201812190825/tools/compiler/bin/../lib/gcc/arm-none-eabi/7.3.1/thumb/v7e-m/fpv5/hard/crtbegin.o
                [!provide]                PROVIDE (__fini_array_end = .)
                0x08009130                _sidata = LOADADDR (.data)

.data           0x20000000      0x1e4 load address 0x08009130
                0x20000000                . = ALIGN (0x4)
                0x20000000                _sdata = .
 *(.data)
 .data          0x20000000        0x8 Drivers/STM32H7xx_HAL_Driver/Src/stm32h7xx_hal.o
                0x20000000                uwTickFreq
                0x20000004                uwTickPrio
 .data          0x20000008      0x110 Middlewares/ST/STM32_USB_Device_Library/Class/CDC/Src/usbd_cdc.o
                0x20000008                USBD_CDC_CfgFSDesc
                0x2000004c                USBD_CDC_CfgHSDesc
                0x20000090                USBD_CDC_OtherSpeedCfgDesc
                0x200000e0                USBD_CDC
 .data          0x20000118        0x8 Src/system_stm32h7xx.o
                0x20000118                SystemCoreClock
                0x2000011c                SystemD2Clock
 .data          0x20000120       0x10 Src/usbd_cdc_if.o
                0x20000120                USBD_Interface_fops_HS
 .data          0x20000130       0x50 Src/usbd_desc.o
                0x20000130                USBD_HS_DeviceDesc
                0x20000144                USBD_LangIDDesc
                0x20000148                USBD_StringSerial
                0x20000164                HS_Desc
 *(.data*)
 .data._impure_ptr
                0x20000180        0x4 c:/ac6/systemworkbench/plugins/fr.ac6.mcu.externaltools.arm-none.win32_1.17.0.201812190825/tools/compiler/bin/../lib/gcc/arm-none-eabi/7.3.1/../../../../arm-none-eabi/lib/thumb/v7e-m/fpv5/hard\libc_nano.a(lib_a-impure.o)
                0x20000180                _impure_ptr
 .data.impure_data
                0x20000184       0x60 c:/ac6/systemworkbench/plugins/fr.ac6.mcu.externaltools.arm-none.win32_1.17.0.201812190825/tools/compiler/bin/../lib/gcc/arm-none-eabi/7.3.1/../../../../arm-none-eabi/lib/thumb/v7e-m/fpv5/hard\libc_nano.a(lib_a-impure.o)
                0x200001e4                . = ALIGN (0x4)
                0x200001e4                _edata = .

.igot.plt       0x200001e4        0x0 load address 0x08009314
 .igot.plt      0x200001e4        0x0 c:/ac6/systemworkbench/plugins/fr.ac6.mcu.externaltools.arm-none.win32_1.17.0.201812190825/tools/compiler/bin/../lib/gcc/arm-none-eabi/7.3.1/thumb/v7e-m/fpv5/hard/crtbegin.o
                0x200001f0                . = ALIGN (0x10)

.bss            0x200001e4     0x1d8c load address 0x08009314
                0x200001e4                _sbss = .
                0x200001e4                __bss_start__ = _sbss
 *(.bss)
 .bss           0x200001e4       0x1c c:/ac6/systemworkbench/plugins/fr.ac6.mcu.externaltools.arm-none.win32_1.17.0.201812190825/tools/compiler/bin/../lib/gcc/arm-none-eabi/7.3.1/thumb/v7e-m/fpv5/hard/crtbegin.o
 .bss           0x20000200        0x1 Middlewares/ST/STM32_USB_Device_Library/Core/Src/usbd_ctlreq.o
 *fill*         0x20000201        0x3 
 .bss           0x20000204       0x14 Src/main.o
                0x20000204                ui16MessageTrigger
                0x20000206                ui16MessageTriggerFlag
                0x20000207                ui8ErrorTransmisionCAN1
                0x20000208                ui32CounterTransmisionErrorCAN1
                0x2000020c                ui8SetRequestToUsbCAN1
                0x20000210                ui32TimerValue
                0x20000214                ui32USBerrors
 .bss           0x20000218        0x4 Src/stm32h7xx_hal_msp.o
 .bss           0x2000021c        0x8 Src/syscalls.o
                0x20000220                __env
 *(.bss*)
 .bss.__malloc_free_list
                0x20000224        0x4 c:/ac6/systemworkbench/plugins/fr.ac6.mcu.externaltools.arm-none.win32_1.17.0.201812190825/tools/compiler/bin/../lib/gcc/arm-none-eabi/7.3.1/../../../../arm-none-eabi/lib/thumb/v7e-m/fpv5/hard\libc_nano.a(lib_a-nano-mallocr.o)
                0x20000224                __malloc_free_list
 .bss.__malloc_sbrk_start
                0x20000228        0x4 c:/ac6/systemworkbench/plugins/fr.ac6.mcu.externaltools.arm-none.win32_1.17.0.201812190825/tools/compiler/bin/../lib/gcc/arm-none-eabi/7.3.1/../../../../arm-none-eabi/lib/thumb/v7e-m/fpv5/hard\libc_nano.a(lib_a-nano-mallocr.o)
                0x20000228                __malloc_sbrk_start
 *(COMMON)
 COMMON         0x2000022c        0x4 Drivers/STM32H7xx_HAL_Driver/Src/stm32h7xx_hal.o
                0x2000022c                uwTick
 COMMON         0x20000230      0x3c4 Src/main.o
                0x20000230                hi2c1
                0x2000027c                sText
                0x200002e0                huart1
                0x2000036c                hrtc
                0x20000390                hfdcan1
                0x20000430                FixedTxData
                0x20000438                hspi1
                0x200004c0                RxData
                0x200004c8                htim2
                0x20000508                RxHeader
                0x20000530                hfdcan2
                0x200005d0                FixedTxHeader
 COMMON         0x200005f4       0x40 Src/stm32h7xx_hal_timebase_tim.o
                0x200005f4                htim1
 COMMON         0x20000634      0x2c4 Src/usb_device.o
                0x20000634                hUsbDeviceHS
 COMMON         0x200008f8     0x1064 Src/usbd_cdc_if.o
                0x200008f8                UserRxBufferHS
                0x200010f8                au8CommandBuffer
                0x2000115c                UserTxBufferHS
 COMMON         0x2000195c      0x408 Src/usbd_conf.o
                0x2000195c                hpcd_USB_OTG_HS
 COMMON         0x20001d64      0x200 Src/usbd_desc.o
                0x20001d64                USBD_StrDesc
 COMMON         0x20001f64        0x4 c:/ac6/systemworkbench/plugins/fr.ac6.mcu.externaltools.arm-none.win32_1.17.0.201812190825/tools/compiler/bin/../lib/gcc/arm-none-eabi/7.3.1/../../../../arm-none-eabi/lib/thumb/v7e-m/fpv5/hard\libc_nano.a(lib_a-reent.o)
                0x20001f64                errno
                0x20001f70                . = ALIGN (0x10)
 *fill*         0x20001f68        0x8 
                0x20001f70                _ebss = .
                0x20001f70                __bss_end__ = _ebss

._user_heap_stack
                0x20001f70      0x600 load address 0x08009314
                0x20001f70                . = ALIGN (0x10)
                0x20001f70                PROVIDE (end = .)
                [!provide]                PROVIDE (_end = .)
                0x20002170                . = (. + _Min_Heap_Size)
 *fill*         0x20001f70      0x200 
                0x20002570                . = (. + _Min_Stack_Size)
 *fill*         0x20002170      0x400 
                0x20002570                . = ALIGN (0x10)

/DISCARD/
 libc.a(*)
 libm.a(*)
 libgcc.a(*)

.ARM.attributes
                0x00000000       0x2e
 *(.ARM.attributes)
 .ARM.attributes
                0x00000000       0x20 c:/ac6/systemworkbench/plugins/fr.ac6.mcu.externaltools.arm-none.win32_1.17.0.201812190825/tools/compiler/bin/../lib/gcc/arm-none-eabi/7.3.1/thumb/v7e-m/fpv5/hard/crti.o
 .ARM.attributes
                0x00000020       0x32 c:/ac6/systemworkbench/plugins/fr.ac6.mcu.externaltools.arm-none.win32_1.17.0.201812190825/tools/compiler/bin/../lib/gcc/arm-none-eabi/7.3.1/thumb/v7e-m/fpv5/hard/crtbegin.o
 .ARM.attributes
                0x00000052       0x37 Drivers/STM32H7xx_HAL_Driver/Src/stm32h7xx_hal.o
 .ARM.attributes
                0x00000089       0x37 Drivers/STM32H7xx_HAL_Driver/Src/stm32h7xx_hal_cortex.o
 .ARM.attributes
                0x000000c0       0x37 Drivers/STM32H7xx_HAL_Driver/Src/stm32h7xx_hal_fdcan.o
 .ARM.attributes
                0x000000f7       0x37 Drivers/STM32H7xx_HAL_Driver/Src/stm32h7xx_hal_gpio.o
 .ARM.attributes
                0x0000012e       0x37 Drivers/STM32H7xx_HAL_Driver/Src/stm32h7xx_hal_i2c.o
 .ARM.attributes
                0x00000165       0x37 Drivers/STM32H7xx_HAL_Driver/Src/stm32h7xx_hal_i2c_ex.o
 .ARM.attributes
                0x0000019c       0x37 Drivers/STM32H7xx_HAL_Driver/Src/stm32h7xx_hal_pcd.o
 .ARM.attributes
                0x000001d3       0x37 Drivers/STM32H7xx_HAL_Driver/Src/stm32h7xx_hal_pcd_ex.o
 .ARM.attributes
                0x0000020a       0x37 Drivers/STM32H7xx_HAL_Driver/Src/stm32h7xx_hal_pwr_ex.o
 .ARM.attributes
                0x00000241       0x37 Drivers/STM32H7xx_HAL_Driver/Src/stm32h7xx_hal_rcc.o
 .ARM.attributes
                0x00000278       0x37 Drivers/STM32H7xx_HAL_Driver/Src/stm32h7xx_hal_rcc_ex.o
 .ARM.attributes
                0x000002af       0x37 Drivers/STM32H7xx_HAL_Driver/Src/stm32h7xx_hal_rtc.o
 .ARM.attributes
                0x000002e6       0x37 Drivers/STM32H7xx_HAL_Driver/Src/stm32h7xx_hal_spi.o
 .ARM.attributes
                0x0000031d       0x37 Drivers/STM32H7xx_HAL_Driver/Src/stm32h7xx_hal_tim.o
 .ARM.attributes
                0x00000354       0x37 Drivers/STM32H7xx_HAL_Driver/Src/stm32h7xx_hal_tim_ex.o
 .ARM.attributes
                0x0000038b       0x37 Drivers/STM32H7xx_HAL_Driver/Src/stm32h7xx_hal_uart.o
 .ARM.attributes
                0x000003c2       0x37 Drivers/STM32H7xx_HAL_Driver/Src/stm32h7xx_hal_uart_ex.o
 .ARM.attributes
                0x000003f9       0x37 Drivers/STM32H7xx_HAL_Driver/Src/stm32h7xx_ll_usb.o
 .ARM.attributes
                0x00000430       0x37 Middlewares/ST/STM32_USB_Device_Library/Class/CDC/Src/usbd_cdc.o
 .ARM.attributes
                0x00000467       0x37 Middlewares/ST/STM32_USB_Device_Library/Core/Src/usbd_core.o
 .ARM.attributes
                0x0000049e       0x37 Middlewares/ST/STM32_USB_Device_Library/Core/Src/usbd_ctlreq.o
 .ARM.attributes
                0x000004d5       0x37 Middlewares/ST/STM32_USB_Device_Library/Core/Src/usbd_ioreq.o
 .ARM.attributes
                0x0000050c       0x37 Src/main.o
 .ARM.attributes
                0x00000543       0x37 Src/stm32h7xx_hal_msp.o
 .ARM.attributes
                0x0000057a       0x37 Src/stm32h7xx_hal_timebase_tim.o
 .ARM.attributes
                0x000005b1       0x37 Src/stm32h7xx_it.o
 .ARM.attributes
                0x000005e8       0x37 Src/syscalls.o
 .ARM.attributes
                0x0000061f       0x37 Src/system_stm32h7xx.o
 .ARM.attributes
                0x00000656       0x37 Src/usb_device.o
 .ARM.attributes
                0x0000068d       0x37 Src/usbd_cdc_if.o
 .ARM.attributes
                0x000006c4       0x37 Src/usbd_conf.o
 .ARM.attributes
                0x000006fb       0x37 Src/usbd_desc.o
 .ARM.attributes
                0x00000732       0x21 startup/startup_stm32h750xx.o
 .ARM.attributes
                0x00000753       0x20 c:/ac6/systemworkbench/plugins/fr.ac6.mcu.externaltools.arm-none.win32_1.17.0.201812190825/tools/compiler/bin/../lib/gcc/arm-none-eabi/7.3.1/thumb/v7e-m/fpv5/hard\libgcc.a(_aeabi_uldivmod.o)
 .ARM.attributes
                0x00000773       0x32 c:/ac6/systemworkbench/plugins/fr.ac6.mcu.externaltools.arm-none.win32_1.17.0.201812190825/tools/compiler/bin/../lib/gcc/arm-none-eabi/7.3.1/thumb/v7e-m/fpv5/hard\libgcc.a(_udivmoddi4.o)
 .ARM.attributes
                0x000007a5       0x20 c:/ac6/systemworkbench/plugins/fr.ac6.mcu.externaltools.arm-none.win32_1.17.0.201812190825/tools/compiler/bin/../lib/gcc/arm-none-eabi/7.3.1/thumb/v7e-m/fpv5/hard\libgcc.a(_dvmd_tls.o)
 .ARM.attributes
                0x000007c5       0x32 c:/ac6/systemworkbench/plugins/fr.ac6.mcu.externaltools.arm-none.win32_1.17.0.201812190825/tools/compiler/bin/../lib/gcc/arm-none-eabi/7.3.1/../../../../arm-none-eabi/lib/thumb/v7e-m/fpv5/hard\libc_nano.a(lib_a-errno.o)
 .ARM.attributes
                0x000007f7       0x32 c:/ac6/systemworkbench/plugins/fr.ac6.mcu.externaltools.arm-none.win32_1.17.0.201812190825/tools/compiler/bin/../lib/gcc/arm-none-eabi/7.3.1/../../../../arm-none-eabi/lib/thumb/v7e-m/fpv5/hard\libc_nano.a(lib_a-impure.o)
 .ARM.attributes
                0x00000829       0x32 c:/ac6/systemworkbench/plugins/fr.ac6.mcu.externaltools.arm-none.win32_1.17.0.201812190825/tools/compiler/bin/../lib/gcc/arm-none-eabi/7.3.1/../../../../arm-none-eabi/lib/thumb/v7e-m/fpv5/hard\libc_nano.a(lib_a-init.o)
 .ARM.attributes
                0x0000085b       0x32 c:/ac6/systemworkbench/plugins/fr.ac6.mcu.externaltools.arm-none.win32_1.17.0.201812190825/tools/compiler/bin/../lib/gcc/arm-none-eabi/7.3.1/../../../../arm-none-eabi/lib/thumb/v7e-m/fpv5/hard\libc_nano.a(lib_a-malloc.o)
 .ARM.attributes
                0x0000088d       0x32 c:/ac6/systemworkbench/plugins/fr.ac6.mcu.externaltools.arm-none.win32_1.17.0.201812190825/tools/compiler/bin/../lib/gcc/arm-none-eabi/7.3.1/../../../../arm-none-eabi/lib/thumb/v7e-m/fpv5/hard\libc_nano.a(lib_a-memcpy-stub.o)
 .ARM.attributes
                0x000008bf       0x32 c:/ac6/systemworkbench/plugins/fr.ac6.mcu.externaltools.arm-none.win32_1.17.0.201812190825/tools/compiler/bin/../lib/gcc/arm-none-eabi/7.3.1/../../../../arm-none-eabi/lib/thumb/v7e-m/fpv5/hard\libc_nano.a(lib_a-memset.o)
 .ARM.attributes
                0x000008f1       0x32 c:/ac6/systemworkbench/plugins/fr.ac6.mcu.externaltools.arm-none.win32_1.17.0.201812190825/tools/compiler/bin/../lib/gcc/arm-none-eabi/7.3.1/../../../../arm-none-eabi/lib/thumb/v7e-m/fpv5/hard\libc_nano.a(lib_a-nano-freer.o)
 .ARM.attributes
                0x00000923       0x32 c:/ac6/systemworkbench/plugins/fr.ac6.mcu.externaltools.arm-none.win32_1.17.0.201812190825/tools/compiler/bin/../lib/gcc/arm-none-eabi/7.3.1/../../../../arm-none-eabi/lib/thumb/v7e-m/fpv5/hard\libc_nano.a(lib_a-nano-mallocr.o)
 .ARM.attributes
                0x00000955       0x32 c:/ac6/systemworkbench/plugins/fr.ac6.mcu.externaltools.arm-none.win32_1.17.0.201812190825/tools/compiler/bin/../lib/gcc/arm-none-eabi/7.3.1/../../../../arm-none-eabi/lib/thumb/v7e-m/fpv5/hard\libc_nano.a(lib_a-sbrkr.o)
 .ARM.attributes
                0x00000987       0x32 c:/ac6/systemworkbench/plugins/fr.ac6.mcu.externaltools.arm-none.win32_1.17.0.201812190825/tools/compiler/bin/../lib/gcc/arm-none-eabi/7.3.1/../../../../arm-none-eabi/lib/thumb/v7e-m/fpv5/hard\libc_nano.a(lib_a-mlock.o)
 .ARM.attributes
                0x000009b9       0x32 c:/ac6/systemworkbench/plugins/fr.ac6.mcu.externaltools.arm-none.win32_1.17.0.201812190825/tools/compiler/bin/../lib/gcc/arm-none-eabi/7.3.1/../../../../arm-none-eabi/lib/thumb/v7e-m/fpv5/hard\libc_nano.a(lib_a-reent.o)
 .ARM.attributes
                0x000009eb       0x20 c:/ac6/systemworkbench/plugins/fr.ac6.mcu.externaltools.arm-none.win32_1.17.0.201812190825/tools/compiler/bin/../lib/gcc/arm-none-eabi/7.3.1/thumb/v7e-m/fpv5/hard/crtn.o
OUTPUT(Firmware.elf elf32-littlearm)

.debug_info     0x00000000    0x4069e
 .debug_info    0x00000000     0x1ed6 Drivers/STM32H7xx_HAL_Driver/Src/stm32h7xx_hal.o
 .debug_info    0x00001ed6     0x1bea Drivers/STM32H7xx_HAL_Driver/Src/stm32h7xx_hal_cortex.o
 .debug_info    0x00003ac0     0x371a Drivers/STM32H7xx_HAL_Driver/Src/stm32h7xx_hal_fdcan.o
 .debug_info    0x000071da     0x165d Drivers/STM32H7xx_HAL_Driver/Src/stm32h7xx_hal_gpio.o
 .debug_info    0x00008837     0x43e3 Drivers/STM32H7xx_HAL_Driver/Src/stm32h7xx_hal_i2c.o
 .debug_info    0x0000cc1a     0x172d Drivers/STM32H7xx_HAL_Driver/Src/stm32h7xx_hal_i2c_ex.o
 .debug_info    0x0000e347     0x218f Drivers/STM32H7xx_HAL_Driver/Src/stm32h7xx_hal_pcd.o
 .debug_info    0x000104d6     0x1342 Drivers/STM32H7xx_HAL_Driver/Src/stm32h7xx_hal_pcd_ex.o
 .debug_info    0x00011818     0x1833 Drivers/STM32H7xx_HAL_Driver/Src/stm32h7xx_hal_pwr_ex.o
 .debug_info    0x0001304b     0x1a2e Drivers/STM32H7xx_HAL_Driver/Src/stm32h7xx_hal_rcc.o
 .debug_info    0x00014a79     0x1f34 Drivers/STM32H7xx_HAL_Driver/Src/stm32h7xx_hal_rcc_ex.o
 .debug_info    0x000169ad     0x1a59 Drivers/STM32H7xx_HAL_Driver/Src/stm32h7xx_hal_rtc.o
 .debug_info    0x00018406     0x2247 Drivers/STM32H7xx_HAL_Driver/Src/stm32h7xx_hal_spi.o
 .debug_info    0x0001a64d     0x3e1a Drivers/STM32H7xx_HAL_Driver/Src/stm32h7xx_hal_tim.o
 .debug_info    0x0001e467     0x20bd Drivers/STM32H7xx_HAL_Driver/Src/stm32h7xx_hal_tim_ex.o
 .debug_info    0x00020524     0x2b81 Drivers/STM32H7xx_HAL_Driver/Src/stm32h7xx_hal_uart.o
 .debug_info    0x000230a5     0x15bf Drivers/STM32H7xx_HAL_Driver/Src/stm32h7xx_hal_uart_ex.o
 .debug_info    0x00024664     0x251d Drivers/STM32H7xx_HAL_Driver/Src/stm32h7xx_ll_usb.o
 .debug_info    0x00026b81     0x1d96 Middlewares/ST/STM32_USB_Device_Library/Class/CDC/Src/usbd_cdc.o
 .debug_info    0x00028917     0x17e1 Middlewares/ST/STM32_USB_Device_Library/Core/Src/usbd_core.o
 .debug_info    0x0002a0f8     0x1b06 Middlewares/ST/STM32_USB_Device_Library/Core/Src/usbd_ctlreq.o
 .debug_info    0x0002bbfe     0x12b1 Middlewares/ST/STM32_USB_Device_Library/Core/Src/usbd_ioreq.o
 .debug_info    0x0002ceaf     0x4786 Src/main.o
 .debug_info    0x00031635     0x32e2 Src/stm32h7xx_hal_msp.o
 .debug_info    0x00034917     0x1973 Src/stm32h7xx_hal_timebase_tim.o
 .debug_info    0x0003628a     0x1e7b Src/stm32h7xx_it.o
 .debug_info    0x00038105      0xfd3 Src/syscalls.o
 .debug_info    0x000390d8     0x133a Src/system_stm32h7xx.o
 .debug_info    0x0003a412     0x11d5 Src/usb_device.o
 .debug_info    0x0003b5e7     0x13a4 Src/usbd_cdc_if.o
 .debug_info    0x0003c98b     0x2c16 Src/usbd_conf.o
 .debug_info    0x0003f5a1     0x10db Src/usbd_desc.o
 .debug_info    0x0004067c       0x22 startup/startup_stm32h750xx.o

.debug_abbrev   0x00000000     0x607b
 .debug_abbrev  0x00000000      0x31f Drivers/STM32H7xx_HAL_Driver/Src/stm32h7xx_hal.o
 .debug_abbrev  0x0000031f      0x40a Drivers/STM32H7xx_HAL_Driver/Src/stm32h7xx_hal_cortex.o
 .debug_abbrev  0x00000729      0x357 Drivers/STM32H7xx_HAL_Driver/Src/stm32h7xx_hal_fdcan.o
 .debug_abbrev  0x00000a80      0x2f4 Drivers/STM32H7xx_HAL_Driver/Src/stm32h7xx_hal_gpio.o
 .debug_abbrev  0x00000d74      0x317 Drivers/STM32H7xx_HAL_Driver/Src/stm32h7xx_hal_i2c.o
 .debug_abbrev  0x0000108b      0x28f Drivers/STM32H7xx_HAL_Driver/Src/stm32h7xx_hal_i2c_ex.o
 .debug_abbrev  0x0000131a      0x34b Drivers/STM32H7xx_HAL_Driver/Src/stm32h7xx_hal_pcd.o
 .debug_abbrev  0x00001665      0x32b Drivers/STM32H7xx_HAL_Driver/Src/stm32h7xx_hal_pcd_ex.o
 .debug_abbrev  0x00001990      0x381 Drivers/STM32H7xx_HAL_Driver/Src/stm32h7xx_hal_pwr_ex.o
 .debug_abbrev  0x00001d11      0x310 Drivers/STM32H7xx_HAL_Driver/Src/stm32h7xx_hal_rcc.o
 .debug_abbrev  0x00002021      0x327 Drivers/STM32H7xx_HAL_Driver/Src/stm32h7xx_hal_rcc_ex.o
 .debug_abbrev  0x00002348      0x2d9 Drivers/STM32H7xx_HAL_Driver/Src/stm32h7xx_hal_rtc.o
 .debug_abbrev  0x00002621      0x31f Drivers/STM32H7xx_HAL_Driver/Src/stm32h7xx_hal_spi.o
 .debug_abbrev  0x00002940      0x2eb Drivers/STM32H7xx_HAL_Driver/Src/stm32h7xx_hal_tim.o
 .debug_abbrev  0x00002c2b      0x2fc Drivers/STM32H7xx_HAL_Driver/Src/stm32h7xx_hal_tim_ex.o
 .debug_abbrev  0x00002f27      0x31f Drivers/STM32H7xx_HAL_Driver/Src/stm32h7xx_hal_uart.o
 .debug_abbrev  0x00003246      0x2eb Drivers/STM32H7xx_HAL_Driver/Src/stm32h7xx_hal_uart_ex.o
 .debug_abbrev  0x00003531      0x36e Drivers/STM32H7xx_HAL_Driver/Src/stm32h7xx_ll_usb.o
 .debug_abbrev  0x0000389f      0x35e Middlewares/ST/STM32_USB_Device_Library/Class/CDC/Src/usbd_cdc.o
 .debug_abbrev  0x00003bfd      0x2d1 Middlewares/ST/STM32_USB_Device_Library/Core/Src/usbd_core.o
 .debug_abbrev  0x00003ece      0x34e Middlewares/ST/STM32_USB_Device_Library/Core/Src/usbd_ctlreq.o
 .debug_abbrev  0x0000421c      0x23a Middlewares/ST/STM32_USB_Device_Library/Core/Src/usbd_ioreq.o
 .debug_abbrev  0x00004456      0x3d0 Src/main.o
 .debug_abbrev  0x00004826      0x2cd Src/stm32h7xx_hal_msp.o
 .debug_abbrev  0x00004af3      0x2b9 Src/stm32h7xx_hal_timebase_tim.o
 .debug_abbrev  0x00004dac      0x260 Src/stm32h7xx_it.o
 .debug_abbrev  0x0000500c      0x2d4 Src/syscalls.o
 .debug_abbrev  0x000052e0      0x248 Src/system_stm32h7xx.o
 .debug_abbrev  0x00005528      0x252 Src/usb_device.o
 .debug_abbrev  0x0000577a      0x2e5 Src/usbd_cdc_if.o
 .debug_abbrev  0x00005a5f      0x309 Src/usbd_conf.o
 .debug_abbrev  0x00005d68      0x301 Src/usbd_desc.o
 .debug_abbrev  0x00006069       0x12 startup/startup_stm32h750xx.o

.debug_loc      0x00000000    0x1a57a
 .debug_loc     0x00000000      0x400 Drivers/STM32H7xx_HAL_Driver/Src/stm32h7xx_hal.o
 .debug_loc     0x00000400      0x5ac Drivers/STM32H7xx_HAL_Driver/Src/stm32h7xx_hal_cortex.o
 .debug_loc     0x000009ac     0x2f6d Drivers/STM32H7xx_HAL_Driver/Src/stm32h7xx_hal_fdcan.o
 .debug_loc     0x00003919      0x351 Drivers/STM32H7xx_HAL_Driver/Src/stm32h7xx_hal_gpio.o
 .debug_loc     0x00003c6a     0x478a Drivers/STM32H7xx_HAL_Driver/Src/stm32h7xx_hal_i2c.o
 .debug_loc     0x000083f4      0x204 Drivers/STM32H7xx_HAL_Driver/Src/stm32h7xx_hal_i2c_ex.o
 .debug_loc     0x000085f8      0xfda Drivers/STM32H7xx_HAL_Driver/Src/stm32h7xx_hal_pcd.o
 .debug_loc     0x000095d2      0x19c Drivers/STM32H7xx_HAL_Driver/Src/stm32h7xx_hal_pcd_ex.o
 .debug_loc     0x0000976e      0x2ba Drivers/STM32H7xx_HAL_Driver/Src/stm32h7xx_hal_pwr_ex.o
 .debug_loc     0x00009a28      0x596 Drivers/STM32H7xx_HAL_Driver/Src/stm32h7xx_hal_rcc.o
 .debug_loc     0x00009fbe     0x13e6 Drivers/STM32H7xx_HAL_Driver/Src/stm32h7xx_hal_rcc_ex.o
 .debug_loc     0x0000b3a4      0xa8d Drivers/STM32H7xx_HAL_Driver/Src/stm32h7xx_hal_rtc.o
 .debug_loc     0x0000be31     0x1857 Drivers/STM32H7xx_HAL_Driver/Src/stm32h7xx_hal_spi.o
 .debug_loc     0x0000d688     0x3c64 Drivers/STM32H7xx_HAL_Driver/Src/stm32h7xx_hal_tim.o
 .debug_loc     0x000112ec     0x197f Drivers/STM32H7xx_HAL_Driver/Src/stm32h7xx_hal_tim_ex.o
 .debug_loc     0x00012c6b     0x1de8 Drivers/STM32H7xx_HAL_Driver/Src/stm32h7xx_hal_uart.o
 .debug_loc     0x00014a53      0x4bb Drivers/STM32H7xx_HAL_Driver/Src/stm32h7xx_hal_uart_ex.o
 .debug_loc     0x00014f0e     0x1dd0 Drivers/STM32H7xx_HAL_Driver/Src/stm32h7xx_ll_usb.o
 .debug_loc     0x00016cde      0x729 Middlewares/ST/STM32_USB_Device_Library/Class/CDC/Src/usbd_cdc.o
 .debug_loc     0x00017407      0x72a Middlewares/ST/STM32_USB_Device_Library/Core/Src/usbd_core.o
 .debug_loc     0x00017b31     0x105b Middlewares/ST/STM32_USB_Device_Library/Core/Src/usbd_ctlreq.o
 .debug_loc     0x00018b8c      0x23c Middlewares/ST/STM32_USB_Device_Library/Core/Src/usbd_ioreq.o
 .debug_loc     0x00018dc8      0x1b5 Src/main.o
 .debug_loc     0x00018f7d      0x20d Src/stm32h7xx_hal_msp.o
 .debug_loc     0x0001918a       0x79 Src/stm32h7xx_hal_timebase_tim.o
 .debug_loc     0x00019203      0x3af Src/syscalls.o
 .debug_loc     0x000195b2      0x10c Src/system_stm32h7xx.o
 .debug_loc     0x000196be      0x108 Src/usbd_cdc_if.o
 .debug_loc     0x000197c6      0xaa6 Src/usbd_conf.o
 .debug_loc     0x0001a26c      0x30e Src/usbd_desc.o

.debug_aranges  0x00000000     0x1f80
 .debug_aranges
                0x00000000      0x1b8 Drivers/STM32H7xx_HAL_Driver/Src/stm32h7xx_hal.o
 .debug_aranges
                0x000001b8       0xb0 Drivers/STM32H7xx_HAL_Driver/Src/stm32h7xx_hal_cortex.o
 .debug_aranges
                0x00000268      0x338 Drivers/STM32H7xx_HAL_Driver/Src/stm32h7xx_hal_fdcan.o
 .debug_aranges
                0x000005a0       0x58 Drivers/STM32H7xx_HAL_Driver/Src/stm32h7xx_hal_gpio.o
 .debug_aranges
                0x000005f8      0x288 Drivers/STM32H7xx_HAL_Driver/Src/stm32h7xx_hal_i2c.o
 .debug_aranges
                0x00000880       0x48 Drivers/STM32H7xx_HAL_Driver/Src/stm32h7xx_hal_i2c_ex.o
 .debug_aranges
                0x000008c8      0x130 Drivers/STM32H7xx_HAL_Driver/Src/stm32h7xx_hal_pcd.o
 .debug_aranges
                0x000009f8       0x60 Drivers/STM32H7xx_HAL_Driver/Src/stm32h7xx_hal_pcd_ex.o
 .debug_aranges
                0x00000a58      0x158 Drivers/STM32H7xx_HAL_Driver/Src/stm32h7xx_hal_pwr_ex.o
 .debug_aranges
                0x00000bb0       0x88 Drivers/STM32H7xx_HAL_Driver/Src/stm32h7xx_hal_rcc.o
 .debug_aranges
                0x00000c38       0xe0 Drivers/STM32H7xx_HAL_Driver/Src/stm32h7xx_hal_rcc_ex.o
 .debug_aranges
                0x00000d18       0xb8 Drivers/STM32H7xx_HAL_Driver/Src/stm32h7xx_hal_rtc.o
 .debug_aranges
                0x00000dd0      0x1a0 Drivers/STM32H7xx_HAL_Driver/Src/stm32h7xx_hal_spi.o
 .debug_aranges
                0x00000f70      0x3c8 Drivers/STM32H7xx_HAL_Driver/Src/stm32h7xx_hal_tim.o
 .debug_aranges
                0x00001338      0x170 Drivers/STM32H7xx_HAL_Driver/Src/stm32h7xx_hal_tim_ex.o
 .debug_aranges
                0x000014a8      0x230 Drivers/STM32H7xx_HAL_Driver/Src/stm32h7xx_hal_uart.o
 .debug_aranges
                0x000016d8       0x88 Drivers/STM32H7xx_HAL_Driver/Src/stm32h7xx_hal_uart_ex.o
 .debug_aranges
                0x00001760      0x198 Drivers/STM32H7xx_HAL_Driver/Src/stm32h7xx_ll_usb.o
 .debug_aranges
                0x000018f8       0x90 Middlewares/ST/STM32_USB_Device_Library/Class/CDC/Src/usbd_cdc.o
 .debug_aranges
                0x00001988       0xb8 Middlewares/ST/STM32_USB_Device_Library/Core/Src/usbd_core.o
 .debug_aranges
                0x00001a40       0x88 Middlewares/ST/STM32_USB_Device_Library/Core/Src/usbd_ctlreq.o
 .debug_aranges
                0x00001ac8       0x50 Middlewares/ST/STM32_USB_Device_Library/Core/Src/usbd_ioreq.o
 .debug_aranges
                0x00001b18       0x80 Src/main.o
 .debug_aranges
                0x00001b98       0x80 Src/stm32h7xx_hal_msp.o
 .debug_aranges
                0x00001c18       0x30 Src/stm32h7xx_hal_timebase_tim.o
 .debug_aranges
                0x00001c48       0x78 Src/stm32h7xx_it.o
 .debug_aranges
                0x00001cc0       0xb0 Src/syscalls.o
 .debug_aranges
                0x00001d70       0x28 Src/system_stm32h7xx.o
 .debug_aranges
                0x00001d98       0x20 Src/usb_device.o
 .debug_aranges
                0x00001db8       0x40 Src/usbd_cdc_if.o
 .debug_aranges
                0x00001df8      0x100 Src/usbd_conf.o
 .debug_aranges
                0x00001ef8       0x60 Src/usbd_desc.o
 .debug_aranges
                0x00001f58       0x28 startup/startup_stm32h750xx.o

.debug_ranges   0x00000000     0x1e40