stm32h7xx_hal_ospi.c:342:19:HAL_OSPI_Init	32	static
stm32h7xx_hal_ospi.c:475:13:HAL_OSPI_MspInit	16	static
stm32h7xx_hal_ospi.c:490:19:HAL_OSPI_DeInit	24	static
stm32h7xx_hal_ospi.c:533:13:HAL_OSPI_MspDeInit	16	static
stm32h7xx_hal_ospi.c:573:6:HAL_OSPI_IRQHandler	32	static
stm32h7xx_hal_ospi.c:804:19:HAL_OSPI_Command	48	static
stm32h7xx_hal_ospi.c:936:19:HAL_OSPI_Command_IT	32	static
stm32h7xx_hal_ospi.c:1026:19:HAL_OSPI_HyperbusCfg	48	static
stm32h7xx_hal_ospi.c:1073:19:HAL_OSPI_HyperbusCmd	40	static
stm32h7xx_hal_ospi.c:1135:19:HAL_OSPI_Transmit	48	static
stm32h7xx_hal_ospi.c:1209:19:HAL_OSPI_Receive	56	static
stm32h7xx_hal_ospi.c:1301:19:HAL_OSPI_Transmit_IT	24	static
stm32h7xx_hal_ospi.c:1351:19:HAL_OSPI_Receive_IT	32	static
stm32h7xx_hal_ospi.c:1424:19:HAL_OSPI_Transmit_DMA	40	static
stm32h7xx_hal_ospi.c:1525:19:HAL_OSPI_Receive_DMA	48	static
stm32h7xx_hal_ospi.c:1642:19:HAL_OSPI_AutoPolling	48	static
stm32h7xx_hal_ospi.c:1720:19:HAL_OSPI_AutoPolling_IT	40	static
stm32h7xx_hal_ospi.c:1795:19:HAL_OSPI_MemoryMapped	32	static
stm32h7xx_hal_ospi.c:1848:13:HAL_OSPI_ErrorCallback	16	static
stm32h7xx_hal_ospi.c:1863:13:HAL_OSPI_AbortCpltCallback	16	static
stm32h7xx_hal_ospi.c:1878:13:HAL_OSPI_FifoThresholdCallback	16	static
stm32h7xx_hal_ospi.c:1893:13:HAL_OSPI_CmdCpltCallback	16	static
stm32h7xx_hal_ospi.c:1908:13:HAL_OSPI_RxCpltCallback	16	static
stm32h7xx_hal_ospi.c:1923:14:HAL_OSPI_TxCpltCallback	16	static
stm32h7xx_hal_ospi.c:1938:13:HAL_OSPI_RxHalfCpltCallback	16	static
stm32h7xx_hal_ospi.c:1953:13:HAL_OSPI_TxHalfCpltCallback	16	static
stm32h7xx_hal_ospi.c:1968:13:HAL_OSPI_StatusMatchCallback	16	static
stm32h7xx_hal_ospi.c:1983:13:HAL_OSPI_TimeOutCallback	16	static
stm32h7xx_hal_ospi.c:2234:19:HAL_OSPI_Abort	40	static
stm32h7xx_hal_ospi.c:2302:19:HAL_OSPI_Abort_IT	24	static
stm32h7xx_hal_ospi.c:2380:19:HAL_OSPI_SetFifoThreshold	24	static
stm32h7xx_hal_ospi.c:2408:10:HAL_OSPI_GetFifoThreshold	16	static
stm32h7xx_hal_ospi.c:2418:19:HAL_OSPI_SetTimeout	16	static
stm32h7xx_hal_ospi.c:2429:10:HAL_OSPI_GetError	16	static
stm32h7xx_hal_ospi.c:2439:10:HAL_OSPI_GetState	16	static
stm32h7xx_hal_ospi.c:2471:19:HAL_OSPIM_Config	88	static
stm32h7xx_hal_ospi.c:2723:13:OSPI_DMACplt	24	static
stm32h7xx_hal_ospi.c:2743:13:OSPI_DMAError	24	static
stm32h7xx_hal_ospi.c:2775:13:OSPI_DMAAbortCplt	24	static
stm32h7xx_hal_ospi.c:2832:26:OSPI_WaitFlagStateUntilTimeout	24	static
stm32h7xx_hal_ospi.c:2859:26:OSPI_ConfigCmd	40	static
stm32h7xx_hal_ospi.c:3040:26:OSPIM_GetConfig	32	static
